Archive member included to satisfy reference by file (symbol)

/home/evandro/Develop/libopencm3/lib//libopencm3_stm32f4.a(dma_common_f24.o)
                              serial.o (dma_stream_reset)
/home/evandro/Develop/libopencm3/lib//libopencm3_stm32f4.a(exti_common_all.o)
                              msxmap.o (exti_set_trigger)
/home/evandro/Develop/libopencm3/lib//libopencm3_stm32f4.a(flash.o)
                              dbasemgt.o (flash_wait_for_last_operation)
/home/evandro/Develop/libopencm3/lib//libopencm3_stm32f4.a(flash_common_f.o)
                              dbasemgt.o (flash_lock)
/home/evandro/Develop/libopencm3/lib//libopencm3_stm32f4.a(flash_common_f24.o)
                              /home/evandro/Develop/libopencm3/lib//libopencm3_stm32f4.a(flash.o) (flash_clear_pgaerr_flag)
/home/evandro/Develop/libopencm3/lib//libopencm3_stm32f4.a(gpio_common_all.o)
                              msxmap.o (gpio_set)
/home/evandro/Develop/libopencm3/lib//libopencm3_stm32f4.a(gpio_common_f0234.o)
                              msxmap.o (gpio_mode_setup)
/home/evandro/Develop/libopencm3/lib//libopencm3_stm32f4.a(iwdg_common_all.o)
                              ps2-msx-kb-conv.o (iwdg_start)
/home/evandro/Develop/libopencm3/lib//libopencm3_stm32f4.a(rcc_common_all.o)
                              cdcacm.o (rcc_periph_clock_enable)
/home/evandro/Develop/libopencm3/lib//libopencm3_stm32f4.a(rcc.o)
                              ps2-msx-kb-conv.o (rcc_clock_setup_pll)
/home/evandro/Develop/libopencm3/lib//libopencm3_stm32f4.a(timer_common_all.o)
                              hr_timer.o (timer_enable_irq)
/home/evandro/Develop/libopencm3/lib//libopencm3_stm32f4.a(usart_common_all.o)
                              serial.o (usart_set_baudrate)
/home/evandro/Develop/libopencm3/lib//libopencm3_stm32f4.a(usart_common_f124.o)
                              /home/evandro/Develop/libopencm3/lib//libopencm3_stm32f4.a(usart_common_all.o) (usart_send)
/home/evandro/Develop/libopencm3/lib//libopencm3_stm32f4.a(usb.o)
                              cdcacm.o (usbd_init)
/home/evandro/Develop/libopencm3/lib//libopencm3_stm32f4.a(usb_standard.o)
                              cdcacm.o (usbd_register_set_config_callback)
/home/evandro/Develop/libopencm3/lib//libopencm3_stm32f4.a(usb_control.o)
                              cdcacm.o (usbd_register_control_callback)
/home/evandro/Develop/libopencm3/lib//libopencm3_stm32f4.a(usb_f107.o)
                              cdcacm.o (stm32f107_usb_driver)
/home/evandro/Develop/libopencm3/lib//libopencm3_stm32f4.a(vector.o)
                              (reset_handler)
/home/evandro/Develop/libopencm3/lib//libopencm3_stm32f4.a(systick.o)
                              sys_timer.o (systick_set_reload)
/home/evandro/Develop/libopencm3/lib//libopencm3_stm32f4.a(scb.o)
                              ps2handl.o (scb_reset_system)
/home/evandro/Develop/libopencm3/lib//libopencm3_stm32f4.a(nvic.o)
                              msxmap.o (nvic_enable_irq)
/home/evandro/Develop/libopencm3/lib//libopencm3_stm32f4.a(flash_common_all.o)
                              /home/evandro/Develop/libopencm3/lib//libopencm3_stm32f4.a(rcc.o) (flash_set_ws)
/home/evandro/Develop/libopencm3/lib//libopencm3_stm32f4.a(flash_common_idcache.o)
                              /home/evandro/Develop/libopencm3/lib//libopencm3_stm32f4.a(rcc.o) (flash_dcache_enable)
/home/evandro/Develop/libopencm3/lib//libopencm3_stm32f4.a(pwr.o)
                              /home/evandro/Develop/libopencm3/lib//libopencm3_stm32f4.a(rcc.o) (pwr_set_vos_scale)
/home/evandro/Develop/libopencm3/lib//libopencm3_stm32f4.a(usb_dwc_common.o)
                              /home/evandro/Develop/libopencm3/lib//libopencm3_stm32f4.a(usb_f107.o) (dwc_set_address)
/opt/gcc-arm-none/bin/../lib/gcc/arm-none-eabi/12.2.1/../../../../arm-none-eabi/lib/thumb/v7e-m+fp/hard/libc.a(libc_a-memset.o)
                              get_intelhex.o (memset)
/opt/gcc-arm-none/bin/../lib/gcc/arm-none-eabi/12.2.1/../../../../arm-none-eabi/lib/thumb/v7e-m+fp/hard/libc.a(libc_a-errno.o)
                              serial.o (__errno)
/opt/gcc-arm-none/bin/../lib/gcc/arm-none-eabi/12.2.1/../../../../arm-none-eabi/lib/thumb/v7e-m+fp/hard/libc.a(libc_a-memcpy.o)
                              get_intelhex.o (memcpy)
/opt/gcc-arm-none/bin/../lib/gcc/arm-none-eabi/12.2.1/../../../../arm-none-eabi/lib/thumb/v7e-m+fp/hard/libc.a(libc_a-strlen.o)
                              /home/evandro/Develop/libopencm3/lib//libopencm3_stm32f4.a(usb_standard.o) (strlen)
/opt/gcc-arm-none/bin/../lib/gcc/arm-none-eabi/12.2.1/../../../../arm-none-eabi/lib/thumb/v7e-m+fp/hard/libc.a(libc_a-impure.o)
                              /opt/gcc-arm-none/bin/../lib/gcc/arm-none-eabi/12.2.1/../../../../arm-none-eabi/lib/thumb/v7e-m+fp/hard/libc.a(libc_a-errno.o) (_impure_ptr)
/opt/gcc-arm-none/bin/../lib/gcc/arm-none-eabi/12.2.1/../../../../arm-none-eabi/lib/thumb/v7e-m+fp/hard/libc.a(libc_a-findfp.o)
[...]
Memory Configuration

Name             Origin             Length             Attributes
ram              0x20000000         0x00010000         xrw
rom              0x08000000         0x0000c000         xr
fixed_data       0x0800c000         0x00004000         xr
rom2             0x08010000         0x00030000         xr
*default*        0x00000000         0xffffffff

Linker script and memory map

LOAD msxmap.o
LOAD ps2handl.o
LOAD dbasemgt.o
LOAD get_intelhex.o
LOAD sys_timer.o
LOAD serial_no.o
LOAD cdcacm.o
LOAD serial.o
LOAD hr_timer.o
LOAD SpecialFaultHandlers.o
LOAD newlib_warning_fix.o
LOAD ps2-msx-kb-conv.o
LOAD /home/evandro/Develop/libopencm3/lib//libopencm3_stm32f4.a
START GROUP
LOAD /opt/gcc-arm-none/bin/../lib/gcc/arm-none-eabi/12.2.1/../../../../arm-none-eabi/lib/thumb/v7e-m+fp/hard/libc.a
LOAD /opt/gcc-arm-none/bin/../lib/gcc/arm-none-eabi/12.2.1/thumb/v7e-m+fp/hard/libgcc.a
LOAD /opt/gcc-arm-none/bin/../lib/gcc/arm-none-eabi/12.2.1/../../../../arm-none-eabi/lib/thumb/v7e-m+fp/hard/libnosys.a
END GROUP
START GROUP
LOAD /opt/gcc-arm-none/bin/../lib/gcc/arm-none-eabi/12.2.1/thumb/v7e-m+fp/hard/libgcc.a
LOAD /opt/gcc-arm-none/bin/../lib/gcc/arm-none-eabi/12.2.1/../../../../arm-none-eabi/lib/thumb/v7e-m+fp/hard/libg.a
LOAD /opt/gcc-arm-none/bin/../lib/gcc/arm-none-eabi/12.2.1/../../../../arm-none-eabi/lib/thumb/v7e-m+fp/hard/libc.a
END GROUP

.text2          0x08010000     0x6a90
 *(.text*)
 .text._ZN6msxmap30put_msx_disp_keys_queue_bufferEh.constprop.0.isra.0
                0x08010000       0x24 msxmap.o
 .text._ZN6msxmap19msx_interface_setupEv
                0x08010024      0x1a0 msxmap.o
                0x08010024                msxmap::msx_interface_setup()
 .text._ZN6msxmap36available_msx_disp_keys_queue_bufferEv
                0x080101c4       0x14 msxmap.o
                0x080101c4                msxmap::available_msx_disp_keys_queue_buffer()
 .text._ZN6msxmap30get_msx_disp_keys_queue_bufferEv
                0x080101d8       0x20 msxmap.o
                0x080101d8                msxmap::get_msx_disp_keys_queue_buffer()
 .text._ZN6msxmap40compute_x_bits_and_check_interrupt_stuckEhhb
                0x080101f8      0x24c msxmap.o
                0x080101f8                msxmap::compute_x_bits_and_check_interrupt_stuck(unsigned char, unsigned char, bool)
 .text._ZN6msxmap12msxqueuekeysEv
                0x08010444       0x28 msxmap.o
                0x08010444                msxmap::msxqueuekeys()
 .text._ZN6msxmap12msx_dispatchEv
                0x0801046c      0x3a4 msxmap.o
                0x0801046c                msxmap::msx_dispatch()
 .text._ZN6msxmap11convert2msxEv
                0x08010810      0x2d4 msxmap.o
                0x08010810                msxmap::convert2msx()
 .text.exti9_5_isr
                0x08010ae4       0x4c msxmap.o
                0x08010ae4                exti9_5_isr
 .text.send_start_bit2
                0x08010b30       0x24 ps2handl.o
                0x08010b30                send_start_bit2
 .text.send_start_bit_now
                0x08010b54       0x48 ps2handl.o
                0x08010b54                send_start_bit_now
 .text.send_start_bit3
                0x08010b9c       0x44 ps2handl.o
                0x08010b9c                send_start_bit3
 .text.power_off_ps2_keyboard
                0x08010be0       0x34 ps2handl.o
                0x08010be0                power_off_ps2_keyboard
 .text.init_ps2_recv_buffer
                0x08010c14       0x2c ps2handl.o
                0x08010c14                init_ps2_recv_buffer
 .text.power_on_ps2_keyboard
                0x08010c40      0x110 ps2handl.o
                0x08010c40                power_on_ps2_keyboard
 .text.available_ps2_byte
                0x08010d50       0x18 ps2handl.o
                0x08010d50                available_ps2_byte
 .text.get_ps2_byte
                0x08010d68       0x2c ps2handl.o
                0x08010d68                get_ps2_byte
 .text.reset_requested
                0x08010d94       0x38 ps2handl.o
                0x08010d94                reset_requested
 .text.ps2_send_command
                0x08010dcc       0x58 ps2handl.o
                0x08010dcc                ps2_send_command
 .text.keyboard_check_alive
                0x08010e24       0x70 ps2handl.o
                0x08010e24                keyboard_check_alive
 .text.ps2_keyb_detect
                0x08010e94      0x220 ps2handl.o
                0x08010e94                ps2_keyb_detect
 .text.ps2_update_leds
                0x080110b4       0x68 ps2handl.o
                0x080110b4                ps2_update_leds
 .text.send_start_bit_next
                0x0801111c       0x10 ps2handl.o
                0x0801111c                send_start_bit_next
 .text.ps2_clock_send
                0x0801112c      0x15c ps2handl.o
                0x0801112c                ps2_clock_send
 .text.ps2_clock_receive
                0x08011288      0x2d8 ps2handl.o
                0x08011288                ps2_clock_receive
 .text.ps2_clock_update
                0x08011560      0x144 ps2handl.o
                0x08011560                ps2_clock_update
 .text.reset_mount_scancode_machine
                0x080116a4       0x24 ps2handl.o
                0x080116a4                reset_mount_scancode_machine
 .text.mount_scancode
                0x080116c8      0x160 ps2handl.o
                0x080116c8                mount_scancode
 .text.general_debug_setup
                0x08011828       0xac ps2handl.o
                0x08011828                general_debug_setup
 .text.put_pullups_on_non_used_pins
                0x080118d4       0x28 ps2handl.o
                0x080118d4                put_pullups_on_non_used_pins
 .text.exti15_10_isr
                0x080118fc       0x44 ps2handl.o
                0x080118fc                exti15_10_isr
 .text.check_sector3_erased
                0x08011940       0x80 dbasemgt.o
                0x08011940                check_sector3_erased
 .text.check_flash_locked
                0x080119c0       0x30 dbasemgt.o
                0x080119c0                check_flash_locked
 .text.check_flash_error
                0x080119f0       0xa4 dbasemgt.o
                0x080119f0                check_flash_error
 .text.cleanupFlash
                0x08011a94       0x98 dbasemgt.o
                0x08011a94                cleanupFlash
 .text.database_setup
                0x08011b2c      0x3a4 dbasemgt.o
                0x08011b2c                database_setup
 .text.flash_program_data
                0x08011ed0      0x320 dbasemgt.o
                0x08011ed0                flash_program_data
 .text.flash_rw
                0x080121f0       0x68 dbasemgt.o
                0x080121f0                flash_rw
 .text.usart_get_string_line
                0x08012258      0x11c get_intelhex.o
                0x08012258                usart_get_string_line
 .text.validate_intel_hex_record
                0x08012374       0xc0 get_intelhex.o
                0x08012374                validate_intel_hex_record
 .text.usart_get_intel_hex
                0x08012434      0x134 get_intelhex.o
                0x08012434                usart_get_intel_hex
 .text.get_intelhex_to_RAM
                0x08012568       0x54 get_intelhex.o
                0x08012568                get_intelhex_to_RAM
 .text._Z13systick_setupv
                0x080125bc       0x70 sys_timer.o
                0x080125bc                systick_setup()
 .text.sys_tick_handler
                0x0801262c       0xa0 sys_timer.o
                0x0801262c                sys_tick_handler
 .text.serialno_read
                0x080126cc       0x64 serial_no.o
                0x080126cc                serialno_read
 .text.cdcacm_uart_data_tx_cb
                0x08012730       0x5c cdcacm.o
 .text.usb_cdc_set_state
                0x0801278c       0x2a cdcacm.o
 *fill*         0x080127b6        0x2 
 .text.cdcacm_set_config
                0x080127b8       0xa4 cdcacm.o
 .text.cdcacm_control_request
                0x0801285c       0x84 cdcacm.o
 .text.cdcacm_con_data_tx_cb
                0x080128e0       0xd0 cdcacm.o
 .text.cdcacm_con_data_rx_cb
                0x080129b0       0x70 cdcacm.o
 .text.set_nak_endpoint
                0x08012a20       0x24 cdcacm.o
                0x08012a20                set_nak_endpoint
 .text.cdcacm_uart_data_rx_cb
                0x08012a44       0x6c cdcacm.o
 .text.clear_nak_endpoint
                0x08012ab0       0x24 cdcacm.o
                0x08012ab0                clear_nak_endpoint
 .text.first_put_ring_content_onto_ep
                0x08012ad4       0x74 cdcacm.o
                0x08012ad4                first_put_ring_content_onto_ep
 .text.cdcacm_init
                0x08012b48       0xa8 cdcacm.o
                0x08012b48                cdcacm_init
 .text.otg_fs_isr
                0x08012bf0        0xc cdcacm.o
                0x08012bf0                otg_fs_isr
 .text.usart_rx_read_dma
                0x08012bfc       0xd8 serial.o
 .text.ring_init
                0x08012cd4        0xe serial.o
                0x08012cd4                ring_init
 .text.pascal_string_init
                0x08012ce2        0xc serial.o
                0x08012ce2                pascal_string_init
 *fill*         0x08012cee        0x2 
 .text.serial_setup
                0x08012cf0      0x2b8 serial.o
                0x08012cf0                serial_setup
 .text.usart_update_comm_param
                0x08012fa8       0x6c serial.o
                0x08012fa8                usart_update_comm_param
 .text.do_dma_usart_tx_ring
                0x08013014       0x50 serial.o
                0x08013014                do_dma_usart_tx_ring
 .text.ring_put_ch
                0x08013064       0x2c serial.o
                0x08013064                ring_put_ch
 .text.con_send_string
                0x08013090      0x140 serial.o
                0x08013090                con_send_string
 .text.ring_avail_get_ch
                0x080131d0       0x12 serial.o
                0x080131d0                ring_avail_get_ch
 .text.ring_get_ch
                0x080131e2       0x2a serial.o
                0x080131e2                ring_get_ch
 .text.con_available_get_char
                0x0801320c       0x1c serial.o
                0x0801320c                con_available_get_char
 .text.con_get_char
                0x08013228       0xb8 serial.o
                0x08013228                con_get_char
 .text.string_append
                0x080132e0       0x2c serial.o
                0x080132e0                string_append
 .text.insert_in_con_rx
                0x0801330c       0x20 serial.o
                0x0801330c                insert_in_con_rx
 .text.conv_2a_hex_to_uint8
                0x0801332c       0x2e serial.o
                0x0801332c                conv_2a_hex_to_uint8
 .text.conv_uint32_to_8a_hex
                0x0801335a       0x28 serial.o
                0x0801335a                conv_uint32_to_8a_hex
 .text.conv_uint16_to_4a_hex
                0x08013382       0x26 serial.o
                0x08013382                conv_uint16_to_4a_hex
 .text.conv_uint32_to_dec
                0x080133a8       0x70 serial.o
                0x080133a8                conv_uint32_to_dec
 .text.conv_uint8_to_2a_hex
                0x08013418       0x26 serial.o
                0x08013418                conv_uint8_to_2a_hex
 *fill*         0x0801343e        0x2 
 .text.usart1_isr
                0x08013440       0x2c serial.o
                0x08013440                usart1_isr
 .text.dma2_stream2_isr
                0x0801346c        0x4 serial.o
                0x0801346c                dma2_stream2_isr
 .text.dma2_stream7_isr
                0x08013470       0x84 serial.o
                0x08013470                dma2_stream7_isr
 .text.time_capture
                0x080134f4       0x18 hr_timer.o
                0x080134f4                time_capture
 .text.delay_usec
                0x0801350c       0x50 hr_timer.o
                0x0801350c                delay_usec
 .text.prepares_capture
                0x0801355c       0x94 hr_timer.o
                0x0801355c                prepares_capture
 .text.tim_hr_setup
                0x080135f0       0x64 hr_timer.o
                0x080135f0                tim_hr_setup
 .text.tim2_isr
                0x08013654       0xc4 hr_timer.o
                0x08013654                tim2_isr
 .text.hard_fault_handler
                0x08013718       0x14 SpecialFaultHandlers.o
                0x08013718                hard_fault_handler
 .text.mem_manage_handler
                0x0801372c       0x14 SpecialFaultHandlers.o
                0x0801372c                mem_manage_handler
 .text.bus_fault_handler
                0x08013740       0x14 SpecialFaultHandlers.o
                0x08013740                bus_fault_handler
 .text.usage_fault_handler
                0x08013754       0x14 SpecialFaultHandlers.o
                0x08013754                usage_fault_handler
 .text.common_code_fault_handler
                0x08013768      0x178 SpecialFaultHandlers.o
                0x08013768                common_code_fault_handler
 .text.c_hard_fault_handler
                0x080138e0       0x14 SpecialFaultHandlers.o
                0x080138e0                c_hard_fault_handler
 .text.c_mem_manage_handler
                0x080138f4       0x14 SpecialFaultHandlers.o
                0x080138f4                c_mem_manage_handler
 .text.c_bus_fault_handler
                0x08013908       0x14 SpecialFaultHandlers.o
                0x08013908                c_bus_fault_handler
 .text.c_usage_fault_handler
                0x0801391c       0x14 SpecialFaultHandlers.o
                0x0801391c                c_usage_fault_handler
 .text._Z11end_of_codePm
                0x08013930       0x18 ps2-msx-kb-conv.o
                0x08013930                end_of_code(unsigned long*)
 .text.startup.main
                0x08013948      0x40c ps2-msx-kb-conv.o
                0x08013948                main
 .text.dma_stream_reset
                0x08013d54       0x4c /home/evandro/Develop/libopencm3/lib//libopencm3_stm32f4.a(dma_common_f24.o)
                0x08013d54                dma_stream_reset
 .text.dma_clear_interrupt_flags
                0x08013da0       0x1e /home/evandro/Develop/libopencm3/lib//libopencm3_stm32f4.a(dma_common_f24.o)
                0x08013da0                dma_clear_interrupt_flags
 .text.dma_set_transfer_mode
                0x08013dbe       0x20 /home/evandro/Develop/libopencm3/lib//libopencm3_stm32f4.a(dma_common_f24.o)
                0x08013dbe                dma_set_transfer_mode
 .text.dma_set_priority
                0x08013dde       0x18 /home/evandro/Develop/libopencm3/lib//libopencm3_stm32f4.a(dma_common_f24.o)
                0x08013dde                dma_set_priority
 .text.dma_set_memory_size
                0x08013df6       0x18 /home/evandro/Develop/libopencm3/lib//libopencm3_stm32f4.a(dma_common_f24.o)
                0x08013df6                dma_set_memory_size
 .text.dma_set_peripheral_size
                0x08013e0e       0x18 /home/evandro/Develop/libopencm3/lib//libopencm3_stm32f4.a(dma_common_f24.o)
                0x08013e0e                dma_set_peripheral_size
 .text.dma_enable_memory_increment_mode
                0x08013e26       0x12 /home/evandro/Develop/libopencm3/lib//libopencm3_stm32f4.a(dma_common_f24.o)
                0x08013e26                dma_enable_memory_increment_mode
 .text.dma_disable_peripheral_increment_mode
                0x08013e38       0x12 /home/evandro/Develop/libopencm3/lib//libopencm3_stm32f4.a(dma_common_f24.o)
                0x08013e38                dma_disable_peripheral_increment_mode
 .text.dma_enable_circular_mode
                0x08013e4a       0x12 /home/evandro/Develop/libopencm3/lib//libopencm3_stm32f4.a(dma_common_f24.o)
                0x08013e4a                dma_enable_circular_mode
 .text.dma_channel_select
                0x08013e5c       0x10 /home/evandro/Develop/libopencm3/lib//libopencm3_stm32f4.a(dma_common_f24.o)
                0x08013e5c                dma_channel_select
 .text.dma_set_dma_flow_control
                0x08013e6c       0x12 /home/evandro/Develop/libopencm3/lib//libopencm3_stm32f4.a(dma_common_f24.o)
                0x08013e6c                dma_set_dma_flow_control
 .text.dma_enable_half_transfer_interrupt
                0x08013e7e       0x1c /home/evandro/Develop/libopencm3/lib//libopencm3_stm32f4.a(dma_common_f24.o)
                0x08013e7e                dma_enable_half_transfer_interrupt
 .text.dma_enable_transfer_complete_interrupt
                0x08013e9a       0x1c /home/evandro/Develop/libopencm3/lib//libopencm3_stm32f4.a(dma_common_f24.o)
                0x08013e9a                dma_enable_transfer_complete_interrupt
 .text.dma_enable_direct_mode
                0x08013eb6       0x12 /home/evandro/Develop/libopencm3/lib//libopencm3_stm32f4.a(dma_common_f24.o)
                0x08013eb6                dma_enable_direct_mode
 .text.dma_enable_stream
                0x08013ec8       0x12 /home/evandro/Develop/libopencm3/lib//libopencm3_stm32f4.a(dma_common_f24.o)
                0x08013ec8                dma_enable_stream
 .text.dma_disable_stream
                0x08013eda       0x12 /home/evandro/Develop/libopencm3/lib//libopencm3_stm32f4.a(dma_common_f24.o)
                0x08013eda                dma_disable_stream
 .text.dma_set_peripheral_address
                0x08013eec       0x10 /home/evandro/Develop/libopencm3/lib//libopencm3_stm32f4.a(dma_common_f24.o)
                0x08013eec                dma_set_peripheral_address
 .text.dma_set_memory_address
                0x08013efc       0x1a /home/evandro/Develop/libopencm3/lib//libopencm3_stm32f4.a(dma_common_f24.o)
                0x08013efc                dma_set_memory_address
 .text.dma_get_number_of_data
                0x08013f16        0xe /home/evandro/Develop/libopencm3/lib//libopencm3_stm32f4.a(dma_common_f24.o)
                0x08013f16                dma_get_number_of_data
 .text.dma_set_number_of_data
                0x08013f24        0xc /home/evandro/Develop/libopencm3/lib//libopencm3_stm32f4.a(dma_common_f24.o)
                0x08013f24                dma_set_number_of_data
 .text.exti_set_trigger
                0x08013f30       0x48 /home/evandro/Develop/libopencm3/lib//libopencm3_stm32f4.a(exti_common_all.o)
                0x08013f30                exti_set_trigger
 .text.exti_enable_request
                0x08013f78       0x1c /home/evandro/Develop/libopencm3/lib//libopencm3_stm32f4.a(exti_common_all.o)
                0x08013f78                exti_enable_request
 .text.exti_disable_request
                0x08013f94       0x20 /home/evandro/Develop/libopencm3/lib//libopencm3_stm32f4.a(exti_common_all.o)
                0x08013f94                exti_disable_request
 .text.exti_reset_request
                0x08013fb4        0xc /home/evandro/Develop/libopencm3/lib//libopencm3_stm32f4.a(exti_common_all.o)
                0x08013fb4                exti_reset_request
 .text.exti_get_flag_status
                0x08013fc0       0x10 /home/evandro/Develop/libopencm3/lib//libopencm3_stm32f4.a(exti_common_all.o)
                0x08013fc0                exti_get_flag_status
 .text.exti_select_source
                0x08013fd0       0xe0 /home/evandro/Develop/libopencm3/lib//libopencm3_stm32f4.a(exti_common_all.o)
                0x08013fd0                exti_select_source
 .text.flash_wait_for_last_operation
                0x080140b0       0x10 /home/evandro/Develop/libopencm3/lib//libopencm3_stm32f4.a(flash.o)
                0x080140b0                flash_wait_for_last_operation
 .text.flash_lock
                0x080140c0       0x14 /home/evandro/Develop/libopencm3/lib//libopencm3_stm32f4.a(flash_common_f.o)
                0x080140c0                flash_lock
 .text.flash_set_program_size
                0x080140d4       0x20 /home/evandro/Develop/libopencm3/lib//libopencm3_stm32f4.a(flash_common_f24.o)
 .text.flash_program_byte
                0x080140f4       0x38 /home/evandro/Develop/libopencm3/lib//libopencm3_stm32f4.a(flash_common_f24.o)
                0x080140f4                flash_program_byte
 .text.flash_program
                0x0801412c       0x1a /home/evandro/Develop/libopencm3/lib//libopencm3_stm32f4.a(flash_common_f24.o)
                0x0801412c                flash_program
 *fill*         0x08014146        0x2 
 .text.flash_erase_sector
                0x08014148       0x70 /home/evandro/Develop/libopencm3/lib//libopencm3_stm32f4.a(flash_common_f24.o)
                0x08014148                flash_erase_sector
 .text.gpio_set
                0x080141b8        0x4 /home/evandro/Develop/libopencm3/lib//libopencm3_stm32f4.a(gpio_common_all.o)
                0x080141b8                gpio_set
 .text.gpio_clear
                0x080141bc        0x6 /home/evandro/Develop/libopencm3/lib//libopencm3_stm32f4.a(gpio_common_all.o)
                0x080141bc                gpio_clear
 .text.gpio_get
                0x080141c2        0x6 /home/evandro/Develop/libopencm3/lib//libopencm3_stm32f4.a(gpio_common_all.o)
                0x080141c2                gpio_get
 .text.gpio_toggle
                0x080141c8       0x12 /home/evandro/Develop/libopencm3/lib//libopencm3_stm32f4.a(gpio_common_all.o)
                0x080141c8                gpio_toggle
 .text.gpio_port_read
                0x080141da        0x6 /home/evandro/Develop/libopencm3/lib//libopencm3_stm32f4.a(gpio_common_all.o)
                0x080141da                gpio_port_read
 .text.gpio_port_config_lock
                0x080141e0       0x10 /home/evandro/Develop/libopencm3/lib//libopencm3_stm32f4.a(gpio_common_all.o)
                0x080141e0                gpio_port_config_lock
 .text.gpio_mode_setup
                0x080141f0       0x40 /home/evandro/Develop/libopencm3/lib//libopencm3_stm32f4.a(gpio_common_f0234.o)
                0x080141f0                gpio_mode_setup
 .text.gpio_set_output_options
                0x08014230       0x36 /home/evandro/Develop/libopencm3/lib//libopencm3_stm32f4.a(gpio_common_f0234.o)
                0x08014230                gpio_set_output_options
 .text.gpio_set_af
                0x08014266       0x58 /home/evandro/Develop/libopencm3/lib//libopencm3_stm32f4.a(gpio_common_f0234.o)
                0x08014266                gpio_set_af
 *fill*         0x080142be        0x2 
 .text.iwdg_start
                0x080142c0       0x10 /home/evandro/Develop/libopencm3/lib//libopencm3_stm32f4.a(iwdg_common_all.o)
                0x080142c0                iwdg_start
 .text.iwdg_reload_busy
                0x080142d0       0x10 /home/evandro/Develop/libopencm3/lib//libopencm3_stm32f4.a(iwdg_common_all.o)
                0x080142d0                iwdg_reload_busy
 .text.iwdg_set_period_ms
                0x080142e0       0x54 /home/evandro/Develop/libopencm3/lib//libopencm3_stm32f4.a(iwdg_common_all.o)
                0x080142e0                iwdg_set_period_ms
 .text.iwdg_reset
                0x08014334       0x10 /home/evandro/Develop/libopencm3/lib//libopencm3_stm32f4.a(iwdg_common_all.o)
                0x08014334                iwdg_reset
 .text.rcc_periph_clock_enable
                0x08014344       0x1a /home/evandro/Develop/libopencm3/lib//libopencm3_stm32f4.a(rcc_common_all.o)
                0x08014344                rcc_periph_clock_enable
 .text.rcc_periph_reset_pulse
                0x0801435e       0x22 /home/evandro/Develop/libopencm3/lib//libopencm3_stm32f4.a(rcc_common_all.o)
                0x0801435e                rcc_periph_reset_pulse
 .text.rcc_is_osc_ready
                0x08014380       0x64 /home/evandro/Develop/libopencm3/lib//libopencm3_stm32f4.a(rcc.o)
                0x08014380                rcc_is_osc_ready
 .text.rcc_wait_for_osc_ready
                0x080143e4       0x10 /home/evandro/Develop/libopencm3/lib//libopencm3_stm32f4.a(rcc.o)
                0x080143e4                rcc_wait_for_osc_ready
 .text.rcc_osc_on
                0x080143f4       0x74 /home/evandro/Develop/libopencm3/lib//libopencm3_stm32f4.a(rcc.o)
                0x080143f4                rcc_osc_on
 .text.rcc_osc_off
                0x08014468       0x74 /home/evandro/Develop/libopencm3/lib//libopencm3_stm32f4.a(rcc.o)
                0x08014468                rcc_osc_off
 .text.rcc_set_sysclk_source
                0x080144dc       0x18 /home/evandro/Develop/libopencm3/lib//libopencm3_stm32f4.a(rcc.o)
                0x080144dc                rcc_set_sysclk_source
 .text.rcc_set_ppre2
                0x080144f4       0x18 /home/evandro/Develop/libopencm3/lib//libopencm3_stm32f4.a(rcc.o)
                0x080144f4                rcc_set_ppre2
 .text.rcc_set_ppre1
                0x0801450c       0x18 /home/evandro/Develop/libopencm3/lib//libopencm3_stm32f4.a(rcc.o)
                0x0801450c                rcc_set_ppre1
 .text.rcc_set_hpre
                0x08014524       0x18 /home/evandro/Develop/libopencm3/lib//libopencm3_stm32f4.a(rcc.o)
                0x08014524                rcc_set_hpre
 .text.rcc_set_main_pll_hsi
                0x0801453c       0x44 /home/evandro/Develop/libopencm3/lib//libopencm3_stm32f4.a(rcc.o)
                0x0801453c                rcc_set_main_pll_hsi
 .text.rcc_set_main_pll_hse
                0x08014580       0x44 /home/evandro/Develop/libopencm3/lib//libopencm3_stm32f4.a(rcc.o)
                0x08014580                rcc_set_main_pll_hse
 .text.rcc_clock_setup_pll
                0x080145c4       0xe4 /home/evandro/Develop/libopencm3/lib//libopencm3_stm32f4.a(rcc.o)
                0x080145c4                rcc_clock_setup_pll
 .text.rcc_get_usart_clk_freq
                0x080146a8       0x20 /home/evandro/Develop/libopencm3/lib//libopencm3_stm32f4.a(rcc.o)
                0x080146a8                rcc_get_usart_clk_freq
 .text.timer_enable_irq
                0x080146c8        0x8 /home/evandro/Develop/libopencm3/lib//libopencm3_stm32f4.a(timer_common_all.o)
                0x080146c8                timer_enable_irq
 .text.timer_disable_irq
                0x080146d0        0xa /home/evandro/Develop/libopencm3/lib//libopencm3_stm32f4.a(timer_common_all.o)
                0x080146d0                timer_disable_irq
 .text.timer_get_flag
                0x080146da        0xc /home/evandro/Develop/libopencm3/lib//libopencm3_stm32f4.a(timer_common_all.o)
                0x080146da                timer_get_flag
 .text.timer_clear_flag
                0x080146e6        0x6 /home/evandro/Develop/libopencm3/lib//libopencm3_stm32f4.a(timer_common_all.o)
                0x080146e6                timer_clear_flag
 .text.timer_set_mode
                0x080146ec       0x12 /home/evandro/Develop/libopencm3/lib//libopencm3_stm32f4.a(timer_common_all.o)
                0x080146ec                timer_set_mode
 .text.timer_enable_preload
                0x080146fe        0xa /home/evandro/Develop/libopencm3/lib//libopencm3_stm32f4.a(timer_common_all.o)
                0x080146fe                timer_enable_preload
 .text.timer_set_prescaler
                0x08014708        0x4 /home/evandro/Develop/libopencm3/lib//libopencm3_stm32f4.a(timer_common_all.o)
                0x08014708                timer_set_prescaler
 .text.timer_set_period
                0x0801470c        0x4 /home/evandro/Develop/libopencm3/lib//libopencm3_stm32f4.a(timer_common_all.o)
                0x0801470c                timer_set_period
 .text.usart_set_baudrate
                0x08014710       0x16 /home/evandro/Develop/libopencm3/lib//libopencm3_stm32f4.a(usart_common_all.o)
                0x08014710                usart_set_baudrate
 .text.usart_set_databits
                0x08014726       0x12 /home/evandro/Develop/libopencm3/lib//libopencm3_stm32f4.a(usart_common_all.o)
                0x08014726                usart_set_databits
 .text.usart_set_stopbits
                0x08014738        0xc /home/evandro/Develop/libopencm3/lib//libopencm3_stm32f4.a(usart_common_all.o)
                0x08014738                usart_set_stopbits
 .text.usart_set_parity
                0x08014744        0xc /home/evandro/Develop/libopencm3/lib//libopencm3_stm32f4.a(usart_common_all.o)
                0x08014744                usart_set_parity
 .text.usart_set_mode
                0x08014750        0xc /home/evandro/Develop/libopencm3/lib//libopencm3_stm32f4.a(usart_common_all.o)
                0x08014750                usart_set_mode
 .text.usart_set_flow_control
                0x0801475c        0xc /home/evandro/Develop/libopencm3/lib//libopencm3_stm32f4.a(usart_common_all.o)
                0x0801475c                usart_set_flow_control
 .text.usart_enable
                0x08014768        0xa /home/evandro/Develop/libopencm3/lib//libopencm3_stm32f4.a(usart_common_all.o)
                0x08014768                usart_enable
 .text.usart_enable_rx_dma
                0x08014772        0xa /home/evandro/Develop/libopencm3/lib//libopencm3_stm32f4.a(usart_common_all.o)
                0x08014772                usart_enable_rx_dma
 .text.usart_enable_tx_dma
                0x0801477c        0xa /home/evandro/Develop/libopencm3/lib//libopencm3_stm32f4.a(usart_common_all.o)
                0x0801477c                usart_enable_tx_dma
 .text.usart_disable_tx_dma
                0x08014786        0xa /home/evandro/Develop/libopencm3/lib//libopencm3_stm32f4.a(usart_common_all.o)
                0x08014786                usart_disable_tx_dma
 .text.usart_disable_rx_interrupt
                0x08014790        0xa /home/evandro/Develop/libopencm3/lib//libopencm3_stm32f4.a(usart_common_all.o)
                0x08014790                usart_disable_rx_interrupt
 .text.usart_disable_tx_complete_interrupt
                0x0801479a        0xa /home/evandro/Develop/libopencm3/lib//libopencm3_stm32f4.a(usart_common_all.o)
                0x0801479a                usart_disable_tx_complete_interrupt
 .text.usart_enable_idle_interrupt
                0x080147a4        0xa /home/evandro/Develop/libopencm3/lib//libopencm3_stm32f4.a(usart_common_all.o)
                0x080147a4                usart_enable_idle_interrupt
 *fill*         0x080147ae        0x2 
 .text.usbd_init
                0x080147b0       0x54 /home/evandro/Develop/libopencm3/lib//libopencm3_stm32f4.a(usb.o)
                0x080147b0                usbd_init
 .text.usbd_poll
                0x08014804        0x8 /home/evandro/Develop/libopencm3/lib//libopencm3_stm32f4.a(usb.o)
                0x08014804                usbd_poll
 .text.usbd_ep_setup
                0x0801480c       0x10 /home/evandro/Develop/libopencm3/lib//libopencm3_stm32f4.a(usb.o)
                0x0801480c                usbd_ep_setup
 .text._usbd_reset
                0x0801481c       0x32 /home/evandro/Develop/libopencm3/lib//libopencm3_stm32f4.a(usb.o)
                0x0801481c                _usbd_reset
 .text.usbd_ep_write_packet
                0x0801484e       0x10 /home/evandro/Develop/libopencm3/lib//libopencm3_stm32f4.a(usb.o)
                0x0801484e                usbd_ep_write_packet
 .text.usbd_ep_read_packet
                0x0801485e       0x10 /home/evandro/Develop/libopencm3/lib//libopencm3_stm32f4.a(usb.o)
                0x0801485e                usbd_ep_read_packet
 .text.usbd_ep_stall_set
                0x0801486e        0x8 /home/evandro/Develop/libopencm3/lib//libopencm3_stm32f4.a(usb.o)
                0x0801486e                usbd_ep_stall_set
 .text.usbd_ep_stall_get
                0x08014876        0x8 /home/evandro/Develop/libopencm3/lib//libopencm3_stm32f4.a(usb.o)
                0x08014876                usbd_ep_stall_get
 .text.usbd_ep_nak_set
                0x0801487e        0x8 /home/evandro/Develop/libopencm3/lib//libopencm3_stm32f4.a(usb.o)
                0x0801487e                usbd_ep_nak_set
 .text.usb_standard_set_address
                0x08014886       0x28 /home/evandro/Develop/libopencm3/lib//libopencm3_stm32f4.a(usb_standard.o)
 .text.usb_standard_set_configuration
                0x080148ae       0x7e /home/evandro/Develop/libopencm3/lib//libopencm3_stm32f4.a(usb_standard.o)
 .text.usb_standard_get_configuration
                0x0801492c       0x22 /home/evandro/Develop/libopencm3/lib//libopencm3_stm32f4.a(usb_standard.o)
 .text.usb_standard_set_interface
                0x0801494e       0x54 /home/evandro/Develop/libopencm3/lib//libopencm3_stm32f4.a(usb_standard.o)
 .text.usb_standard_get_interface
                0x080149a2       0x38 /home/evandro/Develop/libopencm3/lib//libopencm3_stm32f4.a(usb_standard.o)
 .text.usb_standard_device_get_status
                0x080149da       0x18 /home/evandro/Develop/libopencm3/lib//libopencm3_stm32f4.a(usb_standard.o)
 .text.usb_standard_endpoint_get_status
                0x080149f2       0x2a /home/evandro/Develop/libopencm3/lib//libopencm3_stm32f4.a(usb_standard.o)
 .text.usb_standard_endpoint_stall
                0x08014a1c       0x10 /home/evandro/Develop/libopencm3/lib//libopencm3_stm32f4.a(usb_standard.o)
 .text.usb_standard_endpoint_unstall
                0x08014a2c       0x10 /home/evandro/Develop/libopencm3/lib//libopencm3_stm32f4.a(usb_standard.o)
 .text.usb_standard_get_descriptor
                0x08014a3c      0x2ae /home/evandro/Develop/libopencm3/lib//libopencm3_stm32f4.a(usb_standard.o)
 .text.usb_standard_interface_get_status
                0x08014cea       0x18 /home/evandro/Develop/libopencm3/lib//libopencm3_stm32f4.a(usb_standard.o)
 .text.usbd_register_set_config_callback
                0x08014d02       0x28 /home/evandro/Develop/libopencm3/lib//libopencm3_stm32f4.a(usb_standard.o)
                0x08014d02                usbd_register_set_config_callback
 *fill*         0x08014d2a        0x2 
 .text._usbd_standard_request_device
                0x08014d2c       0x48 /home/evandro/Develop/libopencm3/lib//libopencm3_stm32f4.a(usb_standard.o)
                0x08014d2c                _usbd_standard_request_device
 .text._usbd_standard_request_interface
                0x08014d74       0x34 /home/evandro/Develop/libopencm3/lib//libopencm3_stm32f4.a(usb_standard.o)
                0x08014d74                _usbd_standard_request_interface
 .text._usbd_standard_request_endpoint
                0x08014da8       0x40 /home/evandro/Develop/libopencm3/lib//libopencm3_stm32f4.a(usb_standard.o)
                0x08014da8                _usbd_standard_request_endpoint
 .text._usbd_standard_request
                0x08014de8       0x38 /home/evandro/Develop/libopencm3/lib//libopencm3_stm32f4.a(usb_standard.o)
                0x08014de8                _usbd_standard_request
 .text.usb_control_send_chunk
                0x08014e20       0x4e /home/evandro/Develop/libopencm3/lib//libopencm3_stm32f4.a(usb_control.o)
 .text.usb_control_request_dispatch
                0x08014e6e       0x60 /home/evandro/Develop/libopencm3/lib//libopencm3_stm32f4.a(usb_control.o)
 .text.stall_transaction
                0x08014ece       0x14 /home/evandro/Develop/libopencm3/lib//libopencm3_stm32f4.a(usb_control.o)
 .text.usb_control_recv_chunk
                0x08014ee2       0x3c /home/evandro/Develop/libopencm3/lib//libopencm3_stm32f4.a(usb_control.o)
 .text.usb_control_setup_read
                0x08014f1e       0x66 /home/evandro/Develop/libopencm3/lib//libopencm3_stm32f4.a(usb_control.o)
 .text.usbd_register_control_callback
                0x08014f84       0x2c /home/evandro/Develop/libopencm3/lib//libopencm3_stm32f4.a(usb_control.o)
                0x08014f84                usbd_register_control_callback
 .text._usbd_control_setup
                0x08014fb0       0x60 /home/evandro/Develop/libopencm3/lib//libopencm3_stm32f4.a(usb_control.o)
                0x08014fb0                _usbd_control_setup
 .text._usbd_control_out
                0x08015010       0x82 /home/evandro/Develop/libopencm3/lib//libopencm3_stm32f4.a(usb_control.o)
                0x08015010                _usbd_control_out
 .text._usbd_control_in
                0x08015092       0x64 /home/evandro/Develop/libopencm3/lib//libopencm3_stm32f4.a(usb_control.o)
                0x08015092                _usbd_control_in
 *fill*         0x080150f6        0x2 
 .text.stm32f107_usbd_init
                0x080150f8       0xa0 /home/evandro/Develop/libopencm3/lib//libopencm3_stm32f4.a(usb_f107.o)
 .text.blocking_handler
                0x08015198        0x2 /home/evandro/Develop/libopencm3/lib//libopencm3_stm32f4.a(vector.o)
                0x08015198                dma2_stream1_isr
                0x08015198                tim8_brk_tim12_isr
                0x08015198                dma1_stream7_isr
                0x08015198                usart3_isr
                0x08015198                tim7_isr
                0x08015198                dma2d_isr
                0x08015198                uart8_isr
                0x08015198                dma1_stream2_isr
                0x08015198                otg_hs_isr
                0x08015198                blocking_handler
                0x08015198                tim5_isr
                0x08015198                rtc_wkup_isr
                0x08015198                spi1_isr
                0x08015198                i2c3_er_isr
                0x08015198                exti2_isr
                0x08015198                spi5_isr
                0x08015198                usb_fs_wkup_isr
                0x08015198                tamp_stamp_isr
                0x08015198                can1_rx1_isr
                0x08015198                dma2_stream0_isr
                0x08015198                i2c3_ev_isr
                0x08015198                can2_rx0_isr
                0x08015198                dma1_stream6_isr
                0x08015198                can2_rx1_isr
                0x08015198                can1_sce_isr
                0x08015198                tim1_cc_isr
                0x08015198                can1_tx_isr
                0x08015198                tim1_up_tim10_isr
                0x08015198                sdio_isr
                0x08015198                eth_isr
                0x08015198                spi6_isr
                0x08015198                dma2_stream5_isr
                0x08015198                pvd_isr
                0x08015198                can1_rx0_isr
                0x08015198                rcc_isr
                0x08015198                dma2_stream3_isr
                0x08015198                flash_isr
                0x08015198                uart4_isr
                0x08015198                lcd_tft_isr
                0x08015198                rtc_alarm_isr
                0x08015198                hash_rng_isr
                0x08015198                tim1_trg_com_tim11_isr
                0x08015198                exti1_isr
                0x08015198                i2c1_ev_isr
                0x08015198                usart6_isr
                0x08015198                spi2_isr
                0x08015198                cryp_isr
                0x08015198                nvic_wwdg_isr
                0x08015198                dma1_stream1_isr
                0x08015198                dma2_stream4_isr
                0x08015198                exti3_isr
                0x08015198                tim3_isr
                0x08015198                usart2_isr
                0x08015198                sai1_isr
                0x08015198                fpu_isr
                0x08015198                dma1_stream4_isr
                0x08015198                i2c2_er_isr
                0x08015198                i2c2_ev_isr
                0x08015198                uart5_isr
                0x08015198                dma2_stream6_isr
                0x08015198                spi4_isr
                0x08015198                adc_isr
                0x08015198                tim8_up_tim13_isr
                0x08015198                fsmc_isr
                0x08015198                exti4_isr
                0x08015198                tim6_dac_isr
                0x08015198                dma1_stream3_isr
                0x08015198                tim8_trg_com_tim14_isr
                0x08015198                lcd_tft_err_isr
                0x08015198                can2_tx_isr
                0x08015198                tim1_brk_tim9_isr
                0x08015198                uart7_isr
                0x08015198                can2_sce_isr
                0x08015198                tim4_isr
                0x08015198                otg_hs_wkup_isr
                0x08015198                i2c1_er_isr
                0x08015198                dma1_stream0_isr
                0x08015198                tim8_cc_isr
                0x08015198                dcmi_isr
                0x08015198                eth_wkup_isr
                0x08015198                otg_hs_ep1_out_isr
                0x08015198                spi3_isr
                0x08015198                dma1_stream5_isr
                0x08015198                otg_hs_ep1_in_isr
                0x08015198                exti0_isr
 .text.null_handler
                0x0801519a        0x2 /home/evandro/Develop/libopencm3/lib//libopencm3_stm32f4.a(vector.o)
                0x0801519a                null_handler
                0x0801519a                sv_call_handler
                0x0801519a                pend_sv_handler
                0x0801519a                debug_monitor_handler
                0x0801519a                nmi_handler
 .text.reset_handler
                0x0801519c       0xa0 /home/evandro/Develop/libopencm3/lib//libopencm3_stm32f4.a(vector.o)
                0x0801519c                reset_handler
 .text.systick_set_reload
                0x0801523c        0xc /home/evandro/Develop/libopencm3/lib//libopencm3_stm32f4.a(systick.o)
                0x0801523c                systick_set_reload
 .text.systick_set_clocksource
                0x08015248       0x14 /home/evandro/Develop/libopencm3/lib//libopencm3_stm32f4.a(systick.o)
                0x08015248                systick_set_clocksource
 .text.systick_interrupt_enable
                0x0801525c        0xe /home/evandro/Develop/libopencm3/lib//libopencm3_stm32f4.a(systick.o)
                0x0801525c                systick_interrupt_enable
 .text.systick_interrupt_disable
                0x0801526a        0xe /home/evandro/Develop/libopencm3/lib//libopencm3_stm32f4.a(systick.o)
                0x0801526a                systick_interrupt_disable
 .text.systick_counter_enable
                0x08015278        0xe /home/evandro/Develop/libopencm3/lib//libopencm3_stm32f4.a(systick.o)
                0x08015278                systick_counter_enable
 *fill*         0x08015286        0x2 
 .text.scb_reset_system
                0x08015288       0x10 /home/evandro/Develop/libopencm3/lib//libopencm3_stm32f4.a(scb.o)
                0x08015288                scb_reset_system
 .text.nvic_enable_irq
                0x08015298       0x18 /home/evandro/Develop/libopencm3/lib//libopencm3_stm32f4.a(nvic.o)
                0x08015298                nvic_enable_irq
 .text.nvic_set_priority
                0x080152b0       0x20 /home/evandro/Develop/libopencm3/lib//libopencm3_stm32f4.a(nvic.o)
                0x080152b0                nvic_set_priority
 .text.flash_set_ws
                0x080152d0       0x18 /home/evandro/Develop/libopencm3/lib//libopencm3_stm32f4.a(flash_common_all.o)
                0x080152d0                flash_set_ws
 .text.flash_dcache_enable
                0x080152e8       0x14 /home/evandro/Develop/libopencm3/lib//libopencm3_stm32f4.a(flash_common_idcache.o)
                0x080152e8                flash_dcache_enable
 .text.flash_dcache_disable
                0x080152fc       0x14 /home/evandro/Develop/libopencm3/lib//libopencm3_stm32f4.a(flash_common_idcache.o)
                0x080152fc                flash_dcache_disable
 .text.flash_icache_enable
                0x08015310       0x14 /home/evandro/Develop/libopencm3/lib//libopencm3_stm32f4.a(flash_common_idcache.o)
                0x08015310                flash_icache_enable
 .text.flash_icache_disable
                0x08015324       0x14 /home/evandro/Develop/libopencm3/lib//libopencm3_stm32f4.a(flash_common_idcache.o)
                0x08015324                flash_icache_disable
 .text.pwr_set_vos_scale
                0x08015338       0x18 /home/evandro/Develop/libopencm3/lib//libopencm3_stm32f4.a(pwr.o)
                0x08015338                pwr_set_vos_scale
 .text.dwc_set_address
                0x08015350       0x18 /home/evandro/Develop/libopencm3/lib//libopencm3_stm32f4.a(usb_dwc_common.o)
                0x08015350                dwc_set_address
 .text.dwc_ep_setup
                0x08015368      0x136 /home/evandro/Develop/libopencm3/lib//libopencm3_stm32f4.a(usb_dwc_common.o)
                0x08015368                dwc_ep_setup
 .text.dwc_endpoints_reset
                0x0801549e       0x4c /home/evandro/Develop/libopencm3/lib//libopencm3_stm32f4.a(usb_dwc_common.o)
                0x0801549e                dwc_endpoints_reset
 .text.dwc_ep_stall_set
                0x080154ea       0x82 /home/evandro/Develop/libopencm3/lib//libopencm3_stm32f4.a(usb_dwc_common.o)
                0x080154ea                dwc_ep_stall_set
 .text.dwc_ep_stall_get
                0x0801556c       0x24 /home/evandro/Develop/libopencm3/lib//libopencm3_stm32f4.a(usb_dwc_common.o)
                0x0801556c                dwc_ep_stall_get
 .text.dwc_ep_nak_set
                0x08015590       0x28 /home/evandro/Develop/libopencm3/lib//libopencm3_stm32f4.a(usb_dwc_common.o)
                0x08015590                dwc_ep_nak_set
 .text.dwc_ep_write_packet
                0x080155b8       0x4a /home/evandro/Develop/libopencm3/lib//libopencm3_stm32f4.a(usb_dwc_common.o)
                0x080155b8                dwc_ep_write_packet
 .text.dwc_ep_read_packet
                0x08015602       0x70 /home/evandro/Develop/libopencm3/lib//libopencm3_stm32f4.a(usb_dwc_common.o)
                0x08015602                dwc_ep_read_packet
 .text.dwc_poll
                0x08015672      0x1ec /home/evandro/Develop/libopencm3/lib//libopencm3_stm32f4.a(usb_dwc_common.o)
                0x08015672                dwc_poll
 .text.dwc_disconnect
                0x0801585e       0x1c /home/evandro/Develop/libopencm3/lib//libopencm3_stm32f4.a(usb_dwc_common.o)
                0x0801585e                dwc_disconnect
 *fill*         0x0801587a        0x2 
 .text.memset   0x0801587c       0xa4 /opt/gcc-arm-none/bin/../lib/gcc/arm-none-eabi/12.2.1/../../../../arm-none-eabi/lib/thumb/v7e-m+fp/hard/libc.a(libc_a-memset.o)
                0x0801587c                memset
 .text          0x08015920      0x134 /opt/gcc-arm-none/bin/../lib/gcc/arm-none-eabi/12.2.1/../../../../arm-none-eabi/lib/thumb/v7e-m+fp/hard/libc.a(libc_a-memcpy.o)
                0x08015920                memcpy
 *fill*         0x08015a54       0x2c 
 .text          0x08015a80       0xd8 /opt/gcc-arm-none/bin/../lib/gcc/arm-none-eabi/12.2.1/../../../../arm-none-eabi/lib/thumb/v7e-m+fp/hard/libc.a(libc_a-strlen.o)
                0x08015a80                strlen
 .text.__paritysi2
                0x08015b58       0x20 /opt/gcc-arm-none/bin/../lib/gcc/arm-none-eabi/12.2.1/thumb/v7e-m+fp/hard/libgcc.a(_paritysi2.o)
                0x08015b58                __paritysi2
 .text.selfrel_offset31
                0x08015b78       0x14 /opt/gcc-arm-none/bin/../lib/gcc/arm-none-eabi/12.2.1/thumb/v7e-m+fp/hard/libgcc.a(unwind-arm.o)
 .text.search_EIT_table
                0x08015b8c       0x64 /opt/gcc-arm-none/bin/../lib/gcc/arm-none-eabi/12.2.1/thumb/v7e-m+fp/hard/libgcc.a(unwind-arm.o)
 .text.__gnu_unwind_get_pr_addr
                0x08015bf0       0x28 /opt/gcc-arm-none/bin/../lib/gcc/arm-none-eabi/12.2.1/thumb/v7e-m+fp/hard/libgcc.a(unwind-arm.o)
 .text.get_eit_entry
                0x08015c18       0x94 /opt/gcc-arm-none/bin/../lib/gcc/arm-none-eabi/12.2.1/thumb/v7e-m+fp/hard/libgcc.a(unwind-arm.o)
 .text.restore_non_core_regs
                0x08015cac       0x58 /opt/gcc-arm-none/bin/../lib/gcc/arm-none-eabi/12.2.1/thumb/v7e-m+fp/hard/libgcc.a(unwind-arm.o)
 .text._Unwind_decode_typeinfo_ptr.constprop.0
                0x08015d04        0xc /opt/gcc-arm-none/bin/../lib/gcc/arm-none-eabi/12.2.1/thumb/v7e-m+fp/hard/libgcc.a(unwind-arm.o)
 .text._Unwind_DebugHook
                0x08015d10        0x4 /opt/gcc-arm-none/bin/../lib/gcc/arm-none-eabi/12.2.1/thumb/v7e-m+fp/hard/libgcc.a(unwind-arm.o)
 .text.unwind_phase2
                0x08015d14       0x38 /opt/gcc-arm-none/bin/../lib/gcc/arm-none-eabi/12.2.1/thumb/v7e-m+fp/hard/libgcc.a(unwind-arm.o)
 .text.unwind_phase2_forced
                0x08015d4c       0xd4 /opt/gcc-arm-none/bin/../lib/gcc/arm-none-eabi/12.2.1/thumb/v7e-m+fp/hard/libgcc.a(unwind-arm.o)
 .text.__gnu_Unwind_RaiseException
                0x08015e20       0x68 /opt/gcc-arm-none/bin/../lib/gcc/arm-none-eabi/12.2.1/thumb/v7e-m+fp/hard/libgcc.a(unwind-arm.o)
                0x08015e20                __gnu_Unwind_RaiseException
 .text.__gnu_Unwind_ForcedUnwind
                0x08015e88       0x10 /opt/gcc-arm-none/bin/../lib/gcc/arm-none-eabi/12.2.1/thumb/v7e-m+fp/hard/libgcc.a(unwind-arm.o)
                0x08015e88                __gnu_Unwind_ForcedUnwind
 .text.__gnu_Unwind_Resume
                0x08015e98       0x40 /opt/gcc-arm-none/bin/../lib/gcc/arm-none-eabi/12.2.1/thumb/v7e-m+fp/hard/libgcc.a(unwind-arm.o)
                0x08015e98                __gnu_Unwind_Resume
 .text.__gnu_Unwind_Resume_or_Rethrow
                0x08015ed8       0x14 /opt/gcc-arm-none/bin/../lib/gcc/arm-none-eabi/12.2.1/thumb/v7e-m+fp/hard/libgcc.a(unwind-arm.o)
                0x08015ed8                __gnu_Unwind_Resume_or_Rethrow
 .text._Unwind_VRS_Get
                0x08015eec       0x34 /opt/gcc-arm-none/bin/../lib/gcc/arm-none-eabi/12.2.1/thumb/v7e-m+fp/hard/libgcc.a(unwind-arm.o)
                0x08015eec                _Unwind_VRS_Get
 .text._Unwind_GetGR
                0x08015f20       0x1c /opt/gcc-arm-none/bin/../lib/gcc/arm-none-eabi/12.2.1/thumb/v7e-m+fp/hard/libgcc.a(unwind-arm.o)
 .text._Unwind_VRS_Set
                0x08015f3c       0x34 /opt/gcc-arm-none/bin/../lib/gcc/arm-none-eabi/12.2.1/thumb/v7e-m+fp/hard/libgcc.a(unwind-arm.o)
                0x08015f3c                _Unwind_VRS_Set
 .text._Unwind_SetGR
                0x08015f70       0x18 /opt/gcc-arm-none/bin/../lib/gcc/arm-none-eabi/12.2.1/thumb/v7e-m+fp/hard/libgcc.a(unwind-arm.o)
 .text.__gnu_Unwind_Backtrace
                0x08015f88       0x84 /opt/gcc-arm-none/bin/../lib/gcc/arm-none-eabi/12.2.1/thumb/v7e-m+fp/hard/libgcc.a(unwind-arm.o)
                0x08015f88                __gnu_Unwind_Backtrace
 .text.__gnu_unwind_pr_common
                0x0801600c      0x298 /opt/gcc-arm-none/bin/../lib/gcc/arm-none-eabi/12.2.1/thumb/v7e-m+fp/hard/libgcc.a(unwind-arm.o)
 .text.__aeabi_unwind_cpp_pr0
                0x080162a4        0x8 /opt/gcc-arm-none/bin/../lib/gcc/arm-none-eabi/12.2.1/thumb/v7e-m+fp/hard/libgcc.a(unwind-arm.o)
                0x080162a4                __aeabi_unwind_cpp_pr0
 .text.__aeabi_unwind_cpp_pr1
                0x080162ac        0x8 /opt/gcc-arm-none/bin/../lib/gcc/arm-none-eabi/12.2.1/thumb/v7e-m+fp/hard/libgcc.a(unwind-arm.o)
                0x080162ac                __aeabi_unwind_cpp_pr1
 .text.__aeabi_unwind_cpp_pr2
                0x080162b4        0x8 /opt/gcc-arm-none/bin/../lib/gcc/arm-none-eabi/12.2.1/thumb/v7e-m+fp/hard/libgcc.a(unwind-arm.o)
                0x080162b4                __aeabi_unwind_cpp_pr2
 .text._Unwind_VRS_Pop
                0x080162bc      0x2f4 /opt/gcc-arm-none/bin/../lib/gcc/arm-none-eabi/12.2.1/thumb/v7e-m+fp/hard/libgcc.a(unwind-arm.o)
                0x080162bc                _Unwind_VRS_Pop
 .text          0x080165b0      0x1ac /opt/gcc-arm-none/bin/../lib/gcc/arm-none-eabi/12.2.1/thumb/v7e-m+fp/hard/libgcc.a(libunwind.o)
                0x080165b0                __restore_core_regs
                0x080165b0                restore_core_regs
                0x080165c8                __gnu_Unwind_Restore_VFP
                0x080165d0                __gnu_Unwind_Save_VFP
                0x080165d8                __gnu_Unwind_Restore_VFP_D
                0x080165e0                __gnu_Unwind_Save_VFP_D
                0x080165e8                __gnu_Unwind_Restore_VFP_D_16_to_31
                0x080165f0                __gnu_Unwind_Save_VFP_D_16_to_31
                0x080165f8                __gnu_Unwind_Restore_WMMXD
                0x0801663c                __gnu_Unwind_Save_WMMXD
                0x08016680                __gnu_Unwind_Restore_WMMXC
                0x08016694                __gnu_Unwind_Save_WMMXC
                0x080166a8                ___Unwind_RaiseException
                0x080166a8                _Unwind_RaiseException
                0x080166cc                ___Unwind_Resume
                0x080166cc                _Unwind_Resume
                0x080166f0                _Unwind_Resume_or_Rethrow
                0x080166f0                ___Unwind_Resume_or_Rethrow
                0x08016714                ___Unwind_ForcedUnwind
                0x08016714                _Unwind_ForcedUnwind
                0x08016738                _Unwind_Backtrace
                0x08016738                ___Unwind_Backtrace
 .text.next_unwind_byte
                0x0801675c       0x38 /opt/gcc-arm-none/bin/../lib/gcc/arm-none-eabi/12.2.1/thumb/v7e-m+fp/hard/libgcc.a(pr-support.o)
 .text.__gnu_unwind_execute
                0x08016794      0x2fc /opt/gcc-arm-none/bin/../lib/gcc/arm-none-eabi/12.2.1/thumb/v7e-m+fp/hard/libgcc.a(pr-support.o)
                0x08016794                __gnu_unwind_execute
                0x08016a90                        . = ALIGN (0x4)

.text           0x08000000     0x200c
 *(.vectors)
 .vectors       0x08000000      0x1ac /home/evandro/Develop/libopencm3/lib//libopencm3_stm32f4.a(vector.o)
                0x08000000                vector_table
 *(.text*)
                0x080001ac                        . = ALIGN (0x4)
 *(.rodata*)
 .rodata._ZN6msxmap11convert2msxEv.str1.1
                0x080001ac       0x1a msxmap.o
 .rodata._ZL12Y_XLAT_TABLE
                0x080001c6       0x10 msxmap.o
 .rodata.power_off_ps2_keyboard.str1.1
                0x080001d6       0x22 ps2handl.o
 .rodata.ps2_send_command.str1.1
                0x080001f8       0x16 ps2handl.o
                                 0x19 (size before relaxing)
 .rodata.ps2_keyb_detect.str1.1
                0x0800020e      0x173 ps2handl.o
                                0x188 (size before relaxing)
 .rodata.ps2_clock_send.str1.1
                0x08000381       0x4b ps2handl.o
 .rodata.ps2_clock_receive.str1.1
                0x080003cc       0xa3 ps2handl.o
                                 0xa6 (size before relaxing)
 .rodata.ps2_clock_update.str1.1
                0x0800046f       0x3e ps2handl.o
                                 0x42 (size before relaxing)
 .rodata.check_sector3_erased.str1.1
                0x080004ad       0x59 dbasemgt.o
 .rodata.check_flash_error.str1.1
                0x08000506       0xac dbasemgt.o
 .rodata.cleanupFlash.str1.1
                0x080005b2       0x3b dbasemgt.o
                                 0x43 (size before relaxing)
 .rodata.database_setup.str1.1
                0x080005ed      0x256 dbasemgt.o
                                0x258 (size before relaxing)
 .rodata.flash_program_data.str1.1
                0x08000843      0x283 dbasemgt.o
                                0x295 (size before relaxing)
 .rodata.flash_rw.str1.1
                0x08000ac6       0x99 dbasemgt.o
 .rodata.DEFAULT_MSX_KEYB_DATABASE_CONVERSION
                0x08000b5f      0xa00 dbasemgt.o
                0x08000b5f                DEFAULT_MSX_KEYB_DATABASE_CONVERSION
 .rodata.usart_get_string_line.str1.1
                0x0800155f       0x89 get_intelhex.o
                                 0x90 (size before relaxing)
 .rodata.usart_get_intel_hex.str1.1
                0x080015e8       0x75 get_intelhex.o
 .rodata.get_intelhex_to_RAM.str1.1
                0x0800165d       0x7c get_intelhex.o
 .rodata.config
                0x080016d9        0xd cdcacm.o
 *fill*         0x080016e6        0x2 
 .rodata.interfaces
                0x080016e8       0x40 cdcacm.o
 .rodata.uart_iface_assoc
                0x08001728        0x8 cdcacm.o
 .rodata.uart_data_iface
                0x08001730       0x15 cdcacm.o
 .rodata.uart_comm_iface
                0x08001745       0x15 cdcacm.o
 .rodata.uart_cdcacm_functional_descriptors
                0x0800175a       0x13 cdcacm.o
 .rodata.uart_data_endp
                0x0800176d       0x1e cdcacm.o
 .rodata.uart_comm_endp
                0x0800178b        0xf cdcacm.o
 .rodata.con_iface_assoc
                0x0800179a        0x8 cdcacm.o
 .rodata.con_data_iface
                0x080017a2       0x15 cdcacm.o
 .rodata.con_comm_iface
                0x080017b7       0x15 cdcacm.o
 .rodata.con_cdcacm_functional_descriptors
                0x080017cc       0x13 cdcacm.o
 .rodata.con_data_endp
                0x080017df       0x1e cdcacm.o
 .rodata.con_comm_endp
                0x080017fd        0xf cdcacm.o
 .rodata.dev_desc
                0x0800180c       0x12 cdcacm.o
 .rodata.str1.1
                0x0800181e      0x1a2 cdcacm.o
 .rodata.line_coding
                0x080019c0        0x7 cdcacm.o
 *fill*         0x080019c7        0x1 
 .rodata        0x080019c8       0x28 serial.o
 .rodata.common_code_fault_handler.str1.1
                0x080019f0       0xd2 SpecialFaultHandlers.o
                                 0xd5 (size before relaxing)
 .rodata.c_hard_fault_handler.str1.1
                0x08001ac2       0x36 SpecialFaultHandlers.o
 .rodata.c_mem_manage_handler.str1.1
                0x08001af8       0x39 SpecialFaultHandlers.o
 .rodata.c_bus_fault_handler.str1.1
                0x08001b31       0x35 SpecialFaultHandlers.o
 .rodata.c_usage_fault_handler.str1.1
                0x08001b66       0x37 SpecialFaultHandlers.o
 .rodata.main.str1.1
                0x08001b9d      0x3cb ps2-msx-kb-conv.o
                                0x3ea (size before relaxing)
 .rodata.rcc_hse_25mhz_3v3
                0x08001f68       0x70 /home/evandro/Develop/libopencm3/lib//libopencm3_stm32f4.a(rcc.o)
                0x08001f68                rcc_hse_25mhz_3v3
 .rodata.stm32f107_usb_driver
                0x08001fd8       0x34 /home/evandro/Develop/libopencm3/lib//libopencm3_stm32f4.a(usb_f107.o)
                0x08001fd8                stm32f107_usb_driver
                0x0800200c                        . = ALIGN (0x4)

.glue_7         0x0800200c        0x0
 .glue_7        0x0800200c        0x0 linker stubs

.glue_7t        0x0800200c        0x0
 .glue_7t       0x0800200c        0x0 linker stubs

.vfp11_veneer   0x0800200c        0x0
 .vfp11_veneer  0x0800200c        0x0 linker stubs

.v4_bx          0x0800200c        0x0
 .v4_bx         0x0800200c        0x0 linker stubs

.iplt           0x0800200c        0x0
 .iplt          0x0800200c        0x0 msxmap.o

.preinit_array  0x0800200c        0x0
                0x0800200c                        . = ALIGN (0x4)
                0x0800200c                        __preinit_array_start = .
 *(.preinit_array)
                0x0800200c                        __preinit_array_end = .

.init_array     0x0800200c        0x0
                0x0800200c                        . = ALIGN (0x4)
                0x0800200c                        __init_array_start = .
 *(SORT_BY_NAME(.init_array.*))
 *(.init_array)
                0x0800200c                        __init_array_end = .

.fini_array     0x0800200c        0x0
                0x0800200c                        . = ALIGN (0x4)
                0x0800200c                        __fini_array_start = .
 *(.fini_array)
 *(SORT_BY_NAME(.fini_array.*))
                0x0800200c                        __fini_array_end = .

.ARM.extab
 *(.ARM.extab*)

.ARM.exidx      0x0800200c       0xe8
                0x0800200c                        __exidx_start = .
 *(.ARM.exidx*)
 .ARM.exidx.text._ZN6msxmap30put_msx_disp_keys_queue_bufferEh.constprop.0.isra.0
                0x0800200c        0x8 msxmap.o
 .ARM.exidx.text._ZN6msxmap19msx_interface_setupEv
                0x08002014        0x8 msxmap.o
 .ARM.exidx.text._ZN6msxmap36available_msx_disp_keys_queue_bufferEv
                0x0800201c        0x8 msxmap.o
 .ARM.exidx.text._ZN6msxmap30get_msx_disp_keys_queue_bufferEv
                0x08002024        0x0 msxmap.o
                                  0x8 (size before relaxing)
 .ARM.exidx.text._ZN6msxmap40compute_x_bits_and_check_interrupt_stuckEhhb
                0x08002024        0x8 msxmap.o
 .ARM.exidx.text._ZN6msxmap12msxqueuekeysEv
                0x0800202c        0x8 msxmap.o
 .ARM.exidx.text._ZN6msxmap12msx_dispatchEv
                0x08002034        0x8 msxmap.o
 .ARM.exidx.text._ZN6msxmap11convert2msxEv
                0x0800203c        0x8 msxmap.o
 .ARM.exidx.text.exti9_5_isr
                0x08002044        0x8 msxmap.o
 .ARM.exidx.text._Z13systick_setupv
                0x0800204c        0x8 sys_timer.o
 .ARM.exidx.text.sys_tick_handler
                0x08002054       0x10 sys_timer.o
                                  0x8 (size before relaxing)
 .ARM.exidx.text._Z11end_of_codePm
                0x08002064        0x0 ps2-msx-kb-conv.o
                                  0x8 (size before relaxing)
 .ARM.exidx.text.startup.main
                0x08002064       0x10 ps2-msx-kb-conv.o
                                  0x8 (size before relaxing)
 .ARM.exidx     0x08002074        0x0 /opt/gcc-arm-none/bin/../lib/gcc/arm-none-eabi/12.2.1/../../../../arm-none-eabi/lib/thumb/v7e-m+fp/hard/libc.a(libc_a-memcpy.o)
                                  0x8 (size before relaxing)
 .ARM.exidx     0x08002074        0x0 /opt/gcc-arm-none/bin/../lib/gcc/arm-none-eabi/12.2.1/../../../../arm-none-eabi/lib/thumb/v7e-m+fp/hard/libc.a(libc_a-strlen.o)
                                  0x8 (size before relaxing)
 .ARM.exidx.text.selfrel_offset31
                0x08002074        0x0 /opt/gcc-arm-none/bin/../lib/gcc/arm-none-eabi/12.2.1/thumb/v7e-m+fp/hard/libgcc.a(unwind-arm.o)
                                  0x8 (size before relaxing)
 .ARM.exidx.text.search_EIT_table
                0x08002074        0x0 /opt/gcc-arm-none/bin/../lib/gcc/arm-none-eabi/12.2.1/thumb/v7e-m+fp/hard/libgcc.a(unwind-arm.o)
                                  0x8 (size before relaxing)
 .ARM.exidx.text.__gnu_unwind_get_pr_addr
                0x08002074        0x0 /opt/gcc-arm-none/bin/../lib/gcc/arm-none-eabi/12.2.1/thumb/v7e-m+fp/hard/libgcc.a(unwind-arm.o)
                                  0x8 (size before relaxing)
 .ARM.exidx.text.get_eit_entry
                0x08002074        0x8 /opt/gcc-arm-none/bin/../lib/gcc/arm-none-eabi/12.2.1/thumb/v7e-m+fp/hard/libgcc.a(unwind-arm.o)
 .ARM.exidx.text.restore_non_core_regs
                0x0800207c        0x8 /opt/gcc-arm-none/bin/../lib/gcc/arm-none-eabi/12.2.1/thumb/v7e-m+fp/hard/libgcc.a(unwind-arm.o)
 .ARM.exidx.text._Unwind_decode_typeinfo_ptr.constprop.0
                0x08002084        0x8 /opt/gcc-arm-none/bin/../lib/gcc/arm-none-eabi/12.2.1/thumb/v7e-m+fp/hard/libgcc.a(unwind-arm.o)
 .ARM.exidx.text._Unwind_DebugHook
                0x0800208c        0x0 /opt/gcc-arm-none/bin/../lib/gcc/arm-none-eabi/12.2.1/thumb/v7e-m+fp/hard/libgcc.a(unwind-arm.o)
                                  0x8 (size before relaxing)
 .ARM.exidx.text.unwind_phase2
                0x0800208c        0x8 /opt/gcc-arm-none/bin/../lib/gcc/arm-none-eabi/12.2.1/thumb/v7e-m+fp/hard/libgcc.a(unwind-arm.o)
 .ARM.exidx.text.unwind_phase2_forced
                0x08002094        0x8 /opt/gcc-arm-none/bin/../lib/gcc/arm-none-eabi/12.2.1/thumb/v7e-m+fp/hard/libgcc.a(unwind-arm.o)
 .ARM.exidx.text.__gnu_Unwind_RaiseException
                0x0800209c        0x8 /opt/gcc-arm-none/bin/../lib/gcc/arm-none-eabi/12.2.1/thumb/v7e-m+fp/hard/libgcc.a(unwind-arm.o)
 .ARM.exidx.text.__gnu_Unwind_ForcedUnwind
                0x080020a4        0x8 /opt/gcc-arm-none/bin/../lib/gcc/arm-none-eabi/12.2.1/thumb/v7e-m+fp/hard/libgcc.a(unwind-arm.o)
 .ARM.exidx.text.__gnu_Unwind_Resume
                0x080020ac        0x8 /opt/gcc-arm-none/bin/../lib/gcc/arm-none-eabi/12.2.1/thumb/v7e-m+fp/hard/libgcc.a(unwind-arm.o)
 .ARM.exidx.text.__gnu_Unwind_Resume_or_Rethrow
                0x080020b4        0x8 /opt/gcc-arm-none/bin/../lib/gcc/arm-none-eabi/12.2.1/thumb/v7e-m+fp/hard/libgcc.a(unwind-arm.o)
 .ARM.exidx.text._Unwind_VRS_Get
                0x080020bc        0x0 /opt/gcc-arm-none/bin/../lib/gcc/arm-none-eabi/12.2.1/thumb/v7e-m+fp/hard/libgcc.a(unwind-arm.o)
                                  0x8 (size before relaxing)
 .ARM.exidx.text._Unwind_GetGR
                0x080020bc        0x0 /opt/gcc-arm-none/bin/../lib/gcc/arm-none-eabi/12.2.1/thumb/v7e-m+fp/hard/libgcc.a(unwind-arm.o)
                                  0x8 (size before relaxing)
 .ARM.exidx.text._Unwind_VRS_Set
                0x080020bc        0x0 /opt/gcc-arm-none/bin/../lib/gcc/arm-none-eabi/12.2.1/thumb/v7e-m+fp/hard/libgcc.a(unwind-arm.o)
                                  0x8 (size before relaxing)
 .ARM.exidx.text._Unwind_SetGR
                0x080020bc        0x0 /opt/gcc-arm-none/bin/../lib/gcc/arm-none-eabi/12.2.1/thumb/v7e-m+fp/hard/libgcc.a(unwind-arm.o)
                                  0x8 (size before relaxing)
 .ARM.exidx.text.__gnu_Unwind_Backtrace
                0x080020bc        0x8 /opt/gcc-arm-none/bin/../lib/gcc/arm-none-eabi/12.2.1/thumb/v7e-m+fp/hard/libgcc.a(unwind-arm.o)
 .ARM.exidx.text.__gnu_unwind_pr_common
                0x080020c4        0x8 /opt/gcc-arm-none/bin/../lib/gcc/arm-none-eabi/12.2.1/thumb/v7e-m+fp/hard/libgcc.a(unwind-arm.o)
 .ARM.exidx.text.__aeabi_unwind_cpp_pr0
                0x080020cc        0x8 /opt/gcc-arm-none/bin/../lib/gcc/arm-none-eabi/12.2.1/thumb/v7e-m+fp/hard/libgcc.a(unwind-arm.o)
 .ARM.exidx.text.__aeabi_unwind_cpp_pr1
                0x080020d4        0x0 /opt/gcc-arm-none/bin/../lib/gcc/arm-none-eabi/12.2.1/thumb/v7e-m+fp/hard/libgcc.a(unwind-arm.o)
                                  0x8 (size before relaxing)
 .ARM.exidx.text.__aeabi_unwind_cpp_pr2
                0x080020d4        0x0 /opt/gcc-arm-none/bin/../lib/gcc/arm-none-eabi/12.2.1/thumb/v7e-m+fp/hard/libgcc.a(unwind-arm.o)
                                  0x8 (size before relaxing)
 .ARM.exidx.text._Unwind_VRS_Pop
                0x080020d4       0x10 /opt/gcc-arm-none/bin/../lib/gcc/arm-none-eabi/12.2.1/thumb/v7e-m+fp/hard/libgcc.a(unwind-arm.o)
                                  0x8 (size before relaxing)
 .ARM.exidx.text.next_unwind_byte
                0x080020e4        0x0 /opt/gcc-arm-none/bin/../lib/gcc/arm-none-eabi/12.2.1/thumb/v7e-m+fp/hard/libgcc.a(pr-support.o)
                                  0x8 (size before relaxing)
 .ARM.exidx.text.__gnu_unwind_execute
                0x080020e4       0x10 /opt/gcc-arm-none/bin/../lib/gcc/arm-none-eabi/12.2.1/thumb/v7e-m+fp/hard/libgcc.a(pr-support.o)
                                  0x8 (size before relaxing)
                0x080020f4                        __exidx_end = .

.rel.dyn        0x080020f4        0x0
 .rel.iplt      0x080020f4        0x0 msxmap.o
                0x080020f4                        . = ALIGN (0x4)
                0x080020f4                        _etext = .

.noinit
 *(.noinit*)
                0x080020f4                        . = ALIGN (0x4)

.data           0x20000000       0x3c load address 0x080020f4
                0x20000000                        _data = .
 *(.data*)
 .data.UNUSED_DATABASE
                0x20000000        0x8 msxmap.o
                0x20000000                UNUSED_DATABASE
 .data.usb_strings
                0x20000008       0x24 cdcacm.o
 .data.xon_condition
                0x2000002c        0x1 serial.o
                0x2000002c                xon_condition
 .data.enable_xon_xoff
                0x2000002d        0x1 serial.o
                0x2000002d                enable_xon_xoff
 *fill*         0x2000002e        0x2 
 .data.rcc_apb2_frequency
                0x20000030        0x4 /home/evandro/Develop/libopencm3/lib//libopencm3_stm32f4.a(rcc.o)
                0x20000030                rcc_apb2_frequency
 .data.rcc_apb1_frequency
                0x20000034        0x4 /home/evandro/Develop/libopencm3/lib//libopencm3_stm32f4.a(rcc.o)
                0x20000034                rcc_apb1_frequency
 .data.rcc_ahb_frequency
                0x20000038        0x4 /home/evandro/Develop/libopencm3/lib//libopencm3_stm32f4.a(rcc.o)
                0x20000038                rcc_ahb_frequency
 *(.ramtext*)
                0x2000003c                        . = ALIGN (0x4)
                0x2000003c                        _edata = .
                0x080020f4                        _data_loadaddr = LOADADDR (.data)

.igot.plt       0x2000003c        0x0 load address 0x08002130
 .igot.plt      0x2000003c        0x0 msxmap.o

.bss            0x20000040     0x1fb8 load address 0x08002130
 *(.bss*)
 .bss.dispatch_keys_queue
                0x20000040        0xc msxmap.o
                0x20000040                dispatch_keys_queue
 .bss.dispatch_keys_queue_buffer
                0x2000004c       0x10 msxmap.o
                0x2000004c                dispatch_keys_queue_buffer
 .bss.CtrlAltDel
                0x2000005c        0x1 msxmap.o
                0x2000005c                CtrlAltDel
 .bss.scancode  0x2000005d        0x4 msxmap.o
                0x2000005d                scancode
 *fill*         0x20000061        0x3 
 .bss.formerscancode
                0x20000064        0x4 msxmap.o
                0x20000064                formerscancode
 .bss.y_dummy   0x20000068        0x1 msxmap.o
                0x20000068                y_dummy
 *fill*         0x20000069        0x3 
 .bss.x_bits    0x2000006c       0x40 msxmap.o
                0x2000006c                x_bits
 .bss.previous_y_systick
                0x200000ac       0x40 msxmap.o
                0x200000ac                previous_y_systick
 .bss.linhavarrida
                0x200000ec        0x2 msxmap.o
                0x200000ec                linhavarrida
 .bss.shiftstate
                0x200000ee        0x1 msxmap.o
                0x200000ee                shiftstate
 .bss.do_next_keep_alive
                0x200000ef        0x1 msxmap.o
                0x200000ef                do_next_keep_alive
 .bss.base_of_database
                0x200000f0        0x4 msxmap.o
                0x200000f0                base_of_database
 .bss.parity_bit.0
                0x200000f4        0x1 ps2handl.o
 .bss.stop_bit.1
                0x200000f5        0x1 ps2handl.o
 .bss.data_word.2
                0x200000f6        0x1 ps2handl.o
 .bss.ps2_recv_get_ptr
                0x200000f7        0x1 ps2handl.o
                0x200000f7                ps2_recv_get_ptr
 .bss.ps2_recv_put_ptr
                0x200000f8        0x1 ps2handl.o
                0x200000f8                ps2_recv_put_ptr
 .bss.ps2_recv_buffer
                0x200000f9       0x40 ps2handl.o
                0x200000f9                ps2_recv_buffer
 .bss.mount_scancode_count_status
                0x20000139        0x1 ps2handl.o
                0x20000139                mount_scancode_count_status
 .bss.ps2_byte_received
                0x2000013a        0x1 ps2handl.o
                0x2000013a                ps2_byte_received
 .bss.ps2_keystr_f0
                0x2000013b        0x1 ps2handl.o
                0x2000013b                ps2_keystr_f0
 .bss.ps2_keystr_e1
                0x2000013c        0x1 ps2handl.o
                0x2000013c                ps2_keystr_e1
 .bss.ps2_keystr_e0
                0x2000013d        0x1 ps2handl.o
                0x2000013d                ps2_keystr_e0
 .bss.mount_scancode_OK
                0x2000013e        0x1 ps2handl.o
                0x2000013e                mount_scancode_OK
 .bss.kana_former
                0x2000013f        0x1 ps2handl.o
                0x2000013f                kana_former
 .bss.caps_former
                0x20000140        0x1 ps2handl.o
                0x20000140                caps_former
 .bss.kana_state
                0x20000141        0x1 ps2handl.o
                0x20000141                kana_state
 .bss.caps_state
                0x20000142        0x1 ps2handl.o
                0x20000142                caps_state
 .bss.echo_received
                0x20000143        0x1 ps2handl.o
                0x20000143                echo_received
 .bss.command_running
                0x20000144        0x1 ps2handl.o
                0x20000144                command_running
 .bss.ps2numlockstate
                0x20000145        0x1 ps2handl.o
                0x20000145                ps2numlockstate
 .bss.ps2_keyb_detected
                0x20000146        0x1 ps2handl.o
                0x20000146                ps2_keyb_detected
 .bss.update_ps2_leds
                0x20000147        0x1 ps2handl.o
                0x20000147                update_ps2_leds
 .bss.formerps2datapin
                0x20000148        0x1 ps2handl.o
                0x20000148                formerps2datapin
 *fill*         0x20000149        0x3 
 .bss.ps2int_prev_systicks
                0x2000014c        0x4 ps2handl.o
                0x2000014c                ps2int_prev_systicks
 .bss.prev_systicks
                0x20000150        0x4 ps2handl.o
                0x20000150                prev_systicks
 .bss.argument  0x20000154        0x1 ps2handl.o
                0x20000154                argument
 .bss.command   0x20000155        0x1 ps2handl.o
                0x20000155                command
 .bss.ps2int_RX_bit_idx
                0x20000156        0x1 ps2handl.o
                0x20000156                ps2int_RX_bit_idx
 .bss.ps2int_TX_bit_idx
                0x20000157        0x1 ps2handl.o
                0x20000157                ps2int_TX_bit_idx
 .bss.ps2int_state
                0x20000158        0x2 ps2handl.o
                0x20000158                ps2int_state
 .bss.compatible_database
                0x2000015a        0x1 dbasemgt.o
                0x2000015a                compatible_database
 .bss.abort_intelhex_reception
                0x2000015b        0x1 get_intelhex.o
                0x2000015b                abort_intelhex_reception
 .bss.error_intel_hex
                0x2000015c        0x1 get_intelhex.o
                0x2000015c                error_intel_hex
 *fill*         0x2000015d        0x1 
 .bss.fail_count
                0x2000015e        0x2 sys_timer.o
                0x2000015e                fail_count
 .bss.last_ps2_fails
                0x20000160        0x2 sys_timer.o
                0x20000160                last_ps2_fails
 .bss.ticks_keys
                0x20000162        0x2 sys_timer.o
                0x20000162                ticks_keys
 .bss.ticks     0x20000164        0x4 sys_timer.o
                0x20000164                ticks
 .bss.systicks  0x20000168        0x4 sys_timer.o
                0x20000168                systicks
 .bss.serial_no
                0x2000016c        0xd serial_no.o
                0x2000016c                serial_no
 .bss.usbd_control_buffer
                0x20000179      0x100 cdcacm.o
                0x20000179                usbd_control_buffer
 .bss.nak_cleared
                0x20000279        0x8 cdcacm.o
                0x20000279                nak_cleared
 *fill*         0x20000281        0x3 
 .bss.usb_configured
                0x20000284        0x4 cdcacm.o
                0x20000284                usb_configured
 .bss.usb_dev   0x20000288        0x4 cdcacm.o
                0x20000288                usb_dev
 .bss.ok_to_rx  0x2000028c        0x1 serial.o
                0x2000028c                ok_to_rx
 .bss.con_rx_ring_buffer
                0x2000028d     0x1000 serial.o
                0x2000028d                con_rx_ring_buffer
 .bss.con_tx_ring_buffer
                0x2000128d      0x800 serial.o
                0x2000128d                con_tx_ring_buffer
 *fill*         0x20001a8d        0x3 
 .bss.con_rx_ring
                0x20001a90        0xc serial.o
                0x20001a90                con_rx_ring
 .bss.con_tx_ring
                0x20001a9c        0xc serial.o
                0x20001a9c                con_tx_ring
 .bss.last_dma_tx_set_number_of_data
                0x20001aa8        0x2 serial.o
                0x20001aa8                last_dma_tx_set_number_of_data
 .bss.buf_dma_rx
                0x20001aaa      0x100 serial.o
                0x20001aaa                buf_dma_rx
 *fill*         0x20001baa        0x2 
 .bss.dma_rx_ring
                0x20001bac        0xc serial.o
                0x20001bac                dma_rx_ring
 .bss.uart_rx_ring_buffer
                0x20001bb8      0x200 serial.o
                0x20001bb8                uart_rx_ring_buffer
 .bss.uart_tx_ring_buffer
                0x20001db8      0x100 serial.o
                0x20001db8                uart_tx_ring_buffer
 .bss.uart_rx_ring
                0x20001eb8        0xc serial.o
                0x20001eb8                uart_rx_ring
 .bss.uart_tx_ring
                0x20001ec4        0xc serial.o
                0x20001ec4                uart_tx_ring
 .bss.xonoff_sendnow
                0x20001ed0        0x1 serial.o
                0x20001ed0                xonoff_sendnow
 .bss.xoff_condition
                0x20001ed1        0x1 serial.o
                0x20001ed1                xoff_condition
 *fill*         0x20001ed2        0x2 
 .bss.next_routine
                0x20001ed4        0x4 hr_timer.o
                0x20001ed4                next_routine
 .bss.acctimeps2data0
                0x20001ed8        0x8 hr_timer.o
                0x20001ed8                acctimeps2data0
 .bss.time_between_ps2clk
                0x20001ee0        0x8 hr_timer.o
                0x20001ee0                time_between_ps2clk
 .bss.TIM2_Update_Cnt
                0x20001ee8        0x8 hr_timer.o
                0x20001ee8                TIM2_Update_Cnt
 .bss.usb_configured_prev
                0x20001ef0        0x4 ps2-msx-kb-conv.o
                0x20001ef0                usb_configured_prev
 .bss.usbd_dev  0x20001ef4      0x104 /home/evandro/Develop/libopencm3/lib//libopencm3_stm32f4.a(usb_f107.o)
 *(COMMON)
                0x20001ff8                        . = ALIGN (0x4)
                0x20001ff8                        _ebss = .

/DISCARD/
 *(.eh_frame)
                0x20001ff8                        . = ALIGN (0x4)
                0x20001ff8                        end = .
                0x20010000                        PROVIDE (_stack = (ORIGIN (ram) + LENGTH (ram)))
OUTPUT(ps2-msx-kb-convF4.elf elf32-littlearm)
LOAD linker stubs

.debug_info     0x00000000    0x186df
 .debug_info    0x00000000     0x2017 msxmap.o
 .debug_info    0x00002017     0x18e7 ps2handl.o
 .debug_info    0x000038fe     0x13ff dbasemgt.o
 .debug_info    0x00004cfd      0x829 get_intelhex.o
 .debug_info    0x00005526     0x1523 sys_timer.o
 .debug_info    0x00006a49      0x1bb serial_no.o
 .debug_info    0x00006c04     0x1c68 cdcacm.o
 .debug_info    0x0000886c     0x214d serial.o
 .debug_info    0x0000a9b9      0xbb8 hr_timer.o
 .debug_info    0x0000b571      0x724 SpecialFaultHandlers.o
 .debug_info    0x0000bc95     0x2140 ps2-msx-kb-conv.o
 .debug_info    0x0000ddd5      0xcd7 /home/evandro/Develop/libopencm3/lib//libopencm3_stm32f4.a(dma_common_f24.o)
 .debug_info    0x0000eaac      0x222 /home/evandro/Develop/libopencm3/lib//libopencm3_stm32f4.a(exti_common_all.o)
 .debug_info    0x0000ecce      0x109 /home/evandro/Develop/libopencm3/lib//libopencm3_stm32f4.a(flash.o)
 .debug_info    0x0000edd7       0xb9 /home/evandro/Develop/libopencm3/lib//libopencm3_stm32f4.a(flash_common_f.o)
 .debug_info    0x0000ee90      0x43b /home/evandro/Develop/libopencm3/lib//libopencm3_stm32f4.a(flash_common_f24.o)
 .debug_info    0x0000f2cb      0x256 /home/evandro/Develop/libopencm3/lib//libopencm3_stm32f4.a(gpio_common_all.o)
 .debug_info    0x0000f521      0x21b /home/evandro/Develop/libopencm3/lib//libopencm3_stm32f4.a(gpio_common_f0234.o)
 .debug_info    0x0000f73c      0x190 /home/evandro/Develop/libopencm3/lib//libopencm3_stm32f4.a(iwdg_common_all.o)
 .debug_info    0x0000f8cc      0x932 /home/evandro/Develop/libopencm3/lib//libopencm3_stm32f4.a(rcc_common_all.o)
 .debug_info    0x000101fe      0xf9b /home/evandro/Develop/libopencm3/lib//libopencm3_stm32f4.a(rcc.o)
 .debug_info    0x00011199     0x1004 /home/evandro/Develop/libopencm3/lib//libopencm3_stm32f4.a(timer_common_all.o)
 .debug_info    0x0001219d      0x57e /home/evandro/Develop/libopencm3/lib//libopencm3_stm32f4.a(usart_common_all.o)
 .debug_info    0x0001271b      0xf51 /home/evandro/Develop/libopencm3/lib//libopencm3_stm32f4.a(usb.o)
 .debug_info    0x0001366c     0x162d /home/evandro/Develop/libopencm3/lib//libopencm3_stm32f4.a(usb_standard.o)
 .debug_info    0x00014c99     0x1064 /home/evandro/Develop/libopencm3/lib//libopencm3_stm32f4.a(usb_control.o)
 .debug_info    0x00015cfd      0xfb4 /home/evandro/Develop/libopencm3/lib//libopencm3_stm32f4.a(usb_f107.o)
 .debug_info    0x00016cb1      0x2d9 /home/evandro/Develop/libopencm3/lib//libopencm3_stm32f4.a(vector.o)
 .debug_info    0x00016f8a      0x271 /home/evandro/Develop/libopencm3/lib//libopencm3_stm32f4.a(systick.o)
 .debug_info    0x000171fb       0xdb /home/evandro/Develop/libopencm3/lib//libopencm3_stm32f4.a(scb.o)
 .debug_info    0x000172d6      0x239 /home/evandro/Develop/libopencm3/lib//libopencm3_stm32f4.a(nvic.o)
 .debug_info    0x0001750f       0xf1 /home/evandro/Develop/libopencm3/lib//libopencm3_stm32f4.a(flash_common_all.o)
 .debug_info    0x00017600       0xe9 /home/evandro/Develop/libopencm3/lib//libopencm3_stm32f4.a(flash_common_idcache.o)
 .debug_info    0x000176e9       0xe9 /home/evandro/Develop/libopencm3/lib//libopencm3_stm32f4.a(pwr.o)
 .debug_info    0x000177d2      0xf0d /home/evandro/Develop/libopencm3/lib//libopencm3_stm32f4.a(usb_dwc_common.o)

.debug_abbrev   0x00000000     0x460c
 .debug_abbrev  0x00000000      0x47c msxmap.o
 .debug_abbrev  0x0000047c      0x340 ps2handl.o
 .debug_abbrev  0x000007bc      0x240 dbasemgt.o
 .debug_abbrev  0x000009fc      0x267 get_intelhex.o
 .debug_abbrev  0x00000c63      0x30d sys_timer.o
 .debug_abbrev  0x00000f70      0x117 serial_no.o
 .debug_abbrev  0x00001087      0x3c9 cdcacm.o
 .debug_abbrev  0x00001450      0x498 serial.o
 .debug_abbrev  0x000018e8      0x226 hr_timer.o
 .debug_abbrev  0x00001b0e      0x148 SpecialFaultHandlers.o
 .debug_abbrev  0x00001c56      0x3e6 ps2-msx-kb-conv.o
 .debug_abbrev  0x0000203c      0x1a3 /home/evandro/Develop/libopencm3/lib//libopencm3_stm32f4.a(dma_common_f24.o)
 .debug_abbrev  0x000021df      0x103 /home/evandro/Develop/libopencm3/lib//libopencm3_stm32f4.a(exti_common_all.o)
 .debug_abbrev  0x000022e2       0x9a /home/evandro/Develop/libopencm3/lib//libopencm3_stm32f4.a(flash.o)
 .debug_abbrev  0x0000237c       0x56 /home/evandro/Develop/libopencm3/lib//libopencm3_stm32f4.a(flash_common_f.o)
 .debug_abbrev  0x000023d2      0x160 /home/evandro/Develop/libopencm3/lib//libopencm3_stm32f4.a(flash_common_f24.o)
 .debug_abbrev  0x00002532      0x115 /home/evandro/Develop/libopencm3/lib//libopencm3_stm32f4.a(gpio_common_all.o)
 .debug_abbrev  0x00002647       0xc2 /home/evandro/Develop/libopencm3/lib//libopencm3_stm32f4.a(gpio_common_f0234.o)
 .debug_abbrev  0x00002709      0x120 /home/evandro/Develop/libopencm3/lib//libopencm3_stm32f4.a(iwdg_common_all.o)
 .debug_abbrev  0x00002829      0x185 /home/evandro/Develop/libopencm3/lib//libopencm3_stm32f4.a(rcc_common_all.o)
 .debug_abbrev  0x000029ae      0x2da /home/evandro/Develop/libopencm3/lib//libopencm3_stm32f4.a(rcc.o)
 .debug_abbrev  0x00002c88      0x1ac /home/evandro/Develop/libopencm3/lib//libopencm3_stm32f4.a(timer_common_all.o)
 .debug_abbrev  0x00002e34      0x16f /home/evandro/Develop/libopencm3/lib//libopencm3_stm32f4.a(usart_common_all.o)
 .debug_abbrev  0x00002fa3      0x291 /home/evandro/Develop/libopencm3/lib//libopencm3_stm32f4.a(usb.o)
 .debug_abbrev  0x00003234      0x4d6 /home/evandro/Develop/libopencm3/lib//libopencm3_stm32f4.a(usb_standard.o)
 .debug_abbrev  0x0000370a      0x3ba /home/evandro/Develop/libopencm3/lib//libopencm3_stm32f4.a(usb_control.o)
 .debug_abbrev  0x00003ac4      0x22b /home/evandro/Develop/libopencm3/lib//libopencm3_stm32f4.a(usb_f107.o)
 .debug_abbrev  0x00003cef      0x15f /home/evandro/Develop/libopencm3/lib//libopencm3_stm32f4.a(vector.o)
 .debug_abbrev  0x00003e4e      0x14e /home/evandro/Develop/libopencm3/lib//libopencm3_stm32f4.a(systick.o)
 .debug_abbrev  0x00003f9c       0x88 /home/evandro/Develop/libopencm3/lib//libopencm3_stm32f4.a(scb.o)
 .debug_abbrev  0x00004024       0xb6 /home/evandro/Develop/libopencm3/lib//libopencm3_stm32f4.a(nvic.o)
 .debug_abbrev  0x000040da       0x96 /home/evandro/Develop/libopencm3/lib//libopencm3_stm32f4.a(flash_common_all.o)
 .debug_abbrev  0x00004170       0x56 /home/evandro/Develop/libopencm3/lib//libopencm3_stm32f4.a(flash_common_idcache.o)
 .debug_abbrev  0x000041c6       0x9a /home/evandro/Develop/libopencm3/lib//libopencm3_stm32f4.a(pwr.o)
 .debug_abbrev  0x00004260      0x3ac /home/evandro/Develop/libopencm3/lib//libopencm3_stm32f4.a(usb_dwc_common.o)

.debug_loclists
                0x00000000     0x55c0
 .debug_loclists
                0x00000000      0x596 msxmap.o
 .debug_loclists
                0x00000596      0x368 ps2handl.o
 .debug_loclists
                0x000008fe      0x822 dbasemgt.o
 .debug_loclists
                0x00001120      0x38d get_intelhex.o
 .debug_loclists
                0x000014ad       0x40 serial_no.o
 .debug_loclists
                0x000014ed      0x64d cdcacm.o
 .debug_loclists
                0x00001b3a      0x8f5 serial.o
 .debug_loclists
                0x0000242f       0x7f hr_timer.o
 .debug_loclists
                0x000024ae       0xc7 SpecialFaultHandlers.o
 .debug_loclists
                0x00002575       0x86 ps2-msx-kb-conv.o
 .debug_loclists
                0x000025fb      0x77e /home/evandro/Develop/libopencm3/lib//libopencm3_stm32f4.a(dma_common_f24.o)
 .debug_loclists
                0x00002d79       0xa4 /home/evandro/Develop/libopencm3/lib//libopencm3_stm32f4.a(exti_common_all.o)
 .debug_loclists
                0x00002e1d      0x1ef /home/evandro/Develop/libopencm3/lib//libopencm3_stm32f4.a(flash_common_f24.o)
 .debug_loclists
                0x0000300c       0x7e /home/evandro/Develop/libopencm3/lib//libopencm3_stm32f4.a(gpio_common_all.o)
 .debug_loclists
                0x0000308a       0xcf /home/evandro/Develop/libopencm3/lib//libopencm3_stm32f4.a(gpio_common_f0234.o)
 .debug_loclists
                0x00003159       0x88 /home/evandro/Develop/libopencm3/lib//libopencm3_stm32f4.a(iwdg_common_all.o)
 .debug_loclists
                0x000031e1       0x68 /home/evandro/Develop/libopencm3/lib//libopencm3_stm32f4.a(rcc_common_all.o)
 .debug_loclists
                0x00003249      0x466 /home/evandro/Develop/libopencm3/lib//libopencm3_stm32f4.a(rcc.o)
 .debug_loclists
                0x000036af      0x1a2 /home/evandro/Develop/libopencm3/lib//libopencm3_stm32f4.a(timer_common_all.o)
 .debug_loclists
                0x00003851       0xf0 /home/evandro/Develop/libopencm3/lib//libopencm3_stm32f4.a(usart_common_all.o)
 .debug_loclists
                0x00003941      0x342 /home/evandro/Develop/libopencm3/lib//libopencm3_stm32f4.a(usb.o)
 .debug_loclists
                0x00003c83      0xbc5 /home/evandro/Develop/libopencm3/lib//libopencm3_stm32f4.a(usb_standard.o)
 .debug_loclists
                0x00004848      0x50b /home/evandro/Develop/libopencm3/lib//libopencm3_stm32f4.a(usb_control.o)
 .debug_loclists
                0x00004d53       0xb6 /home/evandro/Develop/libopencm3/lib//libopencm3_stm32f4.a(vector.o)
 .debug_loclists
                0x00004e09      0x12c /home/evandro/Develop/libopencm3/lib//libopencm3_stm32f4.a(systick.o)
 .debug_loclists
                0x00004f35       0x23 /home/evandro/Develop/libopencm3/lib//libopencm3_stm32f4.a(scb.o)
 .debug_loclists
                0x00004f58       0xdb /home/evandro/Develop/libopencm3/lib//libopencm3_stm32f4.a(nvic.o)
 .debug_loclists
                0x00005033       0x17 /home/evandro/Develop/libopencm3/lib//libopencm3_stm32f4.a(flash_common_all.o)
 .debug_loclists
                0x0000504a       0x37 /home/evandro/Develop/libopencm3/lib//libopencm3_stm32f4.a(pwr.o)
 .debug_loclists
                0x00005081      0x53f /home/evandro/Develop/libopencm3/lib//libopencm3_stm32f4.a(usb_dwc_common.o)

.debug_aranges  0x00000000     0x1058
 .debug_aranges
                0x00000000       0x68 msxmap.o
 .debug_aranges
                0x00000068       0xc8 ps2handl.o
 .debug_aranges
                0x00000130       0x50 dbasemgt.o
 .debug_aranges
                0x00000180       0x38 get_intelhex.o
 .debug_aranges
                0x000001b8       0x28 sys_timer.o
 .debug_aranges
                0x000001e0       0x20 serial_no.o
 .debug_aranges
                0x00000200       0x80 cdcacm.o
 .debug_aranges
                0x00000280       0xe8 serial.o
 .debug_aranges
                0x00000368       0x40 hr_timer.o
 .debug_aranges
                0x000003a8       0x60 SpecialFaultHandlers.o
 .debug_aranges
                0x00000408       0x28 ps2-msx-kb-conv.o
 .debug_aranges
                0x00000430      0x170 /home/evandro/Develop/libopencm3/lib//libopencm3_stm32f4.a(dma_common_f24.o)
 .debug_aranges
                0x000005a0       0x48 /home/evandro/Develop/libopencm3/lib//libopencm3_stm32f4.a(exti_common_all.o)
 .debug_aranges
                0x000005e8       0x30 /home/evandro/Develop/libopencm3/lib//libopencm3_stm32f4.a(flash.o)
 .debug_aranges
                0x00000618       0x30 /home/evandro/Develop/libopencm3/lib//libopencm3_stm32f4.a(flash_common_f.o)
 .debug_aranges
                0x00000648       0x80 /home/evandro/Develop/libopencm3/lib//libopencm3_stm32f4.a(flash_common_f24.o)
 .debug_aranges
                0x000006c8       0x50 /home/evandro/Develop/libopencm3/lib//libopencm3_stm32f4.a(gpio_common_all.o)
 .debug_aranges
                0x00000718       0x30 /home/evandro/Develop/libopencm3/lib//libopencm3_stm32f4.a(gpio_common_f0234.o)
 .debug_aranges
                0x00000748       0x40 /home/evandro/Develop/libopencm3/lib//libopencm3_stm32f4.a(iwdg_common_all.o)
 .debug_aranges
                0x00000788       0x80 /home/evandro/Develop/libopencm3/lib//libopencm3_stm32f4.a(rcc_common_all.o)
 .debug_aranges
                0x00000808      0x110 /home/evandro/Develop/libopencm3/lib//libopencm3_stm32f4.a(rcc.o)
 .debug_aranges
                0x00000918      0x278 /home/evandro/Develop/libopencm3/lib//libopencm3_stm32f4.a(timer_common_all.o)
 .debug_aranges
                0x00000b90       0xd8 /home/evandro/Develop/libopencm3/lib//libopencm3_stm32f4.a(usart_common_all.o)
 .debug_aranges
                0x00000c68       0x90 /home/evandro/Develop/libopencm3/lib//libopencm3_stm32f4.a(usb.o)
 .debug_aranges
                0x00000cf8       0xa0 /home/evandro/Develop/libopencm3/lib//libopencm3_stm32f4.a(usb_standard.o)
 .debug_aranges
                0x00000d98       0x60 /home/evandro/Develop/libopencm3/lib//libopencm3_stm32f4.a(usb_control.o)
 .debug_aranges
                0x00000df8       0x20 /home/evandro/Develop/libopencm3/lib//libopencm3_stm32f4.a(usb_f107.o)
 .debug_aranges
                0x00000e18       0x30 /home/evandro/Develop/libopencm3/lib//libopencm3_stm32f4.a(vector.o)
 .debug_aranges
                0x00000e48       0x78 /home/evandro/Develop/libopencm3/lib//libopencm3_stm32f4.a(systick.o)
 .debug_aranges
                0x00000ec0       0x30 /home/evandro/Develop/libopencm3/lib//libopencm3_stm32f4.a(scb.o)
 .debug_aranges
                0x00000ef0       0x60 /home/evandro/Develop/libopencm3/lib//libopencm3_stm32f4.a(nvic.o)
 .debug_aranges
                0x00000f50       0x38 /home/evandro/Develop/libopencm3/lib//libopencm3_stm32f4.a(flash_common_all.o)
 .debug_aranges
                0x00000f88       0x48 /home/evandro/Develop/libopencm3/lib//libopencm3_stm32f4.a(flash_common_idcache.o)
 .debug_aranges
                0x00000fd0       0x20 /home/evandro/Develop/libopencm3/lib//libopencm3_stm32f4.a(pwr.o)
 .debug_aranges
                0x00000ff0       0x68 /home/evandro/Develop/libopencm3/lib//libopencm3_stm32f4.a(usb_dwc_common.o)

.debug_rnglists
                0x00000000      0xe2b
 .debug_rnglists
                0x00000000       0x59 msxmap.o
 .debug_rnglists
                0x00000059       0xe3 ps2handl.o
 .debug_rnglists
                0x0000013c       0x80 dbasemgt.o
 .debug_rnglists
                0x000001bc       0x28 get_intelhex.o
 .debug_rnglists
                0x000001e4       0x1a sys_timer.o
 .debug_rnglists
                0x000001fe       0x13 serial_no.o
 .debug_rnglists
                0x00000211       0x95 cdcacm.o
 .debug_rnglists
                0x000002a6      0x149 serial.o
 .debug_rnglists
                0x000003ef       0x3a hr_timer.o
 .debug_rnglists
                0x00000429       0x44 SpecialFaultHandlers.o
 .debug_rnglists
                0x0000046d       0x3f ps2-msx-kb-conv.o
 .debug_rnglists
                0x000004ac      0x10f /home/evandro/Develop/libopencm3/lib//libopencm3_stm32f4.a(dma_common_f24.o)
 .debug_rnglists
                0x000005bb       0x42 /home/evandro/Develop/libopencm3/lib//libopencm3_stm32f4.a(exti_common_all.o)
 .debug_rnglists
                0x000005fd       0x1f /home/evandro/Develop/libopencm3/lib//libopencm3_stm32f4.a(flash.o)
 .debug_rnglists
                0x0000061c       0x1f /home/evandro/Develop/libopencm3/lib//libopencm3_stm32f4.a(flash_common_f.o)
 .debug_rnglists
                0x0000063b       0x5b /home/evandro/Develop/libopencm3/lib//libopencm3_stm32f4.a(flash_common_f24.o)
 .debug_rnglists
                0x00000696       0x37 /home/evandro/Develop/libopencm3/lib//libopencm3_stm32f4.a(gpio_common_all.o)
 .debug_rnglists
                0x000006cd       0x1f /home/evandro/Develop/libopencm3/lib//libopencm3_stm32f4.a(gpio_common_f0234.o)
 .debug_rnglists
                0x000006ec       0x43 /home/evandro/Develop/libopencm3/lib//libopencm3_stm32f4.a(iwdg_common_all.o)
 .debug_rnglists