Archive member included to satisfy reference by file (symbol)

/home/evandro/Develop/libopencm3/lib//libopencm3_stm32f1.a(dma_common_l1f013.o)
                              serial.o (dma_channel_reset)
/home/evandro/Develop/libopencm3/lib//libopencm3_stm32f1.a(exti_common_all.o)
                              msxmap.o (exti_set_trigger)
/home/evandro/Develop/libopencm3/lib//libopencm3_stm32f1.a(flash.o)
                              dbasemgt.o (flash_get_status_flags)
/home/evandro/Develop/libopencm3/lib//libopencm3_stm32f1.a(flash_common_f.o)
                              dbasemgt.o (flash_unlock)
/home/evandro/Develop/libopencm3/lib//libopencm3_stm32f1.a(flash_common_f01.o)
                              /home/evandro/Develop/libopencm3/lib//libopencm3_stm32f1.a(flash.o) (flash_clear_pgerr_flag)
/home/evandro/Develop/libopencm3/lib//libopencm3_stm32f1.a(gpio.o)
                              msxmap.o (gpio_set_mode)
/home/evandro/Develop/libopencm3/lib//libopencm3_stm32f1.a(gpio_common_all.o)
                              msxmap.o (gpio_set)
/home/evandro/Develop/libopencm3/lib//libopencm3_stm32f1.a(iwdg_common_all.o)
                              ps2-msx-kb-conv.o (iwdg_start)
/home/evandro/Develop/libopencm3/lib//libopencm3_stm32f1.a(rcc.o)
                              ps2-msx-kb-conv.o (rcc_clock_setup_pll)
/home/evandro/Develop/libopencm3/lib//libopencm3_stm32f1.a(rcc_common_all.o)
                              serial.o (rcc_periph_clock_enable)
/home/evandro/Develop/libopencm3/lib//libopencm3_stm32f1.a(timer_common_all.o)
                              hr_timer.o (timer_enable_irq)
/home/evandro/Develop/libopencm3/lib//libopencm3_stm32f1.a(usart_common_all.o)
                              serial.o (usart_set_baudrate)
/home/evandro/Develop/libopencm3/lib//libopencm3_stm32f1.a(usart_common_f124.o)
                              /home/evandro/Develop/libopencm3/lib//libopencm3_stm32f1.a(usart_common_all.o) (usart_send)
/home/evandro/Develop/libopencm3/lib//libopencm3_stm32f1.a(vector.o)
                              (reset_handler)
/home/evandro/Develop/libopencm3/lib//libopencm3_stm32f1.a(systick.o)
                              sys_timer.o (systick_set_reload)
/home/evandro/Develop/libopencm3/lib//libopencm3_stm32f1.a(scb.o)
                              ps2handl.o (scb_reset_system)
/home/evandro/Develop/libopencm3/lib//libopencm3_stm32f1.a(nvic.o)
                              msxmap.o (nvic_enable_irq)
/home/evandro/Develop/libopencm3/lib//libopencm3_stm32f1.a(assert.o)
                              /home/evandro/Develop/libopencm3/lib//libopencm3_stm32f1.a(rcc.o) (cm3_assert_failed)
/home/evandro/Develop/libopencm3/lib//libopencm3_stm32f1.a(desig_common_v1.o)
                              /home/evandro/Develop/libopencm3/lib//libopencm3_stm32f1.a(flash.o) (desig_get_flash_size)
/home/evandro/Develop/libopencm3/lib//libopencm3_stm32f1.a(flash_common_all.o)
                              /home/evandro/Develop/libopencm3/lib//libopencm3_stm32f1.a(rcc.o) (flash_set_ws)
/opt/gcc-arm-none/bin/../lib/gcc/arm-none-eabi/12.2.0/../../../../arm-none-eabi/lib/thumb/v7-m/nofp/libc.a(libc_a-memset.o)
                              get_intelhex.o (memset)
/opt/gcc-arm-none/bin/../lib/gcc/arm-none-eabi/12.2.0/../../../../arm-none-eabi/lib/thumb/v7-m/nofp/libc.a(libc_a-errno.o)
                              serial.o (__errno)
/opt/gcc-arm-none/bin/../lib/gcc/arm-none-eabi/12.2.0/../../../../arm-none-eabi/lib/thumb/v7-m/nofp/libc.a(libc_a-memcpy.o)
                              get_intelhex.o (memcpy)
/opt/gcc-arm-none/bin/../lib/gcc/arm-none-eabi/12.2.0/../../../../arm-none-eabi/lib/thumb/v7-m/nofp/libc.a(libc_a-impure.o)
                              /opt/gcc-arm-none/bin/../lib/gcc/arm-none-eabi/12.2.0/../../../../arm-none-eabi/lib/thumb/v7-m/nofp/libc.a(libc_a-errno.o) (_impure_ptr)
/opt/gcc-arm-none/bin/../lib/gcc/arm-none-eabi/12.2.0/../../../../arm-none-eabi/lib/thumb/v7-m/nofp/libc.a(libc_a-findfp.o)
                              /opt/gcc-arm-none/bin/../lib/gcc/arm-none-eabi/12.2.0/../../../../arm-none-eabi/lib/thumb/v7-m/nofp/libc.a(libc_a-impure.o) (__sf)
/opt/gcc-arm-none/bin/../lib/gcc/arm-none-eabi/12.2.0/../../../../arm-none-eabi/lib/thumb/v7-m/nofp/libc.a(libc_a-fwalk.o)
                              /opt/gcc-arm-none/bin/../lib/gcc/arm-none-eabi/12.2.0/../../../../arm-none-eabi/lib/thumb/v7-m/nofp/libc.a(libc_a-findfp.o) (_fwalk_sglue)
/opt/gcc-arm-none/bin/../lib/gcc/arm-none-eabi/12.2.0/../../../../arm-none-eabi/lib/thumb/v7-m/nofp/libc.a(libc_a-stdio.o)
                              /opt/gcc-arm-none/bin/../lib/gcc/arm-none-eabi/12.2.0/../../../../arm-none-eabi/lib/thumb/v7-m/nofp/libc.a(libc_a-findfp.o) (__sread)
/opt/gcc-arm-none/bin/../lib/gcc/arm-none-eabi/12.2.0/../../../../arm-none-eabi/lib/thumb/v7-m/nofp/libc.a(libc_a-closer.o)
                              /opt/gcc-arm-none/bin/../lib/gcc/arm-none-eabi/12.2.0/../../../../arm-none-eabi/lib/thumb/v7-m/nofp/libc.a(libc_a-stdio.o) (_close_r)
[...]
Memory Configuration

Name             Origin             Length             Attributes
ram              0x20000000         0x00002800         xrw
rom              0x08000000         0x00007600         xr
fixed_data       0x08007600         0x00000a00         xr
*default*        0x00000000         0xffffffff

Linker script and memory map

LOAD msxmap.o
LOAD ps2handl.o
LOAD dbasemgt.o
LOAD get_intelhex.o
LOAD sys_timer.o
LOAD serial_no.o
LOAD cdcacm.o
LOAD serial.o
LOAD hr_timer.o
LOAD SpecialFaultHandlers.o
LOAD newlib_warning_fix.o
LOAD ps2-msx-kb-conv.o
LOAD /home/evandro/Develop/libopencm3/lib//libopencm3_stm32f1.a
START GROUP
LOAD /opt/gcc-arm-none/bin/../lib/gcc/arm-none-eabi/12.2.0/../../../../arm-none-eabi/lib/thumb/v7-m/nofp/libc.a
LOAD /opt/gcc-arm-none/bin/../lib/gcc/arm-none-eabi/12.2.0/thumb/v7-m/nofp/libgcc.a
LOAD /opt/gcc-arm-none/bin/../lib/gcc/arm-none-eabi/12.2.0/../../../../arm-none-eabi/lib/thumb/v7-m/nofp/libnosys.a
END GROUP
START GROUP
LOAD /opt/gcc-arm-none/bin/../lib/gcc/arm-none-eabi/12.2.0/thumb/v7-m/nofp/libgcc.a
LOAD /opt/gcc-arm-none/bin/../lib/gcc/arm-none-eabi/12.2.0/../../../../arm-none-eabi/lib/thumb/v7-m/nofp/libg.a
LOAD /opt/gcc-arm-none/bin/../lib/gcc/arm-none-eabi/12.2.0/../../../../arm-none-eabi/lib/thumb/v7-m/nofp/libc.a
END GROUP

.MSXDATABASE    0x08007600      0xa00
 *(MSXDATABASE)
 MSXDATABASE    0x08007600      0xa00 dbasemgt.o
                0x08007600                DEFAULT_MSX_KEYB_DATABASE_CONVERSION

.text           0x08000000     0x5e20
 *(.vectors)
 .vectors       0x08000000      0x150 /home/evandro/Develop/libopencm3/lib//libopencm3_stm32f1.a(vector.o)
                0x08000000                vector_table
 *(.text*)
 .text._ZN6msxmap30put_msx_disp_keys_queue_bufferEh.constprop.0.isra.0
                0x08000150       0x24 msxmap.o
 .text._ZN6msxmap19msx_interface_setupEv
                0x08000174      0x1cc msxmap.o
                0x08000174                msxmap::msx_interface_setup()
 .text._ZN6msxmap36available_msx_disp_keys_queue_bufferEv
                0x08000340       0x14 msxmap.o
                0x08000340                msxmap::available_msx_disp_keys_queue_buffer()
 .text._ZN6msxmap30get_msx_disp_keys_queue_bufferEv
                0x08000354       0x20 msxmap.o
                0x08000354                msxmap::get_msx_disp_keys_queue_buffer()
 .text._ZN6msxmap40compute_x_bits_and_check_interrupt_stuckEhhb
                0x08000374      0x24c msxmap.o
                0x08000374                msxmap::compute_x_bits_and_check_interrupt_stuck(unsigned char, unsigned char, bool)
 .text._ZN6msxmap12msxqueuekeysEv
                0x080005c0       0x28 msxmap.o
                0x080005c0                msxmap::msxqueuekeys()
 .text._ZN6msxmap12msx_dispatchEv
                0x080005e8      0x3a4 msxmap.o
                0x080005e8                msxmap::msx_dispatch()
 .text._ZN6msxmap11convert2msxEv
                0x0800098c      0x2d4 msxmap.o
                0x0800098c                msxmap::convert2msx()
 .text.exti15_10_isr
                0x08000c60       0x80 msxmap.o
                0x08000c60                exti15_10_isr
 .text.exti9_5_isr
                0x08000ce0       0x80 msxmap.o
                0x08000ce0                exti9_5_isr
 .text.send_start_bit2
                0x08000d60       0x24 ps2handl.o
                0x08000d60                send_start_bit2
 .text.send_start_bit_now
                0x08000d84       0x44 ps2handl.o
                0x08000d84                send_start_bit_now
 .text.send_start_bit3
                0x08000dc8       0x38 ps2handl.o
                0x08000dc8                send_start_bit3
 .text.power_off_ps2_keyboard
                0x08000e00       0x1c ps2handl.o
                0x08000e00                power_off_ps2_keyboard
 .text.init_ps2_recv_buffer
                0x08000e1c       0x2c ps2handl.o
                0x08000e1c                init_ps2_recv_buffer
 .text.power_on_ps2_keyboard
                0x08000e48       0x88 ps2handl.o
                0x08000e48                power_on_ps2_keyboard
 .text.available_ps2_byte
                0x08000ed0       0x18 ps2handl.o
                0x08000ed0                available_ps2_byte
 .text.get_ps2_byte
                0x08000ee8       0x2c ps2handl.o
                0x08000ee8                get_ps2_byte
 .text.reset_requested
                0x08000f14       0x24 ps2handl.o
                0x08000f14                reset_requested
 .text.ps2_send_command
                0x08000f38       0x58 ps2handl.o
                0x08000f38                ps2_send_command
 .text.keyboard_check_alive
                0x08000f90       0x70 ps2handl.o
                0x08000f90                keyboard_check_alive
 .text.ps2_keyb_detect
                0x08001000      0x220 ps2handl.o
                0x08001000                ps2_keyb_detect
 .text.ps2_update_leds
                0x08001220       0x68 ps2handl.o
                0x08001220                ps2_update_leds
 .text.send_start_bit_next
                0x08001288       0x10 ps2handl.o
                0x08001288                send_start_bit_next
 .text.ps2_clock_send
                0x08001298      0x154 ps2handl.o
                0x08001298                ps2_clock_send
 .text.ps2_clock_receive
                0x080013ec      0x2d8 ps2handl.o
                0x080013ec                ps2_clock_receive
 .text.ps2_clock_update
                0x080016c4      0x144 ps2handl.o
                0x080016c4                ps2_clock_update
 .text.reset_mount_scancode_machine
                0x08001808       0x24 ps2handl.o
                0x08001808                reset_mount_scancode_machine
 .text.mount_scancode
                0x0800182c      0x15c ps2handl.o
                0x0800182c                mount_scancode
 .text.general_debug_setup
                0x08001988       0x84 ps2handl.o
                0x08001988                general_debug_setup
 .text.put_pullups_on_non_used_pins
                0x08001a0c       0x20 ps2handl.o
                0x08001a0c                put_pullups_on_non_used_pins
 .text.check_page_erased
                0x08001a2c       0x68 dbasemgt.o
                0x08001a2c                check_page_erased
 .text.check_flash_locked
                0x08001a94       0x20 dbasemgt.o
                0x08001a94                check_flash_locked
 .text.check_flash_error
                0x08001ab4       0x54 dbasemgt.o
                0x08001ab4                check_flash_error
 .text.database_setup
                0x08001b08      0x25c dbasemgt.o
                0x08001b08                database_setup
 .text.flash_program_data
                0x08001d64      0x3ac dbasemgt.o
                0x08001d64                flash_program_data
 .text.flash_rw
                0x08002110       0x5c dbasemgt.o
                0x08002110                flash_rw
 .text.usart_get_string_line
                0x0800216c      0x11c get_intelhex.o
                0x0800216c                usart_get_string_line
 .text.validate_intel_hex_record
                0x08002288       0xc0 get_intelhex.o
                0x08002288                validate_intel_hex_record
 .text.usart_get_intel_hex
                0x08002348      0x134 get_intelhex.o
                0x08002348                usart_get_intel_hex
 .text.get_intelhex_to_RAM
                0x0800247c       0x54 get_intelhex.o
                0x0800247c                get_intelhex_to_RAM
 .text._Z13systick_setupv
                0x080024d0       0x60 sys_timer.o
                0x080024d0                systick_setup()
 .text.sys_tick_handler
                0x08002530       0xa0 sys_timer.o
                0x08002530                sys_tick_handler
 .text.serialno_read
                0x080025d0       0x48 serial_no.o
                0x080025d0                serialno_read
 .text.usart_rx_read_dma
                0x08002618       0xac serial.o
 .text.ring_init
                0x080026c4        0xe serial.o
                0x080026c4                ring_init
 .text.pascal_string_init
                0x080026d2        0xc serial.o
                0x080026d2                pascal_string_init
 *fill*         0x080026de        0x2 
 .text.serial_setup
                0x080026e0      0x218 serial.o
                0x080026e0                serial_setup
 .text.do_dma_usart_tx_ring
                0x080028f8       0x50 serial.o
                0x080028f8                do_dma_usart_tx_ring
 .text.ring_put_ch
                0x08002948       0x2c serial.o
                0x08002948                ring_put_ch
 .text.con_send_string
                0x08002974       0x98 serial.o
                0x08002974                con_send_string
 .text.ring_avail_get_ch
                0x08002a0c       0x12 serial.o
                0x08002a0c                ring_avail_get_ch
 .text.ring_get_ch
                0x08002a1e       0x2a serial.o
                0x08002a1e                ring_get_ch
 .text.con_available_get_char
                0x08002a48        0xc serial.o
                0x08002a48                con_available_get_char
 .text.con_get_char
                0x08002a54       0x60 serial.o
                0x08002a54                con_get_char
 .text.string_append
                0x08002ab4       0x2a serial.o
                0x08002ab4                string_append
 .text.conv_2a_hex_to_uint8
                0x08002ade       0x2e serial.o
                0x08002ade                conv_2a_hex_to_uint8
 .text.conv_uint32_to_8a_hex
                0x08002b0c       0x28 serial.o
                0x08002b0c                conv_uint32_to_8a_hex
 .text.conv_uint16_to_4a_hex
                0x08002b34       0x26 serial.o
                0x08002b34                conv_uint16_to_4a_hex
 *fill*         0x08002b5a        0x2 
 .text.conv_uint32_to_dec
                0x08002b5c       0x70 serial.o
                0x08002b5c                conv_uint32_to_dec
 .text.conv_uint8_to_2a_hex
                0x08002bcc       0x26 serial.o
                0x08002bcc                conv_uint8_to_2a_hex
 .text.usart2_isr
                0x08002bf2       0x38 serial.o
                0x08002bf2                usart2_isr
 .text.dma1_channel6_isr
                0x08002c2a        0x4 serial.o
                0x08002c2a                dma1_channel6_isr
 *fill*         0x08002c2e        0x2 
 .text.dma1_channel7_isr
                0x08002c30       0x84 serial.o
                0x08002c30                dma1_channel7_isr
 .text.time_capture
                0x08002cb4       0x18 hr_timer.o
                0x08002cb4                time_capture
 .text.delay_usec
                0x08002ccc       0x50 hr_timer.o
                0x08002ccc                delay_usec
 .text.prepares_capture
                0x08002d1c       0x94 hr_timer.o
                0x08002d1c                prepares_capture
 .text.tim_hr_setup
                0x08002db0       0x64 hr_timer.o
                0x08002db0                tim_hr_setup
 .text.tim2_isr
                0x08002e14       0xc0 hr_timer.o
                0x08002e14                tim2_isr
 .text.hard_fault_handler
                0x08002ed4       0x14 SpecialFaultHandlers.o
                0x08002ed4                hard_fault_handler
 .text.mem_manage_handler
                0x08002ee8       0x14 SpecialFaultHandlers.o
                0x08002ee8                mem_manage_handler
 .text.bus_fault_handler
                0x08002efc       0x14 SpecialFaultHandlers.o
                0x08002efc                bus_fault_handler
 .text.usage_fault_handler
                0x08002f10       0x14 SpecialFaultHandlers.o
                0x08002f10                usage_fault_handler
 .text.common_code_fault_handler
                0x08002f24      0x178 SpecialFaultHandlers.o
                0x08002f24                common_code_fault_handler
 .text.c_hard_fault_handler
                0x0800309c       0x14 SpecialFaultHandlers.o
                0x0800309c                c_hard_fault_handler
 .text.c_mem_manage_handler
                0x080030b0       0x14 SpecialFaultHandlers.o
                0x080030b0                c_mem_manage_handler
 .text.c_bus_fault_handler
                0x080030c4       0x14 SpecialFaultHandlers.o
                0x080030c4                c_bus_fault_handler
 .text.c_usage_fault_handler
                0x080030d8       0x14 SpecialFaultHandlers.o
                0x080030d8                c_usage_fault_handler
 .text._Z11end_of_codePm
                0x080030ec       0x14 ps2-msx-kb-conv.o
                0x080030ec                end_of_code(unsigned long*)
 .text.startup.main
                0x08003100      0x3d4 ps2-msx-kb-conv.o
                0x08003100                main
 .text.dma_channel_reset
                0x080034d4       0x20 /home/evandro/Develop/libopencm3/lib//libopencm3_stm32f1.a(dma_common_l1f013.o)
                0x080034d4                dma_channel_reset
 .text.dma_clear_interrupt_flags
                0x080034f4        0xa /home/evandro/Develop/libopencm3/lib//libopencm3_stm32f1.a(dma_common_l1f013.o)
                0x080034f4                dma_clear_interrupt_flags
 .text.dma_set_priority
                0x080034fe       0x18 /home/evandro/Develop/libopencm3/lib//libopencm3_stm32f1.a(dma_common_l1f013.o)
                0x080034fe                dma_set_priority
 .text.dma_set_memory_size
                0x08003516       0x18 /home/evandro/Develop/libopencm3/lib//libopencm3_stm32f1.a(dma_common_l1f013.o)
                0x08003516                dma_set_memory_size
 .text.dma_set_peripheral_size
                0x0800352e       0x18 /home/evandro/Develop/libopencm3/lib//libopencm3_stm32f1.a(dma_common_l1f013.o)
                0x0800352e                dma_set_peripheral_size
 .text.dma_enable_memory_increment_mode
                0x08003546       0x12 /home/evandro/Develop/libopencm3/lib//libopencm3_stm32f1.a(dma_common_l1f013.o)
                0x08003546                dma_enable_memory_increment_mode
 .text.dma_disable_peripheral_increment_mode
                0x08003558       0x12 /home/evandro/Develop/libopencm3/lib//libopencm3_stm32f1.a(dma_common_l1f013.o)
                0x08003558                dma_disable_peripheral_increment_mode
 .text.dma_enable_circular_mode
                0x0800356a       0x1a /home/evandro/Develop/libopencm3/lib//libopencm3_stm32f1.a(dma_common_l1f013.o)
                0x0800356a                dma_enable_circular_mode
 .text.dma_set_read_from_peripheral
                0x08003584       0x12 /home/evandro/Develop/libopencm3/lib//libopencm3_stm32f1.a(dma_common_l1f013.o)
                0x08003584                dma_set_read_from_peripheral
 .text.dma_set_read_from_memory
                0x08003596       0x12 /home/evandro/Develop/libopencm3/lib//libopencm3_stm32f1.a(dma_common_l1f013.o)
                0x08003596                dma_set_read_from_memory
 .text.dma_enable_half_transfer_interrupt
                0x080035a8       0x12 /home/evandro/Develop/libopencm3/lib//libopencm3_stm32f1.a(dma_common_l1f013.o)
                0x080035a8                dma_enable_half_transfer_interrupt
 .text.dma_enable_transfer_complete_interrupt
                0x080035ba       0x12 /home/evandro/Develop/libopencm3/lib//libopencm3_stm32f1.a(dma_common_l1f013.o)
                0x080035ba                dma_enable_transfer_complete_interrupt
 .text.dma_enable_channel
                0x080035cc       0x12 /home/evandro/Develop/libopencm3/lib//libopencm3_stm32f1.a(dma_common_l1f013.o)
                0x080035cc                dma_enable_channel
 .text.dma_disable_channel
                0x080035de       0x12 /home/evandro/Develop/libopencm3/lib//libopencm3_stm32f1.a(dma_common_l1f013.o)
                0x080035de                dma_disable_channel
 .text.dma_set_peripheral_address
                0x080035f0       0x12 /home/evandro/Develop/libopencm3/lib//libopencm3_stm32f1.a(dma_common_l1f013.o)
                0x080035f0                dma_set_peripheral_address
 .text.dma_set_memory_address
                0x08003602       0x12 /home/evandro/Develop/libopencm3/lib//libopencm3_stm32f1.a(dma_common_l1f013.o)
                0x08003602                dma_set_memory_address
 .text.dma_get_number_of_data
                0x08003614        0xe /home/evandro/Develop/libopencm3/lib//libopencm3_stm32f1.a(dma_common_l1f013.o)
                0x08003614                dma_get_number_of_data
 .text.dma_set_number_of_data
                0x08003622        0xc /home/evandro/Develop/libopencm3/lib//libopencm3_stm32f1.a(dma_common_l1f013.o)
                0x08003622                dma_set_number_of_data
 *fill*         0x0800362e        0x2 
 .text.exti_set_trigger
                0x08003630       0x48 /home/evandro/Develop/libopencm3/lib//libopencm3_stm32f1.a(exti_common_all.o)
                0x08003630                exti_set_trigger
 .text.exti_enable_request
                0x08003678       0x1c /home/evandro/Develop/libopencm3/lib//libopencm3_stm32f1.a(exti_common_all.o)
                0x08003678                exti_enable_request
 .text.exti_disable_request
                0x08003694       0x20 /home/evandro/Develop/libopencm3/lib//libopencm3_stm32f1.a(exti_common_all.o)
                0x08003694                exti_disable_request
 .text.exti_reset_request
                0x080036b4        0xc /home/evandro/Develop/libopencm3/lib//libopencm3_stm32f1.a(exti_common_all.o)
                0x080036b4                exti_reset_request
 .text.exti_select_source
                0x080036c0       0xa0 /home/evandro/Develop/libopencm3/lib//libopencm3_stm32f1.a(exti_common_all.o)
                0x080036c0                exti_select_source
 .text.flash_get_status_flags
                0x08003760       0x20 /home/evandro/Develop/libopencm3/lib//libopencm3_stm32f1.a(flash.o)
                0x08003760                flash_get_status_flags
 .text.flash_program_half_word
                0x08003780       0x64 /home/evandro/Develop/libopencm3/lib//libopencm3_stm32f1.a(flash.o)
                0x08003780                flash_program_half_word
 .text.flash_erase_page
                0x080037e4       0x74 /home/evandro/Develop/libopencm3/lib//libopencm3_stm32f1.a(flash.o)
                0x080037e4                flash_erase_page
 .text.flash_unlock
                0x08003858       0x18 /home/evandro/Develop/libopencm3/lib//libopencm3_stm32f1.a(flash_common_f.o)
                0x08003858                flash_unlock
 .text.flash_lock
                0x08003870       0x10 /home/evandro/Develop/libopencm3/lib//libopencm3_stm32f1.a(flash_common_f.o)
                0x08003870                flash_lock
 .text.flash_wait_for_last_operation
                0x08003880        0xc /home/evandro/Develop/libopencm3/lib//libopencm3_stm32f1.a(flash_common_f01.o)
                0x08003880                flash_wait_for_last_operation
 .text.flash_program_word
                0x0800388c       0x18 /home/evandro/Develop/libopencm3/lib//libopencm3_stm32f1.a(flash_common_f01.o)
                0x0800388c                flash_program_word
 .text.gpio_set_mode
                0x080038a4       0x5e /home/evandro/Develop/libopencm3/lib//libopencm3_stm32f1.a(gpio.o)
                0x080038a4                gpio_set_mode
 *fill*         0x08003902        0x2 
 .text.gpio_primary_remap
                0x08003904       0x14 /home/evandro/Develop/libopencm3/lib//libopencm3_stm32f1.a(gpio.o)
                0x08003904                gpio_primary_remap
 .text.gpio_set
                0x08003918        0x4 /home/evandro/Develop/libopencm3/lib//libopencm3_stm32f1.a(gpio_common_all.o)
                0x08003918                gpio_set
 .text.gpio_clear
                0x0800391c        0x6 /home/evandro/Develop/libopencm3/lib//libopencm3_stm32f1.a(gpio_common_all.o)
                0x0800391c                gpio_clear
 .text.gpio_get
                0x08003922        0x6 /home/evandro/Develop/libopencm3/lib//libopencm3_stm32f1.a(gpio_common_all.o)
                0x08003922                gpio_get
 .text.gpio_toggle
                0x08003928       0x12 /home/evandro/Develop/libopencm3/lib//libopencm3_stm32f1.a(gpio_common_all.o)
                0x08003928                gpio_toggle
 .text.gpio_port_read
                0x0800393a        0x6 /home/evandro/Develop/libopencm3/lib//libopencm3_stm32f1.a(gpio_common_all.o)
                0x0800393a                gpio_port_read
 .text.gpio_port_config_lock
                0x08003940       0x10 /home/evandro/Develop/libopencm3/lib//libopencm3_stm32f1.a(gpio_common_all.o)
                0x08003940                gpio_port_config_lock
 .text.iwdg_start
                0x08003950       0x10 /home/evandro/Develop/libopencm3/lib//libopencm3_stm32f1.a(iwdg_common_all.o)
                0x08003950                iwdg_start
 .text.iwdg_reload_busy
                0x08003960       0x10 /home/evandro/Develop/libopencm3/lib//libopencm3_stm32f1.a(iwdg_common_all.o)
                0x08003960                iwdg_reload_busy
 .text.iwdg_set_period_ms
                0x08003970       0x54 /home/evandro/Develop/libopencm3/lib//libopencm3_stm32f1.a(iwdg_common_all.o)
                0x08003970                iwdg_set_period_ms
 .text.iwdg_reset
                0x080039c4       0x10 /home/evandro/Develop/libopencm3/lib//libopencm3_stm32f1.a(iwdg_common_all.o)
                0x080039c4                iwdg_reset
 .text.rcc_is_osc_ready
                0x080039d4       0x58 /home/evandro/Develop/libopencm3/lib//libopencm3_stm32f1.a(rcc.o)
                0x080039d4                rcc_is_osc_ready
 .text.rcc_wait_for_osc_ready
                0x08003a2c       0x10 /home/evandro/Develop/libopencm3/lib//libopencm3_stm32f1.a(rcc.o)
                0x08003a2c                rcc_wait_for_osc_ready
 .text.rcc_osc_on
                0x08003a3c       0x60 /home/evandro/Develop/libopencm3/lib//libopencm3_stm32f1.a(rcc.o)
                0x08003a3c                rcc_osc_on
 .text.rcc_set_sysclk_source
                0x08003a9c       0x14 /home/evandro/Develop/libopencm3/lib//libopencm3_stm32f1.a(rcc.o)
                0x08003a9c                rcc_set_sysclk_source
 .text.rcc_set_pll_multiplication_factor
                0x08003ab0       0x14 /home/evandro/Develop/libopencm3/lib//libopencm3_stm32f1.a(rcc.o)
                0x08003ab0                rcc_set_pll_multiplication_factor
 .text.rcc_set_pll2_multiplication_factor
                0x08003ac4       0x14 /home/evandro/Develop/libopencm3/lib//libopencm3_stm32f1.a(rcc.o)
                0x08003ac4                rcc_set_pll2_multiplication_factor
 .text.rcc_set_pll3_multiplication_factor
                0x08003ad8       0x14 /home/evandro/Develop/libopencm3/lib//libopencm3_stm32f1.a(rcc.o)
                0x08003ad8                rcc_set_pll3_multiplication_factor
 .text.rcc_set_pll_source
                0x08003aec       0x14 /home/evandro/Develop/libopencm3/lib//libopencm3_stm32f1.a(rcc.o)
                0x08003aec                rcc_set_pll_source
 .text.rcc_set_pllxtpre
                0x08003b00       0x14 /home/evandro/Develop/libopencm3/lib//libopencm3_stm32f1.a(rcc.o)
                0x08003b00                rcc_set_pllxtpre
 .text.rcc_set_adcpre
                0x08003b14       0x14 /home/evandro/Develop/libopencm3/lib//libopencm3_stm32f1.a(rcc.o)
                0x08003b14                rcc_set_adcpre
 .text.rcc_set_ppre2
                0x08003b28       0x14 /home/evandro/Develop/libopencm3/lib//libopencm3_stm32f1.a(rcc.o)
                0x08003b28                rcc_set_ppre2
 .text.rcc_set_ppre1
                0x08003b3c       0x14 /home/evandro/Develop/libopencm3/lib//libopencm3_stm32f1.a(rcc.o)
                0x08003b3c                rcc_set_ppre1
 .text.rcc_set_hpre
                0x08003b50       0x14 /home/evandro/Develop/libopencm3/lib//libopencm3_stm32f1.a(rcc.o)
                0x08003b50                rcc_set_hpre
 .text.rcc_set_usbpre
                0x08003b64       0x18 /home/evandro/Develop/libopencm3/lib//libopencm3_stm32f1.a(rcc.o)
                0x08003b64                rcc_set_usbpre
 .text.rcc_set_prediv1
                0x08003b7c       0x14 /home/evandro/Develop/libopencm3/lib//libopencm3_stm32f1.a(rcc.o)
                0x08003b7c                rcc_set_prediv1
 .text.rcc_set_prediv2
                0x08003b90       0x14 /home/evandro/Develop/libopencm3/lib//libopencm3_stm32f1.a(rcc.o)
                0x08003b90                rcc_set_prediv2
 .text.rcc_set_prediv1_source
                0x08003ba4       0x18 /home/evandro/Develop/libopencm3/lib//libopencm3_stm32f1.a(rcc.o)
                0x08003ba4                rcc_set_prediv1_source
 .text.rcc_clock_setup_pll
                0x08003bbc       0xbc /home/evandro/Develop/libopencm3/lib//libopencm3_stm32f1.a(rcc.o)
                0x08003bbc                rcc_clock_setup_pll
 .text.rcc_periph_clock_enable
                0x08003c78       0x1a /home/evandro/Develop/libopencm3/lib//libopencm3_stm32f1.a(rcc_common_all.o)
                0x08003c78                rcc_periph_clock_enable
 .text.rcc_periph_reset_pulse
                0x08003c92       0x22 /home/evandro/Develop/libopencm3/lib//libopencm3_stm32f1.a(rcc_common_all.o)
                0x08003c92                rcc_periph_reset_pulse
 .text.timer_enable_irq
                0x08003cb4        0x8 /home/evandro/Develop/libopencm3/lib//libopencm3_stm32f1.a(timer_common_all.o)
                0x08003cb4                timer_enable_irq
 .text.timer_disable_irq
                0x08003cbc        0xa /home/evandro/Develop/libopencm3/lib//libopencm3_stm32f1.a(timer_common_all.o)
                0x08003cbc                timer_disable_irq
 .text.timer_get_flag
                0x08003cc6        0xc /home/evandro/Develop/libopencm3/lib//libopencm3_stm32f1.a(timer_common_all.o)
                0x08003cc6                timer_get_flag
 .text.timer_clear_flag
                0x08003cd2        0x6 /home/evandro/Develop/libopencm3/lib//libopencm3_stm32f1.a(timer_common_all.o)
                0x08003cd2                timer_clear_flag
 .text.timer_set_mode
                0x08003cd8       0x12 /home/evandro/Develop/libopencm3/lib//libopencm3_stm32f1.a(timer_common_all.o)
                0x08003cd8                timer_set_mode
 .text.timer_enable_preload
                0x08003cea        0xa /home/evandro/Develop/libopencm3/lib//libopencm3_stm32f1.a(timer_common_all.o)
                0x08003cea                timer_enable_preload
 .text.timer_set_prescaler
                0x08003cf4        0x4 /home/evandro/Develop/libopencm3/lib//libopencm3_stm32f1.a(timer_common_all.o)
                0x08003cf4                timer_set_prescaler
 .text.timer_set_period
                0x08003cf8        0x4 /home/evandro/Develop/libopencm3/lib//libopencm3_stm32f1.a(timer_common_all.o)
                0x08003cf8                timer_set_period
 .text.usart_set_baudrate
                0x08003cfc       0x28 /home/evandro/Develop/libopencm3/lib//libopencm3_stm32f1.a(usart_common_all.o)
                0x08003cfc                usart_set_baudrate
 .text.usart_set_databits
                0x08003d24       0x12 /home/evandro/Develop/libopencm3/lib//libopencm3_stm32f1.a(usart_common_all.o)
                0x08003d24                usart_set_databits
 .text.usart_set_stopbits
                0x08003d36        0xc /home/evandro/Develop/libopencm3/lib//libopencm3_stm32f1.a(usart_common_all.o)
                0x08003d36                usart_set_stopbits
 .text.usart_set_parity
                0x08003d42        0xc /home/evandro/Develop/libopencm3/lib//libopencm3_stm32f1.a(usart_common_all.o)
                0x08003d42                usart_set_parity
 .text.usart_set_mode
                0x08003d4e        0xc /home/evandro/Develop/libopencm3/lib//libopencm3_stm32f1.a(usart_common_all.o)
                0x08003d4e                usart_set_mode
 .text.usart_set_flow_control
                0x08003d5a        0xc /home/evandro/Develop/libopencm3/lib//libopencm3_stm32f1.a(usart_common_all.o)
                0x08003d5a                usart_set_flow_control
 .text.usart_enable
                0x08003d66        0xa /home/evandro/Develop/libopencm3/lib//libopencm3_stm32f1.a(usart_common_all.o)
                0x08003d66                usart_enable
 .text.usart_enable_rx_dma
                0x08003d70        0xa /home/evandro/Develop/libopencm3/lib//libopencm3_stm32f1.a(usart_common_all.o)
                0x08003d70                usart_enable_rx_dma
 .text.usart_enable_tx_dma
                0x08003d7a        0xa /home/evandro/Develop/libopencm3/lib//libopencm3_stm32f1.a(usart_common_all.o)
                0x08003d7a                usart_enable_tx_dma
 .text.usart_disable_tx_dma
                0x08003d84        0xa /home/evandro/Develop/libopencm3/lib//libopencm3_stm32f1.a(usart_common_all.o)
                0x08003d84                usart_disable_tx_dma
 .text.usart_disable_rx_interrupt
                0x08003d8e        0xa /home/evandro/Develop/libopencm3/lib//libopencm3_stm32f1.a(usart_common_all.o)
                0x08003d8e                usart_disable_rx_interrupt
 .text.usart_disable_tx_complete_interrupt
                0x08003d98        0xa /home/evandro/Develop/libopencm3/lib//libopencm3_stm32f1.a(usart_common_all.o)
                0x08003d98                usart_disable_tx_complete_interrupt
 .text.usart_enable_idle_interrupt
                0x08003da2        0xa /home/evandro/Develop/libopencm3/lib//libopencm3_stm32f1.a(usart_common_all.o)
                0x08003da2                usart_enable_idle_interrupt
 .text.blocking_handler
                0x08003dac        0x2 /home/evandro/Develop/libopencm3/lib//libopencm3_stm32f1.a(vector.o)
                0x08003dac                usart3_isr
                0x08003dac                rtc_isr
                0x08003dac                tim7_isr
                0x08003dac                adc1_2_isr
                0x08003dac                tim1_trg_com_isr
                0x08003dac                usb_hp_can_tx_isr
                0x08003dac                tim6_isr
                0x08003dac                usb_wakeup_isr
                0x08003dac                blocking_handler
                0x08003dac                tim5_isr
                0x08003dac                otg_fs_isr
                0x08003dac                spi1_isr
                0x08003dac                exti2_isr
                0x08003dac                can_rx1_isr
                0x08003dac                dma1_channel5_isr
                0x08003dac                dma2_channel5_isr
                0x08003dac                usart1_isr
                0x08003dac                tim8_trg_com_isr
                0x08003dac                can2_rx0_isr
                0x08003dac                tim1_brk_isr
                0x08003dac                can2_rx1_isr
                0x08003dac                tim1_cc_isr
                0x08003dac                sdio_isr
                0x08003dac                eth_isr
                0x08003dac                dma1_channel4_isr
                0x08003dac                tim8_brk_isr
                0x08003dac                dma2_channel4_5_isr
                0x08003dac                pvd_isr
                0x08003dac                rcc_isr
                0x08003dac                flash_isr
                0x08003dac                uart4_isr
                0x08003dac                rtc_alarm_isr
                0x08003dac                exti1_isr
                0x08003dac                i2c1_ev_isr
                0x08003dac                dma2_channel1_isr
                0x08003dac                spi2_isr
                0x08003dac                tim8_up_isr
                0x08003dac                dma2_channel2_isr
                0x08003dac                exti3_isr
                0x08003dac                adc3_isr
                0x08003dac                tim3_isr
                0x08003dac                usb_lp_can_rx0_isr
                0x08003dac                i2c2_er_isr
                0x08003dac                i2c2_ev_isr
                0x08003dac                uart5_isr
                0x08003dac                fsmc_isr
                0x08003dac                dma1_channel1_isr
                0x08003dac                exti4_isr
                0x08003dac                can2_tx_isr
                0x08003dac                dma2_channel3_isr
                0x08003dac                tim1_up_isr
                0x08003dac                can2_sce_isr
                0x08003dac                tim4_isr
                0x08003dac                dma1_channel2_isr
                0x08003dac                i2c1_er_isr
                0x08003dac                can_sce_isr
                0x08003dac                tim8_cc_isr
                0x08003dac                tamper_isr
                0x08003dac                eth_wkup_isr
                0x08003dac                wwdg_isr
                0x08003dac                dma1_channel3_isr
                0x08003dac                spi3_isr
                0x08003dac                exti0_isr
 .text.null_handler
                0x08003dae        0x2 /home/evandro/Develop/libopencm3/lib//libopencm3_stm32f1.a(vector.o)
                0x08003dae                null_handler
                0x08003dae                sv_call_handler
                0x08003dae                pend_sv_handler
                0x08003dae                debug_monitor_handler
                0x08003dae                nmi_handler
 .text.reset_handler
                0x08003db0       0x94 /home/evandro/Develop/libopencm3/lib//libopencm3_stm32f1.a(vector.o)
                0x08003db0                reset_handler
 .text.systick_set_reload
                0x08003e44        0xc /home/evandro/Develop/libopencm3/lib//libopencm3_stm32f1.a(systick.o)
                0x08003e44                systick_set_reload
 .text.systick_set_clocksource
                0x08003e50       0x14 /home/evandro/Develop/libopencm3/lib//libopencm3_stm32f1.a(systick.o)
                0x08003e50                systick_set_clocksource
 .text.systick_interrupt_enable
                0x08003e64        0xe /home/evandro/Develop/libopencm3/lib//libopencm3_stm32f1.a(systick.o)
                0x08003e64                systick_interrupt_enable
 .text.systick_interrupt_disable
                0x08003e72        0xe /home/evandro/Develop/libopencm3/lib//libopencm3_stm32f1.a(systick.o)
                0x08003e72                systick_interrupt_disable
 .text.systick_counter_enable
                0x08003e80        0xe /home/evandro/Develop/libopencm3/lib//libopencm3_stm32f1.a(systick.o)
                0x08003e80                systick_counter_enable
 *fill*         0x08003e8e        0x2 
 .text.scb_reset_system
                0x08003e90       0x10 /home/evandro/Develop/libopencm3/lib//libopencm3_stm32f1.a(scb.o)
                0x08003e90                scb_reset_system
 .text.nvic_enable_irq
                0x08003ea0       0x18 /home/evandro/Develop/libopencm3/lib//libopencm3_stm32f1.a(nvic.o)
                0x08003ea0                nvic_enable_irq
 .text.nvic_set_priority
                0x08003eb8       0x20 /home/evandro/Develop/libopencm3/lib//libopencm3_stm32f1.a(nvic.o)
                0x08003eb8                nvic_set_priority
 .text.desig_get_flash_size
                0x08003ed8        0xc /home/evandro/Develop/libopencm3/lib//libopencm3_stm32f1.a(desig_common_v1.o)
                0x08003ed8                desig_get_flash_size
 .text.flash_set_ws
                0x08003ee4       0x14 /home/evandro/Develop/libopencm3/lib//libopencm3_stm32f1.a(flash_common_all.o)
                0x08003ee4                flash_set_ws
 .text.memset   0x08003ef8       0xa0 /opt/gcc-arm-none/bin/../lib/gcc/arm-none-eabi/12.2.0/../../../../arm-none-eabi/lib/thumb/v7-m/nofp/libc.a(libc_a-memset.o)
                0x08003ef8                memset
 .text          0x08003f98       0xec /opt/gcc-arm-none/bin/../lib/gcc/arm-none-eabi/12.2.0/../../../../arm-none-eabi/lib/thumb/v7-m/nofp/libc.a(libc_a-memcpy.o)
                0x08003f98                memcpy
 .text.__paritysi2
                0x08004084       0x20 /opt/gcc-arm-none/bin/../lib/gcc/arm-none-eabi/12.2.0/thumb/v7-m/nofp/libgcc.a(_paritysi2.o)
                0x08004084                __paritysi2
 .text.selfrel_offset31
                0x080040a4       0x14 /opt/gcc-arm-none/bin/../lib/gcc/arm-none-eabi/12.2.0/thumb/v7-m/nofp/libgcc.a(unwind-arm.o)
 .text.search_EIT_table
                0x080040b8       0x64 /opt/gcc-arm-none/bin/../lib/gcc/arm-none-eabi/12.2.0/thumb/v7-m/nofp/libgcc.a(unwind-arm.o)
 .text.__gnu_unwind_get_pr_addr
                0x0800411c       0x28 /opt/gcc-arm-none/bin/../lib/gcc/arm-none-eabi/12.2.0/thumb/v7-m/nofp/libgcc.a(unwind-arm.o)
 .text.get_eit_entry
                0x08004144       0x94 /opt/gcc-arm-none/bin/../lib/gcc/arm-none-eabi/12.2.0/thumb/v7-m/nofp/libgcc.a(unwind-arm.o)
 .text.restore_non_core_regs
                0x080041d8       0x58 /opt/gcc-arm-none/bin/../lib/gcc/arm-none-eabi/12.2.0/thumb/v7-m/nofp/libgcc.a(unwind-arm.o)
 .text._Unwind_decode_typeinfo_ptr.constprop.0
                0x08004230        0xc /opt/gcc-arm-none/bin/../lib/gcc/arm-none-eabi/12.2.0/thumb/v7-m/nofp/libgcc.a(unwind-arm.o)
 .text._Unwind_DebugHook
                0x0800423c        0x4 /opt/gcc-arm-none/bin/../lib/gcc/arm-none-eabi/12.2.0/thumb/v7-m/nofp/libgcc.a(unwind-arm.o)
 .text.unwind_phase2
                0x08004240       0x3c /opt/gcc-arm-none/bin/../lib/gcc/arm-none-eabi/12.2.0/thumb/v7-m/nofp/libgcc.a(unwind-arm.o)
 .text.unwind_phase2_forced
                0x0800427c       0xe0 /opt/gcc-arm-none/bin/../lib/gcc/arm-none-eabi/12.2.0/thumb/v7-m/nofp/libgcc.a(unwind-arm.o)
 .text.__gnu_Unwind_RaiseException
                0x0800435c       0x68 /opt/gcc-arm-none/bin/../lib/gcc/arm-none-eabi/12.2.0/thumb/v7-m/nofp/libgcc.a(unwind-arm.o)
                0x0800435c                __gnu_Unwind_RaiseException
 .text.__gnu_Unwind_ForcedUnwind
                0x080043c4       0x18 /opt/gcc-arm-none/bin/../lib/gcc/arm-none-eabi/12.2.0/thumb/v7-m/nofp/libgcc.a(unwind-arm.o)
                0x080043c4                __gnu_Unwind_ForcedUnwind
 .text.__gnu_Unwind_Resume
                0x080043dc       0x40 /opt/gcc-arm-none/bin/../lib/gcc/arm-none-eabi/12.2.0/thumb/v7-m/nofp/libgcc.a(unwind-arm.o)
                0x080043dc                __gnu_Unwind_Resume
 .text.__gnu_Unwind_Resume_or_Rethrow
                0x0800441c       0x18 /opt/gcc-arm-none/bin/../lib/gcc/arm-none-eabi/12.2.0/thumb/v7-m/nofp/libgcc.a(unwind-arm.o)
                0x0800441c                __gnu_Unwind_Resume_or_Rethrow
 .text._Unwind_VRS_Get
                0x08004434       0x34 /opt/gcc-arm-none/bin/../lib/gcc/arm-none-eabi/12.2.0/thumb/v7-m/nofp/libgcc.a(unwind-arm.o)
                0x08004434                _Unwind_VRS_Get
 .text._Unwind_GetGR
                0x08004468       0x1c /opt/gcc-arm-none/bin/../lib/gcc/arm-none-eabi/12.2.0/thumb/v7-m/nofp/libgcc.a(unwind-arm.o)
 .text._Unwind_VRS_Set
                0x08004484       0x34 /opt/gcc-arm-none/bin/../lib/gcc/arm-none-eabi/12.2.0/thumb/v7-m/nofp/libgcc.a(unwind-arm.o)
                0x08004484                _Unwind_VRS_Set
 .text._Unwind_SetGR
                0x080044b8       0x18 /opt/gcc-arm-none/bin/../lib/gcc/arm-none-eabi/12.2.0/thumb/v7-m/nofp/libgcc.a(unwind-arm.o)
 .text.__gnu_Unwind_Backtrace
                0x080044d0       0x80 /opt/gcc-arm-none/bin/../lib/gcc/arm-none-eabi/12.2.0/thumb/v7-m/nofp/libgcc.a(unwind-arm.o)
                0x080044d0                __gnu_Unwind_Backtrace
 .text.__gnu_unwind_pr_common
                0x08004550      0x298 /opt/gcc-arm-none/bin/../lib/gcc/arm-none-eabi/12.2.0/thumb/v7-m/nofp/libgcc.a(unwind-arm.o)
 .text.__aeabi_unwind_cpp_pr0
                0x080047e8        0x8 /opt/gcc-arm-none/bin/../lib/gcc/arm-none-eabi/12.2.0/thumb/v7-m/nofp/libgcc.a(unwind-arm.o)
                0x080047e8                __aeabi_unwind_cpp_pr0
 .text.__aeabi_unwind_cpp_pr1
                0x080047f0        0x8 /opt/gcc-arm-none/bin/../lib/gcc/arm-none-eabi/12.2.0/thumb/v7-m/nofp/libgcc.a(unwind-arm.o)
                0x080047f0                __aeabi_unwind_cpp_pr1
 .text.__aeabi_unwind_cpp_pr2
                0x080047f8        0x8 /opt/gcc-arm-none/bin/../lib/gcc/arm-none-eabi/12.2.0/thumb/v7-m/nofp/libgcc.a(unwind-arm.o)
                0x080047f8                __aeabi_unwind_cpp_pr2
 .text._Unwind_VRS_Pop
                0x08004800      0x2e0 /opt/gcc-arm-none/bin/../lib/gcc/arm-none-eabi/12.2.0/thumb/v7-m/nofp/libgcc.a(unwind-arm.o)
                0x08004800                _Unwind_VRS_Pop
 .text          0x08004ae0      0x1ac /opt/gcc-arm-none/bin/../lib/gcc/arm-none-eabi/12.2.0/thumb/v7-m/nofp/libgcc.a(libunwind.o)
                0x08004ae0                __restore_core_regs
                0x08004ae0                restore_core_regs
                0x08004af8                __gnu_Unwind_Restore_VFP
                0x08004b00                __gnu_Unwind_Save_VFP
                0x08004b08                __gnu_Unwind_Restore_VFP_D
                0x08004b10                __gnu_Unwind_Save_VFP_D
                0x08004b18                __gnu_Unwind_Restore_VFP_D_16_to_31
                0x08004b20                __gnu_Unwind_Save_VFP_D_16_to_31
                0x08004b28                __gnu_Unwind_Restore_WMMXD
                0x08004b6c                __gnu_Unwind_Save_WMMXD
                0x08004bb0                __gnu_Unwind_Restore_WMMXC
                0x08004bc4                __gnu_Unwind_Save_WMMXC
                0x08004bd8                ___Unwind_RaiseException
                0x08004bd8                _Unwind_RaiseException
                0x08004bfc                ___Unwind_Resume
                0x08004bfc                _Unwind_Resume
                0x08004c20                _Unwind_Resume_or_Rethrow
                0x08004c20                ___Unwind_Resume_or_Rethrow
                0x08004c44                ___Unwind_ForcedUnwind
                0x08004c44                _Unwind_ForcedUnwind
                0x08004c68                _Unwind_Backtrace
                0x08004c68                ___Unwind_Backtrace
 .text.next_unwind_byte
                0x08004c8c       0x38 /opt/gcc-arm-none/bin/../lib/gcc/arm-none-eabi/12.2.0/thumb/v7-m/nofp/libgcc.a(pr-support.o)
 .text.__gnu_unwind_execute
                0x08004cc4      0x2e8 /opt/gcc-arm-none/bin/../lib/gcc/arm-none-eabi/12.2.0/thumb/v7-m/nofp/libgcc.a(pr-support.o)
                0x08004cc4                __gnu_unwind_execute
                0x08004fac                        . = ALIGN (0x4)
 *(.rodata*)
 .rodata._ZN6msxmap11convert2msxEv.str1.1
                0x08004fac       0x1a msxmap.o
 .rodata._ZL12Y_XLAT_TABLE
                0x08004fc6       0x10 msxmap.o
 .rodata.power_off_ps2_keyboard.str1.1
                0x08004fd6       0x22 ps2handl.o
 .rodata.ps2_send_command.str1.1
                0x08004ff8       0x16 ps2handl.o
                                 0x19 (size before relaxing)
 .rodata.ps2_keyb_detect.str1.1
                0x0800500e      0x173 ps2handl.o
                                0x188 (size before relaxing)
 .rodata.ps2_clock_send.str1.1
                0x08005181       0x4b ps2handl.o
 .rodata.ps2_clock_receive.str1.1
                0x080051cc       0xa3 ps2handl.o
                                 0xa6 (size before relaxing)
 .rodata.ps2_clock_update.str1.1
                0x0800526f       0x3e ps2handl.o
                                 0x42 (size before relaxing)
 .rodata.check_page_erased.str1.1
                0x080052ad       0x55 dbasemgt.o
 .rodata.check_flash_error.str1.1
                0x08005302       0x78 dbasemgt.o
 .rodata.database_setup.str1.1
                0x0800537a       0xf2 dbasemgt.o
                                0x100 (size before relaxing)
 .rodata.flash_program_data.str1.1
                0x0800546c      0x23a dbasemgt.o
                                0x244 (size before relaxing)
 .rodata.flash_rw.str1.1
                0x080056a6       0x75 dbasemgt.o
 .rodata.usart_get_string_line.str1.1
                0x0800571b       0x8d get_intelhex.o
                                 0x90 (size before relaxing)
 .rodata.usart_get_intel_hex.str1.1
                0x080057a8       0x75 get_intelhex.o
 .rodata.get_intelhex_to_RAM.str1.1
                0x0800581d       0x7c get_intelhex.o
 *fill*         0x08005899        0x3 
 .rodata        0x0800589c       0x28 serial.o
 .rodata.common_code_fault_handler.str1.1
                0x080058c4       0xd2 SpecialFaultHandlers.o
                                 0xd5 (size before relaxing)
 .rodata.c_hard_fault_handler.str1.1
                0x08005996       0x36 SpecialFaultHandlers.o
 .rodata.c_mem_manage_handler.str1.1
                0x080059cc       0x39 SpecialFaultHandlers.o
 .rodata.c_bus_fault_handler.str1.1
                0x08005a05       0x35 SpecialFaultHandlers.o
 .rodata.c_usage_fault_handler.str1.1
                0x08005a3a       0x37 SpecialFaultHandlers.o
 .rodata.main.str1.1
                0x08005a71      0x322 ps2-msx-kb-conv.o
                                0x341 (size before relaxing)
 *fill*         0x08005d93        0x1 
 .rodata.rcc_hse_configs
                0x08005d94       0x8c /home/evandro/Develop/libopencm3/lib//libopencm3_stm32f1.a(rcc.o)
                0x08005d94                rcc_hse_configs
                0x08005e20                        . = ALIGN (0x4)

.glue_7         0x08005e20        0x0
 .glue_7        0x08005e20        0x0 linker stubs

.glue_7t        0x08005e20        0x0
 .glue_7t       0x08005e20        0x0 linker stubs

.vfp11_veneer   0x08005e20        0x0
 .vfp11_veneer  0x08005e20        0x0 linker stubs

.v4_bx          0x08005e20        0x0
 .v4_bx         0x08005e20        0x0 linker stubs

.iplt           0x08005e20        0x0
 .iplt          0x08005e20        0x0 msxmap.o

.preinit_array  0x08005e20        0x0
                0x08005e20                        . = ALIGN (0x4)
                0x08005e20                        __preinit_array_start = .
 *(.preinit_array)
                0x08005e20                        __preinit_array_end = .

.init_array     0x08005e20        0x0
                0x08005e20                        . = ALIGN (0x4)
                0x08005e20                        __init_array_start = .
 *(SORT_BY_NAME(.init_array.*))
 *(.init_array)
                0x08005e20                        __init_array_end = .

.fini_array     0x08005e20        0x0
                0x08005e20                        . = ALIGN (0x4)
                0x08005e20                        __fini_array_start = .
 *(.fini_array)
 *(SORT_BY_NAME(.fini_array.*))
                0x08005e20                        __fini_array_end = .

.ARM.extab
 *(.ARM.extab*)

.ARM.exidx      0x08005e20       0xf0
                0x08005e20                        __exidx_start = .
 *(.ARM.exidx*)
 .ARM.exidx.text._ZN6msxmap30put_msx_disp_keys_queue_bufferEh.constprop.0.isra.0
                0x08005e20        0x8 msxmap.o
 .ARM.exidx.text._ZN6msxmap19msx_interface_setupEv
                0x08005e28        0x8 msxmap.o
 .ARM.exidx.text._ZN6msxmap36available_msx_disp_keys_queue_bufferEv
                0x08005e30        0x8 msxmap.o
 .ARM.exidx.text._ZN6msxmap30get_msx_disp_keys_queue_bufferEv
                0x08005e38        0x0 msxmap.o
                                  0x8 (size before relaxing)
 .ARM.exidx.text._ZN6msxmap40compute_x_bits_and_check_interrupt_stuckEhhb
                0x08005e38        0x8 msxmap.o
 .ARM.exidx.text._ZN6msxmap12msxqueuekeysEv
                0x08005e40        0x8 msxmap.o
 .ARM.exidx.text._ZN6msxmap12msx_dispatchEv
                0x08005e48        0x8 msxmap.o
 .ARM.exidx.text._ZN6msxmap11convert2msxEv
                0x08005e50        0x8 msxmap.o
 .ARM.exidx.text.exti15_10_isr
                0x08005e58        0x8 msxmap.o
 .ARM.exidx.text.exti9_5_isr
                0x08005e60        0x8 msxmap.o
 .ARM.exidx.text._Z13systick_setupv
                0x08005e68        0x8 sys_timer.o
 .ARM.exidx.text.sys_tick_handler
                0x08005e70       0x10 sys_timer.o
                                  0x8 (size before relaxing)
 .ARM.exidx.text._Z11end_of_codePm
                0x08005e80        0x0 ps2-msx-kb-conv.o
                                  0x8 (size before relaxing)
 .ARM.exidx.text.startup.main
                0x08005e80       0x10 ps2-msx-kb-conv.o
                                  0x8 (size before relaxing)
 .ARM.exidx     0x08005e90        0x0 /opt/gcc-arm-none/bin/../lib/gcc/arm-none-eabi/12.2.0/../../../../arm-none-eabi/lib/thumb/v7-m/nofp/libc.a(libc_a-memcpy.o)
                                  0x8 (size before relaxing)
 .ARM.exidx.text.selfrel_offset31
                0x08005e90        0x0 /opt/gcc-arm-none/bin/../lib/gcc/arm-none-eabi/12.2.0/thumb/v7-m/nofp/libgcc.a(unwind-arm.o)
                                  0x8 (size before relaxing)
 .ARM.exidx.text.search_EIT_table
                0x08005e90        0x0 /opt/gcc-arm-none/bin/../lib/gcc/arm-none-eabi/12.2.0/thumb/v7-m/nofp/libgcc.a(unwind-arm.o)
                                  0x8 (size before relaxing)
 .ARM.exidx.text.__gnu_unwind_get_pr_addr
                0x08005e90        0x0 /opt/gcc-arm-none/bin/../lib/gcc/arm-none-eabi/12.2.0/thumb/v7-m/nofp/libgcc.a(unwind-arm.o)
                                  0x8 (size before relaxing)
 .ARM.exidx.text.get_eit_entry
                0x08005e90        0x8 /opt/gcc-arm-none/bin/../lib/gcc/arm-none-eabi/12.2.0/thumb/v7-m/nofp/libgcc.a(unwind-arm.o)
 .ARM.exidx.text.restore_non_core_regs
                0x08005e98        0x8 /opt/gcc-arm-none/bin/../lib/gcc/arm-none-eabi/12.2.0/thumb/v7-m/nofp/libgcc.a(unwind-arm.o)
 .ARM.exidx.text._Unwind_decode_typeinfo_ptr.constprop.0
                0x08005ea0        0x8 /opt/gcc-arm-none/bin/../lib/gcc/arm-none-eabi/12.2.0/thumb/v7-m/nofp/libgcc.a(unwind-arm.o)
 .ARM.exidx.text._Unwind_DebugHook
                0x08005ea8        0x0 /opt/gcc-arm-none/bin/../lib/gcc/arm-none-eabi/12.2.0/thumb/v7-m/nofp/libgcc.a(unwind-arm.o)
                                  0x8 (size before relaxing)
 .ARM.exidx.text.unwind_phase2
                0x08005ea8        0x8 /opt/gcc-arm-none/bin/../lib/gcc/arm-none-eabi/12.2.0/thumb/v7-m/nofp/libgcc.a(unwind-arm.o)
 .ARM.exidx.text.unwind_phase2_forced
                0x08005eb0        0x8 /opt/gcc-arm-none/bin/../lib/gcc/arm-none-eabi/12.2.0/thumb/v7-m/nofp/libgcc.a(unwind-arm.o)
 .ARM.exidx.text.__gnu_Unwind_RaiseException
                0x08005eb8        0x8 /opt/gcc-arm-none/bin/../lib/gcc/arm-none-eabi/12.2.0/thumb/v7-m/nofp/libgcc.a(unwind-arm.o)
 .ARM.exidx.text.__gnu_Unwind_ForcedUnwind
                0x08005ec0        0x8 /opt/gcc-arm-none/bin/../lib/gcc/arm-none-eabi/12.2.0/thumb/v7-m/nofp/libgcc.a(unwind-arm.o)
 .ARM.exidx.text.__gnu_Unwind_Resume
                0x08005ec8        0x8 /opt/gcc-arm-none/bin/../lib/gcc/arm-none-eabi/12.2.0/thumb/v7-m/nofp/libgcc.a(unwind-arm.o)
 .ARM.exidx.text.__gnu_Unwind_Resume_or_Rethrow
                0x08005ed0        0x8 /opt/gcc-arm-none/bin/../lib/gcc/arm-none-eabi/12.2.0/thumb/v7-m/nofp/libgcc.a(unwind-arm.o)
 .ARM.exidx.text._Unwind_VRS_Get
                0x08005ed8        0x0 /opt/gcc-arm-none/bin/../lib/gcc/arm-none-eabi/12.2.0/thumb/v7-m/nofp/libgcc.a(unwind-arm.o)
                                  0x8 (size before relaxing)
 .ARM.exidx.text._Unwind_GetGR
                0x08005ed8        0x0 /opt/gcc-arm-none/bin/../lib/gcc/arm-none-eabi/12.2.0/thumb/v7-m/nofp/libgcc.a(unwind-arm.o)
                                  0x8 (size before relaxing)
 .ARM.exidx.text._Unwind_VRS_Set
                0x08005ed8        0x0 /opt/gcc-arm-none/bin/../lib/gcc/arm-none-eabi/12.2.0/thumb/v7-m/nofp/libgcc.a(unwind-arm.o)
                                  0x8 (size before relaxing)
 .ARM.exidx.text._Unwind_SetGR
                0x08005ed8        0x0 /opt/gcc-arm-none/bin/../lib/gcc/arm-none-eabi/12.2.0/thumb/v7-m/nofp/libgcc.a(unwind-arm.o)
                                  0x8 (size before relaxing)
 .ARM.exidx.text.__gnu_Unwind_Backtrace
                0x08005ed8        0x8 /opt/gcc-arm-none/bin/../lib/gcc/arm-none-eabi/12.2.0/thumb/v7-m/nofp/libgcc.a(unwind-arm.o)
 .ARM.exidx.text.__gnu_unwind_pr_common
                0x08005ee0        0x8 /opt/gcc-arm-none/bin/../lib/gcc/arm-none-eabi/12.2.0/thumb/v7-m/nofp/libgcc.a(unwind-arm.o)
 .ARM.exidx.text.__aeabi_unwind_cpp_pr0
                0x08005ee8        0x8 /opt/gcc-arm-none/bin/../lib/gcc/arm-none-eabi/12.2.0/thumb/v7-m/nofp/libgcc.a(unwind-arm.o)
 .ARM.exidx.text.__aeabi_unwind_cpp_pr1
                0x08005ef0        0x0 /opt/gcc-arm-none/bin/../lib/gcc/arm-none-eabi/12.2.0/thumb/v7-m/nofp/libgcc.a(unwind-arm.o)
                                  0x8 (size before relaxing)
 .ARM.exidx.text.__aeabi_unwind_cpp_pr2
                0x08005ef0        0x0 /opt/gcc-arm-none/bin/../lib/gcc/arm-none-eabi/12.2.0/thumb/v7-m/nofp/libgcc.a(unwind-arm.o)
                                  0x8 (size before relaxing)
 .ARM.exidx.text._Unwind_VRS_Pop
                0x08005ef0       0x10 /opt/gcc-arm-none/bin/../lib/gcc/arm-none-eabi/12.2.0/thumb/v7-m/nofp/libgcc.a(unwind-arm.o)
                                  0x8 (size before relaxing)
 .ARM.exidx.text.next_unwind_byte
                0x08005f00        0x0 /opt/gcc-arm-none/bin/../lib/gcc/arm-none-eabi/12.2.0/thumb/v7-m/nofp/libgcc.a(pr-support.o)
                                  0x8 (size before relaxing)
 .ARM.exidx.text.__gnu_unwind_execute
                0x08005f00       0x10 /opt/gcc-arm-none/bin/../lib/gcc/arm-none-eabi/12.2.0/thumb/v7-m/nofp/libgcc.a(pr-support.o)
                                  0x8 (size before relaxing)
                0x08005f10                        __exidx_end = .

.rel.dyn        0x08005f10        0x0
 .rel.iplt      0x08005f10        0x0 msxmap.o
                0x08005f10                        . = ALIGN (0x4)
                0x08005f10                        _etext = .

.noinit
 *(.noinit*)
                0x08005f10                        . = ALIGN (0x4)

.data           0x20000000       0x18 load address 0x08005f10
                0x20000000                        _data = .
 *(.data*)
 .data.UNUSED_DATABASE
                0x20000000        0x8 msxmap.o
                0x20000000                UNUSED_DATABASE
 .data.xon_condition
                0x20000008        0x1 serial.o
                0x20000008                xon_condition
 .data.enable_xon_xoff
                0x20000009        0x1 serial.o
                0x20000009                enable_xon_xoff
 *fill*         0x2000000a        0x2 
 .data.rcc_ahb_frequency
                0x2000000c        0x4 /home/evandro/Develop/libopencm3/lib//libopencm3_stm32f1.a(rcc.o)
                0x2000000c                rcc_ahb_frequency
 .data.rcc_apb1_frequency
                0x20000010        0x4 /home/evandro/Develop/libopencm3/lib//libopencm3_stm32f1.a(rcc.o)
                0x20000010                rcc_apb1_frequency
 .data.rcc_apb2_frequency
                0x20000014        0x4 /home/evandro/Develop/libopencm3/lib//libopencm3_stm32f1.a(rcc.o)
                0x20000014                rcc_apb2_frequency
 *(.ramtext*)
                0x20000018                        . = ALIGN (0x4)
                0x20000018                        _edata = .
                0x08005f10                        _data_loadaddr = LOADADDR (.data)

.igot.plt       0x20000018        0x0 load address 0x08005f28
 .igot.plt      0x20000018        0x0 msxmap.o

.bss            0x20000018      0x880 load address 0x08005f28
 *(.bss*)
 .bss.dispatch_keys_queue
                0x20000018        0xc msxmap.o
                0x20000018                dispatch_keys_queue
 .bss.dispatch_keys_queue_buffer
                0x20000024       0x10 msxmap.o
                0x20000024                dispatch_keys_queue_buffer
 .bss.CtrlAltDel
                0x20000034        0x1 msxmap.o
                0x20000034                CtrlAltDel
 .bss.scancode  0x20000035        0x4 msxmap.o
                0x20000035                scancode
 *fill*         0x20000039        0x3 
 .bss.formerscancode
                0x2000003c        0x4 msxmap.o
                0x2000003c                formerscancode
 .bss.y_dummy   0x20000040        0x1 msxmap.o
                0x20000040                y_dummy
 *fill*         0x20000041        0x3 
 .bss.x_bits    0x20000044       0x40 msxmap.o
                0x20000044                x_bits
 .bss.previous_y_systick
                0x20000084       0x40 msxmap.o
                0x20000084                previous_y_systick
 .bss.linhavarrida
                0x200000c4        0x2 msxmap.o
                0x200000c4                linhavarrida
 .bss.shiftstate
                0x200000c6        0x1 msxmap.o
                0x200000c6                shiftstate
 .bss.do_next_keep_alive
                0x200000c7        0x1 msxmap.o
                0x200000c7                do_next_keep_alive
 .bss.base_of_database
                0x200000c8        0x4 msxmap.o
                0x200000c8                base_of_database
 .bss.parity_bit.0
                0x200000cc        0x1 ps2handl.o
 .bss.stop_bit.1
                0x200000cd        0x1 ps2handl.o
 .bss.data_word.2
                0x200000ce        0x1 ps2handl.o
 .bss.ps2_recv_get_ptr
                0x200000cf        0x1 ps2handl.o
                0x200000cf                ps2_recv_get_ptr
 .bss.ps2_recv_put_ptr
                0x200000d0        0x1 ps2handl.o
                0x200000d0                ps2_recv_put_ptr
 .bss.ps2_recv_buffer
                0x200000d1       0x40 ps2handl.o
                0x200000d1                ps2_recv_buffer
 .bss.mount_scancode_count_status
                0x20000111        0x1 ps2handl.o
                0x20000111                mount_scancode_count_status
 .bss.ps2_byte_received
                0x20000112        0x1 ps2handl.o
                0x20000112                ps2_byte_received
 .bss.ps2_keystr_f0
                0x20000113        0x1 ps2handl.o
                0x20000113                ps2_keystr_f0
 .bss.ps2_keystr_e1
                0x20000114        0x1 ps2handl.o
                0x20000114                ps2_keystr_e1
 .bss.ps2_keystr_e0
                0x20000115        0x1 ps2handl.o
                0x20000115                ps2_keystr_e0
 .bss.mount_scancode_OK
                0x20000116        0x1 ps2handl.o
                0x20000116                mount_scancode_OK
 .bss.kana_former
                0x20000117        0x1 ps2handl.o
                0x20000117                kana_former
 .bss.caps_former
                0x20000118        0x1 ps2handl.o
                0x20000118                caps_former
 .bss.kana_state
                0x20000119        0x1 ps2handl.o
                0x20000119                kana_state
 .bss.caps_state
                0x2000011a        0x1 ps2handl.o
                0x2000011a                caps_state
 .bss.echo_received
                0x2000011b        0x1 ps2handl.o
                0x2000011b                echo_received
 .bss.command_ok
                0x2000011c        0x1 ps2handl.o
                0x2000011c                command_ok
 .bss.ps2numlockstate
                0x2000011d        0x1 ps2handl.o
                0x2000011d                ps2numlockstate
 .bss.ps2_keyb_detected
                0x2000011e        0x1 ps2handl.o
                0x2000011e                ps2_keyb_detected
 .bss.update_ps2_leds
                0x2000011f        0x1 ps2handl.o
                0x2000011f                update_ps2_leds
 .bss.formerps2datapin
                0x20000120        0x1 ps2handl.o
                0x20000120                formerps2datapin
 *fill*         0x20000121        0x3 
 .bss.ps2int_prev_systicks
                0x20000124        0x4 ps2handl.o
                0x20000124                ps2int_prev_systicks
 .bss.prev_systicks
                0x20000128        0x4 ps2handl.o
                0x20000128                prev_systicks
 .bss.argument  0x2000012c        0x1 ps2handl.o
                0x2000012c                argument
 .bss.command   0x2000012d        0x1 ps2handl.o
                0x2000012d                command
 .bss.ps2int_RX_bit_idx
                0x2000012e        0x1 ps2handl.o
                0x2000012e                ps2int_RX_bit_idx
 .bss.ps2int_TX_bit_idx
                0x2000012f        0x1 ps2handl.o
                0x2000012f                ps2int_TX_bit_idx
 .bss.ps2int_state
                0x20000130        0x2 ps2handl.o
                0x20000130                ps2int_state
 .bss.compatible_database
                0x20000132        0x1 dbasemgt.o
                0x20000132                compatible_database
 .bss.flash_locked
                0x20000133        0x1 dbasemgt.o
                0x20000133                flash_locked
 .bss.abort_intelhex_reception
                0x20000134        0x1 get_intelhex.o
                0x20000134                abort_intelhex_reception
 .bss.error_intel_hex
                0x20000135        0x1 get_intelhex.o
                0x20000135                error_intel_hex
 .bss.fail_count
                0x20000136        0x2 sys_timer.o
                0x20000136                fail_count
 .bss.last_ps2_fails
                0x20000138        0x2 sys_timer.o
                0x20000138                last_ps2_fails
 .bss.ticks_keys
                0x2000013a        0x2 sys_timer.o
                0x2000013a                ticks_keys
 .bss.ticks     0x2000013c        0x4 sys_timer.o
                0x2000013c                ticks
 .bss.systicks  0x20000140        0x4 sys_timer.o
                0x20000140                systicks
 .bss.serial_no
                0x20000144        0x9 serial_no.o
                0x20000144                serial_no
 .bss.ok_to_rx  0x2000014d        0x1 serial.o
                0x2000014d                ok_to_rx
 .bss.last_dma_tx_set_number_of_data
                0x2000014e        0x2 serial.o
                0x2000014e                last_dma_tx_set_number_of_data
 .bss.buf_dma_rx
                0x20000150      0x100 serial.o
                0x20000150                buf_dma_rx
 .bss.dma_rx_ring
                0x20000250        0xc serial.o
                0x20000250                dma_rx_ring
 .bss.uart_rx_ring_buffer
                0x2000025c      0x400 serial.o
                0x2000025c                uart_rx_ring_buffer
 .bss.uart_tx_ring_buffer
                0x2000065c      0x200 serial.o
                0x2000065c                uart_tx_ring_buffer
 .bss.uart_rx_ring
                0x2000085c        0xc serial.o
                0x2000085c                uart_rx_ring
 .bss.uart_tx_ring
                0x20000868        0xc serial.o
                0x20000868                uart_tx_ring
 .bss.xonoff_sendnow
                0x20000874        0x1 serial.o
                0x20000874                xonoff_sendnow
 .bss.xoff_condition
                0x20000875        0x1 serial.o
                0x20000875                xoff_condition
 *fill*         0x20000876        0x2 
 .bss.next_routine
                0x20000878        0x4 hr_timer.o
                0x20000878                next_routine
 *fill*         0x2000087c        0x4 
 .bss.acctimeps2data0
                0x20000880        0x8 hr_timer.o
                0x20000880                acctimeps2data0
 .bss.time_between_ps2clk
                0x20000888        0x8 hr_timer.o
                0x20000888                time_between_ps2clk
 .bss.TIM2_Update_Cnt
                0x20000890        0x8 hr_timer.o
                0x20000890                TIM2_Update_Cnt
 *(COMMON)
                0x20000898                        . = ALIGN (0x4)
                0x20000898                        _ebss = .

/DISCARD/
 *(.eh_frame)
                0x20000898                        . = ALIGN (0x4)
                0x20000898                        end = .
                0x20002800                        PROVIDE (_stack = (ORIGIN (ram) + LENGTH (ram)))
OUTPUT(ps2-msx-kb-convF1.elf elf32-littlearm)
LOAD linker stubs

.debug_info     0x00000000     0xf944
 .debug_info    0x00000000     0x1061 msxmap.o
 .debug_info    0x00001061     0x1528 ps2handl.o
 .debug_info    0x00002589      0xfe4 dbasemgt.o
 .debug_info    0x0000356d      0x82e get_intelhex.o
 .debug_info    0x00003d9b      0x46d sys_timer.o
 .debug_info    0x00004208      0x1ac serial_no.o
 .debug_info    0x000043b4     0x1a49 serial.o
 .debug_info    0x00005dfd      0x89b hr_timer.o
 .debug_info    0x00006698      0x6c7 SpecialFaultHandlers.o
 .debug_info    0x00006d5f      0xdad ps2-msx-kb-conv.o
 .debug_info    0x00007b0c      0x781 /home/evandro/Develop/libopencm3/lib//libopencm3_stm32f1.a(dma_common_l1f013.o)
 .debug_info    0x0000828d      0x222 /home/evandro/Develop/libopencm3/lib//libopencm3_stm32f1.a(exti_common_all.o)
 .debug_info    0x000084af      0x31f /home/evandro/Develop/libopencm3/lib//libopencm3_stm32f1.a(flash.o)
 .debug_info    0x000087ce       0xb9 /home/evandro/Develop/libopencm3/lib//libopencm3_stm32f1.a(flash_common_f.o)
 .debug_info    0x00008887      0x201 /home/evandro/Develop/libopencm3/lib//libopencm3_stm32f1.a(flash_common_f01.o)
 .debug_info    0x00008a88      0x1f8 /home/evandro/Develop/libopencm3/lib//libopencm3_stm32f1.a(gpio.o)
 .debug_info    0x00008c80      0x256 /home/evandro/Develop/libopencm3/lib//libopencm3_stm32f1.a(gpio_common_all.o)
 .debug_info    0x00008ed6      0x190 /home/evandro/Develop/libopencm3/lib//libopencm3_stm32f1.a(iwdg_common_all.o)
 .debug_info    0x00009066     0x14d0 /home/evandro/Develop/libopencm3/lib//libopencm3_stm32f1.a(rcc.o)
 .debug_info    0x0000a536      0x60d /home/evandro/Develop/libopencm3/lib//libopencm3_stm32f1.a(rcc_common_all.o)
 .debug_info    0x0000ab43     0x1004 /home/evandro/Develop/libopencm3/lib//libopencm3_stm32f1.a(timer_common_all.o)
 .debug_info    0x0000bb47      0x569 /home/evandro/Develop/libopencm3/lib//libopencm3_stm32f1.a(usart_common_all.o)
 .debug_info    0x0000c0b0      0x2c4 /home/evandro/Develop/libopencm3/lib//libopencm3_stm32f1.a(vector.o)
 .debug_info    0x0000c374      0x271 /home/evandro/Develop/libopencm3/lib//libopencm3_stm32f1.a(systick.o)
 .debug_info    0x0000c5e5       0xdb /home/evandro/Develop/libopencm3/lib//libopencm3_stm32f1.a(scb.o)
 .debug_info    0x0000c6c0      0x239 /home/evandro/Develop/libopencm3/lib//libopencm3_stm32f1.a(nvic.o)
 .debug_info    0x0000c8f9       0xe8 /home/evandro/Develop/libopencm3/lib//libopencm3_stm32f1.a(desig_common_v1.o)
 .debug_info    0x0000c9e1       0xf1 /home/evandro/Develop/libopencm3/lib//libopencm3_stm32f1.a(flash_common_all.o)
 .debug_info    0x0000cad2      0x135 /opt/gcc-arm-none/bin/../lib/gcc/arm-none-eabi/12.2.0/../../../../arm-none-eabi/lib/thumb/v7-m/nofp/libc.a(libc_a-memset.o)
 .debug_info    0x0000cc07       0x31 /opt/gcc-arm-none/bin/../lib/gcc/arm-none-eabi/12.2.0/../../../../arm-none-eabi/lib/thumb/v7-m/nofp/libc.a(libc_a-memcpy.o)
 .debug_info    0x0000cc38      0x2d8 /opt/gcc-arm-none/bin/../lib/gcc/arm-none-eabi/12.2.0/thumb/v7-m/nofp/libgcc.a(_paritysi2.o)
 .debug_info    0x0000cf10     0x1efa /opt/gcc-arm-none/bin/../lib/gcc/arm-none-eabi/12.2.0/thumb/v7-m/nofp/libgcc.a(unwind-arm.o)
 .debug_info    0x0000ee0a       0x9e /opt/gcc-arm-none/bin/../lib/gcc/arm-none-eabi/12.2.0/thumb/v7-m/nofp/libgcc.a(libunwind.o)
 .debug_info    0x0000eea8      0xa9c /opt/gcc-arm-none/bin/../lib/gcc/arm-none-eabi/12.2.0/thumb/v7-m/nofp/libgcc.a(pr-support.o)

.debug_abbrev   0x00000000     0x35d2
 .debug_abbrev  0x00000000      0x373 msxmap.o
 .debug_abbrev  0x00000373      0x317 ps2handl.o
 .debug_abbrev  0x0000068a      0x274 dbasemgt.o
 .debug_abbrev  0x000008fe      0x24e get_intelhex.o
 .debug_abbrev  0x00000b4c      0x1ed sys_timer.o
 .debug_abbrev  0x00000d39      0x100 serial_no.o
 .debug_abbrev  0x00000e39      0x460 serial.o
 .debug_abbrev  0x00001299      0x1f3 hr_timer.o
 .debug_abbrev  0x0000148c      0x10d SpecialFaultHandlers.o
 .debug_abbrev  0x00001599      0x28d ps2-msx-kb-conv.o
 .debug_abbrev  0x00001826      0x168 /home/evandro/Develop/libopencm3/lib//libopencm3_stm32f1.a(dma_common_l1f013.o)
 .debug_abbrev  0x0000198e      0x103 /home/evandro/Develop/libopencm3/lib//libopencm3_stm32f1.a(exti_common_all.o)
 .debug_abbrev  0x00001a91      0x160 /home/evandro/Develop/libopencm3/lib//libopencm3_stm32f1.a(flash.o)
 .debug_abbrev  0x00001bf1       0x56 /home/evandro/Develop/libopencm3/lib//libopencm3_stm32f1.a(flash_common_f.o)
 .debug_abbrev  0x00001c47       0xf5 /home/evandro/Develop/libopencm3/lib//libopencm3_stm32f1.a(flash_common_f01.o)
 .debug_abbrev  0x00001d3c       0xd2 /home/evandro/Develop/libopencm3/lib//libopencm3_stm32f1.a(gpio.o)
 .debug_abbrev  0x00001e0e      0x115 /home/evandro/Develop/libopencm3/lib//libopencm3_stm32f1.a(gpio_common_all.o)
 .debug_abbrev  0x00001f23      0x120 /home/evandro/Develop/libopencm3/lib//libopencm3_stm32f1.a(iwdg_common_all.o)
 .debug_abbrev  0x00002043      0x2be /home/evandro/Develop/libopencm3/lib//libopencm3_stm32f1.a(rcc.o)
 .debug_abbrev  0x00002301      0x185 /home/evandro/Develop/libopencm3/lib//libopencm3_stm32f1.a(rcc_common_all.o)
 .debug_abbrev  0x00002486      0x1ac /home/evandro/Develop/libopencm3/lib//libopencm3_stm32f1.a(timer_common_all.o)
 .debug_abbrev  0x00002632      0x164 /home/evandro/Develop/libopencm3/lib//libopencm3_stm32f1.a(usart_common_all.o)
 .debug_abbrev  0x00002796      0x149 /home/evandro/Develop/libopencm3/lib//libopencm3_stm32f1.a(vector.o)
 .debug_abbrev  0x000028df      0x14e /home/evandro/Develop/libopencm3/lib//libopencm3_stm32f1.a(systick.o)
 .debug_abbrev  0x00002a2d       0x88 /home/evandro/Develop/libopencm3/lib//libopencm3_stm32f1.a(scb.o)
 .debug_abbrev  0x00002ab5       0xb6 /home/evandro/Develop/libopencm3/lib//libopencm3_stm32f1.a(nvic.o)
 .debug_abbrev  0x00002b6b       0x8e /home/evandro/Develop/libopencm3/lib//libopencm3_stm32f1.a(desig_common_v1.o)
 .debug_abbrev  0x00002bf9       0x96 /home/evandro/Develop/libopencm3/lib//libopencm3_stm32f1.a(flash_common_all.o)
 .debug_abbrev  0x00002c8f       0xb7 /opt/gcc-arm-none/bin/../lib/gcc/arm-none-eabi/12.2.0/../../../../arm-none-eabi/lib/thumb/v7-m/nofp/libc.a(libc_a-memset.o)
 .debug_abbrev  0x00002d46       0x21 /opt/gcc-arm-none/bin/../lib/gcc/arm-none-eabi/12.2.0/../../../../arm-none-eabi/lib/thumb/v7-m/nofp/libc.a(libc_a-memcpy.o)
 .debug_abbrev  0x00002d67       0xd4 /opt/gcc-arm-none/bin/../lib/gcc/arm-none-eabi/12.2.0/thumb/v7-m/nofp/libgcc.a(_paritysi2.o)
 .debug_abbrev  0x00002e3b      0x47f /opt/gcc-arm-none/bin/../lib/gcc/arm-none-eabi/12.2.0/thumb/v7-m/nofp/libgcc.a(unwind-arm.o)
 .debug_abbrev  0x000032ba       0x21 /opt/gcc-arm-none/bin/../lib/gcc/arm-none-eabi/12.2.0/thumb/v7-m/nofp/libgcc.a(libunwind.o)
 .debug_abbrev  0x000032db      0x2f7 /opt/gcc-arm-none/bin/../lib/gcc/arm-none-eabi/12.2.0/thumb/v7-m/nofp/libgcc.a(pr-support.o)

.debug_loclists
                0x00000000     0x47e2
 .debug_loclists
                0x00000000      0x58a msxmap.o
 .debug_loclists
                0x0000058a      0x33d ps2handl.o
 .debug_loclists
                0x000008c7      0x6bb dbasemgt.o
 .debug_loclists
                0x00000f82      0x383 get_intelhex.o
 .debug_loclists
                0x00001305       0x3b serial_no.o
 .debug_loclists
                0x00001340      0x799 serial.o
 .debug_loclists
                0x00001ad9       0x7f hr_timer.o
 .debug_loclists
                0x00001b58       0xdb SpecialFaultHandlers.o
 .debug_loclists
                0x00001c33       0x4f ps2-msx-kb-conv.o
 .debug_loclists
                0x00001c82      0x4fa /home/evandro/Develop/libopencm3/lib//libopencm3_stm32f1.a(dma_common_l1f013.o)
 .debug_loclists
                0x0000217c       0x9a /home/evandro/Develop/libopencm3/lib//libopencm3_stm32f1.a(exti_common_all.o)
 .debug_loclists
                0x00002216       0x64 /home/evandro/Develop/libopencm3/lib//libopencm3_stm32f1.a(flash.o)
 .debug_loclists
                0x0000227a       0x86 /home/evandro/Develop/libopencm3/lib//libopencm3_stm32f1.a(flash_common_f01.o)
 .debug_loclists
                0x00002300      0x19d /home/evandro/Develop/libopencm3/lib//libopencm3_stm32f1.a(gpio.o)
 .debug_loclists
                0x0000249d       0x7e /home/evandro/Develop/libopencm3/lib//libopencm3_stm32f1.a(gpio_common_all.o)
 .debug_loclists
                0x0000251b       0x88 /home/evandro/Develop/libopencm3/lib//libopencm3_stm32f1.a(iwdg_common_all.o)
 .debug_loclists
                0x000025a3      0x256 /home/evandro/Develop/libopencm3/lib//libopencm3_stm32f1.a(rcc.o)
 .debug_loclists
                0x000027f9       0x68 /home/evandro/Develop/libopencm3/lib//libopencm3_stm32f1.a(rcc_common_all.o)
 .debug_loclists
                0x00002861      0x18d /home/evandro/Develop/libopencm3/lib//libopencm3_stm32f1.a(timer_common_all.o)
 .debug_loclists
                0x000029ee       0xe8 /home/evandro/Develop/libopencm3/lib//libopencm3_stm32f1.a(usart_common_all.o)
 .debug_loclists
                0x00002ad6       0xb6 /home/evandro/Develop/libopencm3/lib//libopencm3_stm32f1.a(vector.o)
 .debug_loclists
                0x00002b8c      0x12c /home/evandro/Develop/libopencm3/lib//libopencm3_stm32f1.a(systick.o)
 .debug_loclists
                0x00002cb8       0x23 /home/evandro/Develop/libopencm3/lib//libopencm3_stm32f1.a(scb.o)
 .debug_loclists
                0x00002cdb       0xdb /home/evandro/Develop/libopencm3/lib//libopencm3_stm32f1.a(nvic.o)
 .debug_loclists
                0x00002db6       0x2b /home/evandro/Develop/libopencm3/lib//libopencm3_stm32f1.a(desig_common_v1.o)
 .debug_loclists
                0x00002de1       0x17 /home/evandro/Develop/libopencm3/lib//libopencm3_stm32f1.a(flash_common_all.o)
 .debug_loclists
                0x00002df8      0x1e2 /opt/gcc-arm-none/bin/../lib/gcc/arm-none-eabi/12.2.0/../../../../arm-none-eabi/lib/thumb/v7-m/nofp/libc.a(libc_a-memset.o)
 .debug_loclists
                0x00002fda       0x32 /opt/gcc-arm-none/bin/../lib/gcc/arm-none-eabi/12.2.0/thumb/v7-m/nofp/libgcc.a(_paritysi2.o)
 .debug_loclists
                0x0000300c     0x142a /opt/gcc-arm-none/bin/../lib/gcc/arm-none-eabi/12.2.0/thumb/v7-m/nofp/libgcc.a(unwind-arm.o)
 .debug_loclists
                0x00004436      0x3ac /opt/gcc-arm-none/bin/../lib/gcc/arm-none-eabi/12.2.0/thumb/v7-m/nofp/libgcc.a(pr-support.o)

.debug_aranges  0x00000000      0xf08
 .debug_aranges
                0x00000000       0x70 msxmap.o
 .debug_aranges
                0x00000070       0xc0 ps2handl.o
 .debug_aranges
                0x00000130       0x48 dbasemgt.o
 .debug_aranges
                0x00000178       0x38 get_intelhex.o
 .debug_aranges
                0x000001b0       0x28 sys_timer.o
 .debug_aranges
                0x000001d8       0x20 serial_no.o
 .debug_aranges
                0x000001f8       0xe0 serial.o
 .debug_aranges
                0x000002d8       0x40 hr_timer.o
 .debug_aranges
                0x00000318       0x60 SpecialFaultHandlers.o
 .debug_aranges
                0x00000378       0x28 ps2-msx-kb-conv.o
 .debug_aranges
                0x000003a0       0xe8 /home/evandro/Develop/libopencm3/lib//libopencm3_stm32f1.a(dma_common_l1f013.o)
 .debug_aranges
                0x00000488       0x48 /home/evandro/Develop/libopencm3/lib//libopencm3_stm32f1.a(exti_common_all.o)
 .debug_aranges
                0x000004d0       0x78 /home/evandro/Develop/libopencm3/lib//libopencm3_stm32f1.a(flash.o)
 .debug_aranges
                0x00000548       0x30 /home/evandro/Develop/libopencm3/lib//libopencm3_stm32f1.a(flash_common_f.o)
 .debug_aranges
                0x00000578       0x48 /home/evandro/Develop/libopencm3/lib//libopencm3_stm32f1.a(flash_common_f01.o)
 .debug_aranges
                0x000005c0       0x38 /home/evandro/Develop/libopencm3/lib//libopencm3_stm32f1.a(gpio.o)
 .debug_aranges
                0x000005f8       0x50 /home/evandro/Develop/libopencm3/lib//libopencm3_stm32f1.a(gpio_common_all.o)
 .debug_aranges
                0x00000648       0x40 /home/evandro/Develop/libopencm3/lib//libopencm3_stm32f1.a(iwdg_common_all.o)
 .debug_aranges
                0x00000688      0x170 /home/evandro/Develop/libopencm3/lib//libopencm3_stm32f1.a(rcc.o)
 .debug_aranges
                0x000007f8       0x60 /home/evandro/Develop/libopencm3/lib//libopencm3_stm32f1.a(rcc_common_all.o)
 .debug_aranges
                0x00000858      0x270 /home/evandro/Develop/libopencm3/lib//libopencm3_stm32f1.a(timer_common_all.o)
 .debug_aranges
                0x00000ac8       0xd8 /home/evandro/Develop/libopencm3/lib//libopencm3_stm32f1.a(usart_common_all.o)
 .debug_aranges
                0x00000ba0       0x30 /home/evandro/Develop/libopencm3/lib//libopencm3_stm32f1.a(vector.o)
 .debug_aranges
                0x00000bd0       0x78 /home/evandro/Develop/libopencm3/lib//libopencm3_stm32f1.a(systick.o)
 .debug_aranges
                0x00000c48       0x30 /home/evandro/Develop/libopencm3/lib//libopencm3_stm32f1.a(scb.o)
 .debug_aranges
                0x00000c78       0x60 /home/evandro/Develop/libopencm3/lib//libopencm3_stm32f1.a(nvic.o)
 .debug_aranges
                0x00000cd8       0x28 /home/evandro/Develop/libopencm3/lib//libopencm3_stm32f1.a(desig_common_v1.o)
 .debug_aranges
                0x00000d00       0x38 /home/evandro/Develop/libopencm3/lib//libopencm3_stm32f1.a(flash_common_all.o)
 .debug_aranges
                0x00000d38       0x20 /opt/gcc-arm-none/bin/../lib/gcc/arm-none-eabi/12.2.0/../../../../arm-none-eabi/lib/thumb/v7-m/nofp/libc.a(libc_a-memset.o)
 .debug_aranges
                0x00000d58       0x20 /opt/gcc-arm-none/bin/../lib/gcc/arm-none-eabi/12.2.0/../../../../arm-none-eabi/lib/thumb/v7-m/nofp/libc.a(libc_a-memcpy.o)
 .debug_aranges
                0x00000d78       0x20 /opt/gcc-arm-none/bin/../lib/gcc/arm-none-eabi/12.2.0/thumb/v7-m/nofp/libgcc.a(_paritysi2.o)
 .debug_aranges
                0x00000d98       0xf0 /opt/gcc-arm-none/bin/../lib/gcc/arm-none-eabi/12.2.0/thumb/v7-m/nofp/libgcc.a(unwind-arm.o)
 .debug_aranges
                0x00000e88       0x20 /opt/gcc-arm-none/bin/../lib/gcc/arm-none-eabi/12.2.0/thumb/v7-m/nofp/libgcc.a(libunwind.o)
 .debug_aranges
                0x00000ea8       0x60 /opt/gcc-arm-none/bin/../lib/gcc/arm-none-eabi/12.2.0/thumb/v7-m/nofp/libgcc.a(pr-support.o)

.debug_rnglists
                0x00000000      0xd9b
 .debug_rnglists
                0x00000000       0x61 msxmap.o
 .debug_rnglists
                0x00000061       0xdb ps2handl.o
 .debug_rnglists
                0x0000013c       0xd2 dbasemgt.o
 .debug_rnglists
                0x0000020e       0x28 get_intelhex.o
 .debug_rnglists
                0x00000236       0x1a sys_timer.o
 .debug_rnglists
                0x00000250       0x13 serial_no.o
 .debug_rnglists
                0x00000263      0x12b serial.o
 .debug_rnglists
                0x0000038e       0x39 hr_timer.o
 .debug_rnglists
                0x000003c7       0x44 SpecialFaultHandlers.o
 .debug_rnglists
                0x0000040b       0x26 ps2-msx-kb-conv.o
 .debug_rnglists
                0x00000431       0xa9 /home/evandro/Develop/libopencm3/lib//libopencm3_stm32f1.a(dma_common_l1f013.o)
 .debug_rnglists
                0x000004da       0x3f /home/evandro/Develop/libopencm3/lib//libopencm3_stm32f1.a(exti_common_all.o)
 .debug_rnglists
                0x00000519       0x55 /home/evandro/Develop/libopencm3/lib//libopencm3_stm32f1.a(flash.o)
 .debug_rnglists
                0x0000056e       0x1f /home/evandro/Develop/libopencm3/lib//libopencm3_stm32f1.a(flash_common_f.o)
 .debug_rnglists
                0x0000058d       0x31 /home/evandro/Develop/libopencm3/lib//libopencm3_stm32f1.a(flash_common_f01.o)
 .debug_rnglists
                0x000005be       0x25 /home/evandro/Develop/libopencm3/lib//libopencm3_stm32f1.a(gpio.o)
 .debug_rnglists
                0x000005e3       0x37 /home/evandro/Develop/libopencm3/lib//libopencm3_stm32f1.a(gpio_common_all.o)
 .debug_rnglists
                0x0000061a       0x43 /home/evandro/Develop/libopencm3/lib//libopencm3_stm32f1.a(iwdg_common_all.o)
 .debug_rnglists
                0x0000065d      0x160 /home/evandro/Develop/libopencm3/lib//libopencm3_stm32f1.a(rcc.o)
 .debug_rnglists
                0x000007bd       0x43 /home/evandro/Develop/libopencm3/lib//libopencm3_stm32f1.a(rcc_common_all.o)
 .debug_rnglists
                0x00000800      0x1d0 /home/evandro/Develop/libopencm3/lib//libopencm3_stm32f1.a(timer_common_all.o)
 .debug_rnglists
                0x000009d0       0x9d /home/evandro/Develop/libopencm3/lib//libopencm3_stm32f1.a(usart_common_all.o)
 .debug_rnglists
                0x00000a6d       0x20 /home/evandro/Develop/libopencm3/lib//libopencm3_stm32f1.a(vector.o)
 .debug_rnglists
                0x00000a8d       0x61 /home/evandro/Develop/libopencm3/lib//libopencm3_stm32f1.a(systick.o)
 .debug_rnglists
                0x00000aee       0x1f /home/evandro/Develop/libopencm3/lib//libopencm3_stm32f1.a(scb.o)
 .debug_rnglists
                0x00000b0d       0x43 /home/evandro/Develop/libopencm3/lib//libopencm3_stm32f1.a(nvic.o)
 .debug_rnglists
                0x00000b50       0x19 /home/evandro/Develop/libopencm3/lib//libopencm3_stm32f1.a(desig_common_v1.o)
 .debug_rnglists
                0x00000b69       0x25 /home/evandro/Develop/libopencm3/lib//libopencm3_stm32f1.a(flash_common_all.o)
 .debug_rnglists
                0x00000b8e       0x14 /opt/gcc-arm-none/bin/../lib/gcc/arm-none-eabi/12.2.0/../../../../arm-none-eabi/lib/thumb/v7-m/nofp/libc.a(libc_a-memset.o)
 .debug_rnglists
                0x00000ba2       0x13 /opt/gcc-arm-none/bin/../lib/gcc/arm-none-eabi/12.2.0/thumb/v7-m/nofp/libgcc.a(_paritysi2.o)
 .debug_rnglists
                0x00000bb5      0x188 /opt/gcc-arm-none/bin/../lib/gcc/arm-none-eabi/12.2.0/thumb/v7-m/nofp/libgcc.a(unwind-arm.o)
 .debug_rnglists
                0x00000d3d       0x5e /opt/gcc-arm-none/bin/../lib/gcc/arm-none-eabi/12.2.0/thumb/v7-m/nofp/libgcc.a(pr-support.o)

.debug_macro    0x00000000     0xda0f
 .debug_macro   0x00000000      0x46b msxmap.o
 .debug_macro   0x0000046b      0xc1c msxmap.o
 .debug_macro   0x00001087       0x1c msxmap.o
 .debug_macro   0x000010a3       0x1c msxmap.o
 .debug_macro   0x000010bf       0x22 msxmap.o
 .debug_macro   0x000010e1       0x8e msxmap.o
 .debug_macro   0x0000116f       0x51 msxmap.o
 .debug_macro   0x000011c0      0x103 msxmap.o
 .debug_macro   0x000012c3       0x6a msxmap.o
 .debug_macro   0x0000132d      0x1df msxmap.o
 .debug_macro   0x0000150c       0x16 msxmap.o
 .debug_macro   0x00001522       0xe8 msxmap.o
 .debug_macro   0x0000160a       0x76 msxmap.o
 .debug_macro   0x00001680       0x68 msxmap.o
 .debug_macro   0x000016e8      0x1a2 msxmap.o
 .debug_macro   0x0000188a       0x6f msxmap.o
 .debug_macro   0x000018f9      0x1ba msxmap.o
 .debug_macro   0x00001ab3      0x8c6 msxmap.o
 .debug_macro   0x00002379       0x76 msxmap.o
 .debug_macro   0x000023ef      0xe2e msxmap.o
 .debug_macro   0x0000321d       0xee msxmap.o
 .debug_macro   0x0000330b       0x28 msxmap.o
 .debug_macro   0x00003333       0x94 msxmap.o
 .debug_macro   0x000033c7      0x29e msxmap.o
 .debug_macro   0x00003665      0xf8f msxmap.o
 .debug_macro   0x000045f4      0x1a2 msxmap.o
 .debug_macro   0x00004796       0x10 msxmap.o
 .debug_macro   0x000047a6      0x8de msxmap.o
 .debug_macro   0x00005084      0x130 msxmap.o
 .debug_macro   0x000051b4      0x4cd msxmap.o
 .debug_macro   0x00005681      0x39b msxmap.o
 .debug_macro   0x00005a1c       0x10 msxmap.o
 .debug_macro   0x00005a2c       0x7b msxmap.o
 .debug_macro   0x00005aa7       0x24 msxmap.o
 .debug_macro   0x00005acb       0x3c msxmap.o
 .debug_macro   0x00005b07       0x34 msxmap.o
 .debug_macro   0x00005b3b      0x190 msxmap.o
 .debug_macro   0x00005ccb       0x16 msxmap.o
 .debug_macro   0x00005ce1       0x43 msxmap.o
 .debug_macro   0x00005d24       0x34 msxmap.o
 .debug_macro   0x00005d58       0x10 msxmap.o
 .debug_macro   0x00005d68       0x58 msxmap.o
 .debug_macro   0x00005dc0      0x1de msxmap.o
 .debug_macro   0x00005f9e      0x23c msxmap.o
 .debug_macro   0x000061da       0x16 msxmap.o
 .debug_macro   0x000061f0       0x35 msxmap.o
 .debug_macro   0x00006225      0x38c msxmap.o
 .debug_macro   0x000065b1       0x10 msxmap.o
 .debug_macro   0x000065c1       0x1c msxmap.o
 .debug_macro   0x000065dd       0x16 msxmap.o
 .debug_macro   0x000065f3      0x138 msxmap.o
 .debug_macro   0x0000672b       0x16 msxmap.o
 .debug_macro   0x00006741       0x16 msxmap.o
 .debug_macro   0x00006757       0x10 msxmap.o
 .debug_macro   0x00006767       0x1c msxmap.o
 .debug_macro   0x00006783       0x52 msxmap.o
 .debug_macro   0x000067d5       0x22 msxmap.o
 .debug_macro   0x000067f7       0x10 msxmap.o
 .debug_macro   0x00006807       0x52 msxmap.o
 .debug_macro   0x00006859       0xc1 msxmap.o
 .debug_macro   0x0000691a       0x1c msxmap.o
 .debug_macro   0x00006936       0x3d msxmap.o
 .debug_macro   0x00006973      0x51a msxmap.o
 .debug_macro   0x00006e8d      0x4f5 msxmap.o
 .debug_macro   0x00007382       0x65 msxmap.o
 .debug_macro   0x000073e7       0x10 msxmap.o
 .debug_macro   0x000073f7      0x38c ps2handl.o
 .debug_macro   0x00007783      0xab4 ps2handl.o
 .debug_macro   0x00008237       0x1c ps2handl.o
 .debug_macro   0x00008253       0x56 ps2handl.o
 .debug_macro   0x000082a9       0x22 ps2handl.o
 .debug_macro   0x000082cb       0x34 ps2handl.o
 .debug_macro   0x000082ff      0x182 ps2handl.o
 .debug_macro   0x00008481       0x43 ps2handl.o
 .debug_macro   0x000084c4       0x35 ps2handl.o
 .debug_macro   0x000084f9      0x385 ps2handl.o
 .debug_macro   0x0000887e       0x16 ps2handl.o
 .debug_macro   0x00008894      0x12a ps2handl.o
 .debug_macro   0x000089be       0xaa ps2handl.o
 .debug_macro   0x00008a68      0x4fe ps2handl.o
 .debug_macro   0x00008f66      0x3a6 dbasemgt.o
 .debug_macro   0x0000930c      0x1b4 dbasemgt.o
 .debug_macro   0x000094c0       0xee dbasemgt.o
 .debug_macro   0x000095ae       0x82 dbasemgt.o
 .debug_macro   0x00009630       0x9e dbasemgt.o
 .debug_macro   0x000096ce      0x104 dbasemgt.o
 .debug_macro   0x000097d2      0x242 dbasemgt.o
 .debug_macro   0x00009a14       0x6e dbasemgt.o
 .debug_macro   0x00009a82      0x378 get_intelhex.o
 .debug_macro   0x00009dfa      0x416 sys_timer.o
 .debug_macro   0x0000a210       0x70 sys_timer.o
 .debug_macro   0x0000a280      0x34a serial_no.o
 .debug_macro   0x0000a5ca      0x33b serial.o
 .debug_macro   0x0000a905       0x9e serial.o
 .debug_macro   0x0000a9a3      0x338 hr_timer.o
 .debug_macro   0x0000acdb      0x34e SpecialFaultHandlers.o
 .debug_macro   0x0000b029      0x464 ps2-msx-kb-conv.o
 .debug_macro   0x0000b48d       0xb3 /home/evandro/Develop/libopencm3/lib//libopencm3_stm32f1.a(dma_common_l1f013.o)
 .debug_macro   0x0000b540      0xa90 /home/evandro/Develop/libopencm3/lib//libopencm3_stm32f1.a(dma_common_l1f013.o)
 .debug_macro   0x0000bfd0       0x22 /home/evandro/Develop/libopencm3/lib//libopencm3_stm32f1.a(dma_common_l1f013.o)
 .debug_macro   0x0000bff2       0x56 /home/evandro/Develop/libopencm3/lib//libopencm3_stm32f1.a(dma_common_l1f013.o)
 .debug_macro   0x0000c048       0xe4 /home/evandro/Develop/libopencm3/lib//libopencm3_stm32f1.a(exti_common_all.o)
 .debug_macro   0x0000c12c       0xca /home/evandro/Develop/libopencm3/lib//libopencm3_stm32f1.a(flash.o)
 .debug_macro   0x0000c1f6       0xc0 /home/evandro/Develop/libopencm3/lib//libopencm3_stm32f1.a(flash_common_f.o)
 .debug_macro   0x0000c2b6       0xc0 /home/evandro/Develop/libopencm3/lib//libopencm3_stm32f1.a(flash_common_f01.o)
 .debug_macro   0x0000c376       0xb8 /home/evandro/Develop/libopencm3/lib//libopencm3_stm32f1.a(gpio.o)
 .debug_macro   0x0000c42e       0xb8 /home/evandro/Develop/libopencm3/lib//libopencm3_stm32f1.a(gpio_common_all.o)
 .debug_macro   0x0000c4e6       0xc5 /home/evandro/Develop/libopencm3/lib//libopencm3_stm32f1.a(iwdg_common_all.o)
 .debug_macro   0x0000c5ab       0xe7 /home/evandro/Develop/libopencm3/lib//libopencm3_stm32f1.a(rcc.o)
 .debug_macro   0x0000c692       0x16 /home/evandro/Develop/libopencm3/lib//libopencm3_stm32f1.a(rcc.o)
 .debug_macro   0x0000c6a8       0xce /home/evandro/Develop/libopencm3/lib//libopencm3_stm32f1.a(rcc_common_all.o)
 .debug_macro   0x0000c776       0xc5 /home/evandro/Develop/libopencm3/lib//libopencm3_stm32f1.a(timer_common_all.o)
 .debug_macro   0x0000c83b       0xda /home/evandro/Develop/libopencm3/lib//libopencm3_stm32f1.a(usart_common_all.o)
 .debug_macro   0x0000c915       0xcf /home/evandro/Develop/libopencm3/lib//libopencm3_stm32f1.a(vector.o)
 .debug_macro   0x0000c9e4      0x395 /home/evandro/Develop/libopencm3/lib//libopencm3_stm32f1.a(vector.o)
 .debug_macro   0x0000cd79       0x92 /home/evandro/Develop/libopencm3/lib//libopencm3_stm32f1.a(systick.o)
 .debug_macro   0x0000ce0b       0x69 /home/evandro/Develop/libopencm3/lib//libopencm3_stm32f1.a(systick.o)
 .debug_macro   0x0000ce74      0x145 /home/evandro/Develop/libopencm3/lib//libopencm3_stm32f1.a(scb.o)
 .debug_macro   0x0000cfb9       0x18 /home/evandro/Develop/libopencm3/lib//libopencm3_stm32f1.a(scb.o)
 .debug_macro   0x0000cfd1       0x58 /home/evandro/Develop/libopencm3/lib//libopencm3_stm32f1.a(scb.o)
 .debug_macro   0x0000d029       0x5c /home/evandro/Develop/libopencm3/lib//libopencm3_stm32f1.a(scb.o)
 .debug_macro   0x0000d085       0x35 /home/evandro/Develop/libopencm3/lib//libopencm3_stm32f1.a(scb.o)
 .debug_macro   0x0000d0ba      0x10e /home/evandro/Develop/libopencm3/lib//libopencm3_stm32f1.a(scb.o)
 .debug_macro   0x0000d1c8       0x86 /home/evandro/Develop/libopencm3/lib//libopencm3_stm32f1.a(scb.o)
 .debug_macro   0x0000d24e       0x43 /home/evandro/Develop/libopencm3/lib//libopencm3_stm32f1.a(scb.o)
 .debug_macro   0x0000d291       0x34 /home/evandro/Develop/libopencm3/lib//libopencm3_stm32f1.a(scb.o)
 .debug_macro   0x0000d2c5       0x52 /home/evandro/Develop/libopencm3/lib//libopencm3_stm32f1.a(scb.o)
 .debug_macro   0x0000d317      0x182 /home/evandro/Develop/libopencm3/lib//libopencm3_stm32f1.a(scb.o)
 .debug_macro   0x0000d499      0x35d /home/evandro/Develop/libopencm3/lib//libopencm3_stm32f1.a(scb.o)
 .debug_macro   0x0000d7f6       0xb3 /home/evandro/Develop/libopencm3/lib//libopencm3_stm32f1.a(nvic.o)
 .debug_macro   0x0000d8a9       0xa6 /home/evandro/Develop/libopencm3/lib//libopencm3_stm32f1.a(desig_common_v1.o)
 .debug_macro   0x0000d94f       0xc0 /home/evandro/Develop/libopencm3/lib//libopencm3_stm32f1.a(flash_common_all.o)

.debug_line     0x00000000     0xf328
 .debug_line    0x00000000     0x1535 msxmap.o
 .debug_line    0x00001535     0x1466 ps2handl.o
 .debug_line    0x0000299b      0xe45 dbasemgt.o
 .debug_line    0x000037e0      0xa34 get_intelhex.o
 .debug_line    0x00004214      0x80b sys_timer.o
 .debug_line    0x00004a1f      0x68a serial_no.o
 .debug_line    0x000050a9     0x10e6 serial.o
 .debug_line    0x0000618f      0x84d hr_timer.o
 .debug_line    0x000069dc      0x7af SpecialFaultHandlers.o
 .debug_line    0x0000718b      0xb6f ps2-msx-kb-conv.o
 .debug_line    0x00007cfa      0x5ed /home/evandro/Develop/libopencm3/lib//libopencm3_stm32f1.a(dma_common_l1f013.o)
 .debug_line    0x000082e7      0x3f6 /home/evandro/Develop/libopencm3/lib//libopencm3_stm32f1.a(exti_common_all.o)
 .debug_line    0x000086dd      0x550 /home/evandro/Develop/libopencm3/lib//libopencm3_stm32f1.a(flash.o)
 .debug_line    0x00008c2d      0x2e4 /home/evandro/Develop/libopencm3/lib//libopencm3_stm32f1.a(flash_common_f.o)
 .debug_line    0x00008f11      0x3a6 /home/evandro/Develop/libopencm3/lib//libopencm3_stm32f1.a(flash_common_f01.o)
 .debug_line    0x000092b7      0x353 /home/evandro/Develop/libopencm3/lib//libopencm3_stm32f1.a(gpio.o)
 .debug_line    0x0000960a      0x369 /home/evandro/Develop/libopencm3/lib//libopencm3_stm32f1.a(gpio_common_all.o)
 .debug_line    0x00009973      0x38b /home/evandro/Develop/libopencm3/lib//libopencm3_stm32f1.a(iwdg_common_all.o)
 .debug_line    0x00009cfe      0xcff /home/evandro/Develop/libopencm3/lib//libopencm3_stm32f1.a(rcc.o)
 .debug_line    0x0000a9fd      0x3c8 /home/evandro/Develop/libopencm3/lib//libopencm3_stm32f1.a(rcc_common_all.o)
 .debug_line    0x0000adc5     0x1051 /home/evandro/Develop/libopencm3/lib//libopencm3_stm32f1.a(timer_common_all.o)
 .debug_line    0x0000be16      0x5dc /home/evandro/Develop/libopencm3/lib//libopencm3_stm32f1.a(usart_common_all.o)
 .debug_line    0x0000c3f2      0x3bc /home/evandro/Develop/libopencm3/lib//libopencm3_stm32f1.a(vector.o)
 .debug_line    0x0000c7ae      0x35f /home/evandro/Develop/libopencm3/lib//libopencm3_stm32f1.a(systick.o)
 .debug_line    0x0000cb0d      0x2a0 /home/evandro/Develop/libopencm3/lib//libopencm3_stm32f1.a(scb.o)
 .debug_line    0x0000cdad      0x391 /home/evandro/Develop/libopencm3/lib//libopencm3_stm32f1.a(nvic.o)
 .debug_line    0x0000d13e      0x264 /home/evandro/Develop/libopencm3/lib//libopencm3_stm32f1.a(desig_common_v1.o)
 .debug_line    0x0000d3a2      0x31a /home/evandro/Develop/libopencm3/lib//libopencm3_stm32f1.a(flash_common_all.o)
 .debug_line    0x0000d6bc      0x244 /opt/gcc-arm-none/bin/../lib/gcc/arm-none-eabi/12.2.0/../../../../arm-none-eabi/lib/thumb/v7-m/nofp/libc.a(libc_a-memset.o)
 .debug_line    0x0000d900       0xbd /opt/gcc-arm-none/bin/../lib/gcc/arm-none-eabi/12.2.0/../../../../arm-none-eabi/lib/thumb/v7-m/nofp/libc.a(libc_a-memcpy.o)
 .debug_line    0x0000d9bd       0xda /opt/gcc-arm-none/bin/../lib/gcc/arm-none-eabi/12.2.0/thumb/v7-m/nofp/libgcc.a(_paritysi2.o)
 .debug_line    0x0000da97     0x1245 /opt/gcc-arm-none/bin/../lib/gcc/arm-none-eabi/12.2.0/thumb/v7-m/nofp/libgcc.a(unwind-arm.o)
 .debug_line    0x0000ecdc       0x97 /opt/gcc-arm-none/bin/../lib/gcc/arm-none-eabi/12.2.0/thumb/v7-m/nofp/libgcc.a(libunwind.o)
 .debug_line    0x0000ed73      0x5b5 /opt/gcc-arm-none/bin/../lib/gcc/arm-none-eabi/12.2.0/thumb/v7-m/nofp/libgcc.a(pr-support.o)

.debug_str      0x00000000    0x24b4f
 .debug_str     0x00000000    0x1e212 msxmap.o
                              0x1e474 (size before relaxing)
 .debug_str     0x0001e212      0x9d8 ps2handl.o
                              0x1d411 (size before relaxing)
 .debug_str     0x0001ebea      0xaac dbasemgt.o
                              0x1d866 (size before relaxing)
 .debug_str     0x0001f696      0x23e get_intelhex.o
                              0x1d7a7 (size before relaxing)
 .debug_str     0x0001f8d4      0x2a3 sys_timer.o