Archive member included to satisfy reference by file (symbol)

/home/evandro/Develop/libopencm3/lib//libopencm3_stm32f1.a(dma_common_l1f013.o)
                              serial.o (dma_channel_reset)
/home/evandro/Develop/libopencm3/lib//libopencm3_stm32f1.a(exti_common_all.o)
                              msxmap.o (exti_set_trigger)
/home/evandro/Develop/libopencm3/lib//libopencm3_stm32f1.a(flash.o)
                              dbasemgt.o (flash_get_status_flags)
/home/evandro/Develop/libopencm3/lib//libopencm3_stm32f1.a(flash_common_f.o)
                              dbasemgt.o (flash_unlock)
/home/evandro/Develop/libopencm3/lib//libopencm3_stm32f1.a(flash_common_f01.o)
                              /home/evandro/Develop/libopencm3/lib//libopencm3_stm32f1.a(flash.o) (flash_clear_pgerr_flag)
/home/evandro/Develop/libopencm3/lib//libopencm3_stm32f1.a(gpio.o)
                              msxmap.o (gpio_set_mode)
/home/evandro/Develop/libopencm3/lib//libopencm3_stm32f1.a(gpio_common_all.o)
                              msxmap.o (gpio_set)
/home/evandro/Develop/libopencm3/lib//libopencm3_stm32f1.a(iwdg_common_all.o)
                              ps2-msx-kb-conv.o (iwdg_start)
/home/evandro/Develop/libopencm3/lib//libopencm3_stm32f1.a(rcc.o)
                              sys_timer.o (rcc_apb2_frequency)
/home/evandro/Develop/libopencm3/lib//libopencm3_stm32f1.a(rcc_common_all.o)
                              serial.o (rcc_periph_clock_enable)
/home/evandro/Develop/libopencm3/lib//libopencm3_stm32f1.a(timer_common_all.o)
                              hr_timer.o (timer_enable_irq)
/home/evandro/Develop/libopencm3/lib//libopencm3_stm32f1.a(usart_common_all.o)
                              serial.o (usart_set_baudrate)
/home/evandro/Develop/libopencm3/lib//libopencm3_stm32f1.a(usart_common_f124.o)
                              /home/evandro/Develop/libopencm3/lib//libopencm3_stm32f1.a(usart_common_all.o) (usart_send)
/home/evandro/Develop/libopencm3/lib//libopencm3_stm32f1.a(vector.o)
                              (reset_handler)
/home/evandro/Develop/libopencm3/lib//libopencm3_stm32f1.a(systick.o)
                              sys_timer.o (systick_set_reload)
/home/evandro/Develop/libopencm3/lib//libopencm3_stm32f1.a(scb.o)
                              ps2handl.o (scb_reset_system)
/home/evandro/Develop/libopencm3/lib//libopencm3_stm32f1.a(nvic.o)
                              msxmap.o (nvic_enable_irq)
/home/evandro/Develop/libopencm3/lib//libopencm3_stm32f1.a(assert.o)
                              /home/evandro/Develop/libopencm3/lib//libopencm3_stm32f1.a(rcc.o) (cm3_assert_failed)
/home/evandro/Develop/libopencm3/lib//libopencm3_stm32f1.a(desig_common_v1.o)
                              /home/evandro/Develop/libopencm3/lib//libopencm3_stm32f1.a(flash.o) (desig_get_flash_size)
/home/evandro/Develop/libopencm3/lib//libopencm3_stm32f1.a(flash_common_all.o)
                              /home/evandro/Develop/libopencm3/lib//libopencm3_stm32f1.a(rcc.o) (flash_set_ws)
/opt/gcc-arm-none/bin/../lib/gcc/arm-none-eabi/13.2.1/../../../../arm-none-eabi/lib/thumb/v7-m/nofp/libc.a(libc_a-memset.o)
                              get_intelhex.o (memset)
/opt/gcc-arm-none/bin/../lib/gcc/arm-none-eabi/13.2.1/../../../../arm-none-eabi/lib/thumb/v7-m/nofp/libc.a(libc_a-errno.o)
                              serial.o (__errno)
/opt/gcc-arm-none/bin/../lib/gcc/arm-none-eabi/13.2.1/../../../../arm-none-eabi/lib/thumb/v7-m/nofp/libc.a(libc_a-memcpy.o)
                              get_intelhex.o (memcpy)
/opt/gcc-arm-none/bin/../lib/gcc/arm-none-eabi/13.2.1/../../../../arm-none-eabi/lib/thumb/v7-m/nofp/libc.a(libc_a-impure.o)
                              /opt/gcc-arm-none/bin/../lib/gcc/arm-none-eabi/13.2.1/../../../../arm-none-eabi/lib/thumb/v7-m/nofp/libc.a(libc_a-errno.o) (_impure_ptr)
/opt/gcc-arm-none/bin/../lib/gcc/arm-none-eabi/13.2.1/../../../../arm-none-eabi/lib/thumb/v7-m/nofp/libc.a(libc_a-findfp.o)
                              /opt/gcc-arm-none/bin/../lib/gcc/arm-none-eabi/13.2.1/../../../../arm-none-eabi/lib/thumb/v7-m/nofp/libc.a(libc_a-impure.o) (__sf)
/opt/gcc-arm-none/bin/../lib/gcc/arm-none-eabi/13.2.1/../../../../arm-none-eabi/lib/thumb/v7-m/nofp/libc.a(libc_a-fwalk.o)
                              /opt/gcc-arm-none/bin/../lib/gcc/arm-none-eabi/13.2.1/../../../../arm-none-eabi/lib/thumb/v7-m/nofp/libc.a(libc_a-findfp.o) (_fwalk_sglue)
/opt/gcc-arm-none/bin/../lib/gcc/arm-none-eabi/13.2.1/../../../../arm-none-eabi/lib/thumb/v7-m/nofp/libc.a(libc_a-stdio.o)
                              /opt/gcc-arm-none/bin/../lib/gcc/arm-none-eabi/13.2.1/../../../../arm-none-eabi/lib/thumb/v7-m/nofp/libc.a(libc_a-findfp.o) (__sread)
/opt/gcc-arm-none/bin/../lib/gcc/arm-none-eabi/13.2.1/../../../../arm-none-eabi/lib/thumb/v7-m/nofp/libc.a(libc_a-closer.o)
                              /opt/gcc-arm-none/bin/../lib/gcc/arm-none-eabi/13.2.1/../../../../arm-none-eabi/lib/thumb/v7-m/nofp/libc.a(libc_a-stdio.o) (_close_r)
[...]
Memory Configuration

Name             Origin             Length             Attributes
ram              0x20000000         0x00002800         xrw
rom              0x08000000         0x00007600         xr
fixed_data       0x08007600         0x00000a00         xr
*default*        0x00000000         0xffffffff

Linker script and memory map

LOAD msxmap.o
LOAD ps2handl.o
LOAD dbasemgt.o
LOAD get_intelhex.o
LOAD sys_timer.o
LOAD serial_no.o
LOAD cdcacm.o
LOAD serial.o
LOAD hr_timer.o
LOAD SpecialFaultHandlers.o
LOAD newlib_warning_fix.o
LOAD ps2-msx-kb-conv.o
LOAD /home/evandro/Develop/libopencm3/lib//libopencm3_stm32f1.a
START GROUP
LOAD /opt/gcc-arm-none/bin/../lib/gcc/arm-none-eabi/13.2.1/../../../../arm-none-eabi/lib/thumb/v7-m/nofp/libc.a
LOAD /opt/gcc-arm-none/bin/../lib/gcc/arm-none-eabi/13.2.1/thumb/v7-m/nofp/libgcc.a
LOAD /opt/gcc-arm-none/bin/../lib/gcc/arm-none-eabi/13.2.1/../../../../arm-none-eabi/lib/thumb/v7-m/nofp/libnosys.a
END GROUP
START GROUP
LOAD /opt/gcc-arm-none/bin/../lib/gcc/arm-none-eabi/13.2.1/thumb/v7-m/nofp/libgcc.a
LOAD /opt/gcc-arm-none/bin/../lib/gcc/arm-none-eabi/13.2.1/../../../../arm-none-eabi/lib/thumb/v7-m/nofp/libg.a
LOAD /opt/gcc-arm-none/bin/../lib/gcc/arm-none-eabi/13.2.1/../../../../arm-none-eabi/lib/thumb/v7-m/nofp/libc.a
END GROUP

.MSXDATABASE    0x08007600      0xa00
 *(MSXDATABASE)
 MSXDATABASE    0x08007600      0xa00 dbasemgt.o
                0x08007600                DEFAULT_MSX_KEYB_DATABASE_CONVERSION

.text           0x08000000     0x5f60
 *(.vectors)
 .vectors       0x08000000      0x150 /home/evandro/Develop/libopencm3/lib//libopencm3_stm32f1.a(vector.o)
                0x08000000                vector_table
 *(.text*)
 .text._ZN6msxmap30put_msx_disp_keys_queue_bufferEh.constprop.0.isra.0
                0x08000150       0x24 msxmap.o
 .text._ZN6msxmap19msx_interface_setupEv
                0x08000174      0x1cc msxmap.o
                0x08000174                msxmap::msx_interface_setup()
 .text._ZN6msxmap36available_msx_disp_keys_queue_bufferEv
                0x08000340       0x14 msxmap.o
                0x08000340                msxmap::available_msx_disp_keys_queue_buffer()
 .text._ZN6msxmap30get_msx_disp_keys_queue_bufferEv
                0x08000354       0x20 msxmap.o
                0x08000354                msxmap::get_msx_disp_keys_queue_buffer()
 .text._ZN6msxmap40compute_x_bits_and_check_interrupt_stuckEhhb
                0x08000374      0x24c msxmap.o
                0x08000374                msxmap::compute_x_bits_and_check_interrupt_stuck(unsigned char, unsigned char, bool)
 .text._ZN6msxmap12msxqueuekeysEv
                0x080005c0       0x28 msxmap.o
                0x080005c0                msxmap::msxqueuekeys()
 .text._ZN6msxmap12msx_dispatchEv
                0x080005e8      0x3a4 msxmap.o
                0x080005e8                msxmap::msx_dispatch()
 .text._ZN6msxmap11convert2msxEv
                0x0800098c      0x2d4 msxmap.o
                0x0800098c                msxmap::convert2msx()
 .text.exti15_10_isr
                0x08000c60       0x80 msxmap.o
                0x08000c60                exti15_10_isr
 .text.exti9_5_isr
                0x08000ce0       0x80 msxmap.o
                0x08000ce0                exti9_5_isr
 .text.send_start_bit2
                0x08000d60       0x24 ps2handl.o
                0x08000d60                send_start_bit2
 .text.send_start_bit_now
                0x08000d84       0x44 ps2handl.o
                0x08000d84                send_start_bit_now
 .text.send_start_bit3
                0x08000dc8       0x38 ps2handl.o
                0x08000dc8                send_start_bit3
 .text.power_off_ps2_keyboard
                0x08000e00       0x34 ps2handl.o
                0x08000e00                power_off_ps2_keyboard
 .text.init_ps2_recv_buffer
                0x08000e34       0x2c ps2handl.o
                0x08000e34                init_ps2_recv_buffer
 .text.power_on_ps2_keyboard
                0x08000e60       0x84 ps2handl.o
                0x08000e60                power_on_ps2_keyboard
 .text.available_ps2_byte
                0x08000ee4       0x18 ps2handl.o
                0x08000ee4                available_ps2_byte
 .text.get_ps2_byte
                0x08000efc       0x2c ps2handl.o
                0x08000efc                get_ps2_byte
 .text.reset_requested
                0x08000f28       0x24 ps2handl.o
                0x08000f28                reset_requested
 .text.ps2_send_command
                0x08000f4c       0x58 ps2handl.o
                0x08000f4c                ps2_send_command
 .text.keyboard_check_alive
                0x08000fa4       0x70 ps2handl.o
                0x08000fa4                keyboard_check_alive
 .text.ps2_keyb_detect
                0x08001014      0x218 ps2handl.o
                0x08001014                ps2_keyb_detect
 .text.ps2_update_leds
                0x0800122c       0x68 ps2handl.o
                0x0800122c                ps2_update_leds
 .text.send_start_bit_next
                0x08001294       0x10 ps2handl.o
                0x08001294                send_start_bit_next
 .text.ps2_clock_send
                0x080012a4      0x154 ps2handl.o
                0x080012a4                ps2_clock_send
 .text.ps2_clock_receive
                0x080013f8      0x2d8 ps2handl.o
                0x080013f8                ps2_clock_receive
 .text.ps2_clock_update
                0x080016d0      0x144 ps2handl.o
                0x080016d0                ps2_clock_update
 .text.reset_mount_scancode_machine
                0x08001814       0x24 ps2handl.o
                0x08001814                reset_mount_scancode_machine
 .text.mount_scancode
                0x08001838      0x15c ps2handl.o
                0x08001838                mount_scancode
 .text.general_debug_setup
                0x08001994       0x84 ps2handl.o
                0x08001994                general_debug_setup
 .text.put_pullups_on_non_used_pins
                0x08001a18       0x20 ps2handl.o
                0x08001a18                put_pullups_on_non_used_pins
 .text.check_page_erased
                0x08001a38       0x68 dbasemgt.o
                0x08001a38                check_page_erased
 .text.check_flash_locked
                0x08001aa0       0x20 dbasemgt.o
                0x08001aa0                check_flash_locked
 .text.check_flash_error
                0x08001ac0       0x54 dbasemgt.o
                0x08001ac0                check_flash_error
 .text.database_setup
                0x08001b14      0x25c dbasemgt.o
                0x08001b14                database_setup
 .text.flash_program_data
                0x08001d70      0x3cc dbasemgt.o
                0x08001d70                flash_program_data
 .text.flash_rw
                0x0800213c       0x5c dbasemgt.o
                0x0800213c                flash_rw
 .text.usart_get_string_line
                0x08002198      0x128 get_intelhex.o
                0x08002198                usart_get_string_line
 .text.validate_intel_hex_record
                0x080022c0       0xc0 get_intelhex.o
                0x080022c0                validate_intel_hex_record
 .text.usart_get_intel_hex
                0x08002380      0x134 get_intelhex.o
                0x08002380                usart_get_intel_hex
 .text.get_intelhex_to_RAM
                0x080024b4       0x54 get_intelhex.o
                0x080024b4                get_intelhex_to_RAM
 .text._Z13systick_setupv
                0x08002508       0x60 sys_timer.o
                0x08002508                systick_setup()
 .text.sys_tick_handler
                0x08002568       0xa0 sys_timer.o
                0x08002568                sys_tick_handler
 .text.serialno_read
                0x08002608       0x48 serial_no.o
                0x08002608                serialno_read
 .text.usart_rx_read_dma
                0x08002650       0xac serial.o
 .text.ring_init
                0x080026fc        0xe serial.o
                0x080026fc                ring_init
 .text.pascal_string_init
                0x0800270a        0xc serial.o
                0x0800270a                pascal_string_init
 *fill*         0x08002716        0x2 
 .text.serial_setup
                0x08002718      0x218 serial.o
                0x08002718                serial_setup
 .text.do_dma_usart_tx_ring
                0x08002930       0x50 serial.o
                0x08002930                do_dma_usart_tx_ring
 .text.ring_put_ch
                0x08002980       0x2c serial.o
                0x08002980                ring_put_ch
 .text.con_send_string
                0x080029ac       0x98 serial.o
                0x080029ac                con_send_string
 .text.ring_avail_get_ch
                0x08002a44       0x12 serial.o
                0x08002a44                ring_avail_get_ch
 .text.ring_get_ch
                0x08002a56       0x2a serial.o
                0x08002a56                ring_get_ch
 .text.con_available_get_char
                0x08002a80        0xc serial.o
                0x08002a80                con_available_get_char
 .text.con_get_char
                0x08002a8c       0x60 serial.o
                0x08002a8c                con_get_char
 .text.string_append
                0x08002aec       0x2a serial.o
                0x08002aec                string_append
 .text.conv_2a_hex_to_uint8
                0x08002b16       0x2e serial.o
                0x08002b16                conv_2a_hex_to_uint8
 .text.conv_uint32_to_8a_hex
                0x08002b44       0x28 serial.o
                0x08002b44                conv_uint32_to_8a_hex
 .text.conv_uint16_to_4a_hex
                0x08002b6c       0x26 serial.o
                0x08002b6c                conv_uint16_to_4a_hex
 *fill*         0x08002b92        0x2 
 .text.conv_uint32_to_dec
                0x08002b94       0x70 serial.o
                0x08002b94                conv_uint32_to_dec
 .text.conv_uint8_to_2a_hex
                0x08002c04       0x26 serial.o
                0x08002c04                conv_uint8_to_2a_hex
 .text.usart2_isr
                0x08002c2a       0x38 serial.o
                0x08002c2a                usart2_isr
 .text.dma1_channel6_isr
                0x08002c62        0x4 serial.o
                0x08002c62                dma1_channel6_isr
 *fill*         0x08002c66        0x2 
 .text.dma1_channel7_isr
                0x08002c68       0x84 serial.o
                0x08002c68                dma1_channel7_isr
 .text.time_capture
                0x08002cec       0x18 hr_timer.o
                0x08002cec                time_capture
 .text.delay_usec
                0x08002d04       0x50 hr_timer.o
                0x08002d04                delay_usec
 .text.prepares_capture
                0x08002d54       0x94 hr_timer.o
                0x08002d54                prepares_capture
 .text.tim_hr_setup
                0x08002de8       0x64 hr_timer.o
                0x08002de8                tim_hr_setup
 .text.tim2_isr
                0x08002e4c       0xc0 hr_timer.o
                0x08002e4c                tim2_isr
 .text.hard_fault_handler
                0x08002f0c       0x14 SpecialFaultHandlers.o
                0x08002f0c                hard_fault_handler
 .text.mem_manage_handler
                0x08002f20       0x14 SpecialFaultHandlers.o
                0x08002f20                mem_manage_handler
 .text.bus_fault_handler
                0x08002f34       0x14 SpecialFaultHandlers.o
                0x08002f34                bus_fault_handler
 .text.usage_fault_handler
                0x08002f48       0x14 SpecialFaultHandlers.o
                0x08002f48                usage_fault_handler
 .text.common_code_fault_handler
                0x08002f5c      0x178 SpecialFaultHandlers.o
                0x08002f5c                common_code_fault_handler
 .text.c_hard_fault_handler
                0x080030d4       0x14 SpecialFaultHandlers.o
                0x080030d4                c_hard_fault_handler
 .text.c_mem_manage_handler
                0x080030e8       0x14 SpecialFaultHandlers.o
                0x080030e8                c_mem_manage_handler
 .text.c_bus_fault_handler
                0x080030fc       0x14 SpecialFaultHandlers.o
                0x080030fc                c_bus_fault_handler
 .text.c_usage_fault_handler
                0x08003110       0x14 SpecialFaultHandlers.o
                0x08003110                c_usage_fault_handler
 .text._getpid  0x08003124        0x2 newlib_warning_fix.o
                0x08003124                _getpid
 .text._kill    0x08003126        0x2 newlib_warning_fix.o
                0x08003126                _kill
 .text._Z11end_of_codePm
                0x08003128       0x14 ps2-msx-kb-conv.o
                0x08003128                end_of_code(unsigned long*)
 .text.startup.main
                0x0800313c      0x3d4 ps2-msx-kb-conv.o
                0x0800313c                main
 .text.dma_channel_reset
                0x08003510       0x20 /home/evandro/Develop/libopencm3/lib//libopencm3_stm32f1.a(dma_common_l1f013.o)
                0x08003510                dma_channel_reset
 .text.dma_clear_interrupt_flags
                0x08003530        0xa /home/evandro/Develop/libopencm3/lib//libopencm3_stm32f1.a(dma_common_l1f013.o)
                0x08003530                dma_clear_interrupt_flags
 .text.dma_set_priority
                0x0800353a       0x18 /home/evandro/Develop/libopencm3/lib//libopencm3_stm32f1.a(dma_common_l1f013.o)
                0x0800353a                dma_set_priority
 .text.dma_set_memory_size
                0x08003552       0x18 /home/evandro/Develop/libopencm3/lib//libopencm3_stm32f1.a(dma_common_l1f013.o)
                0x08003552                dma_set_memory_size
 .text.dma_set_peripheral_size
                0x0800356a       0x18 /home/evandro/Develop/libopencm3/lib//libopencm3_stm32f1.a(dma_common_l1f013.o)
                0x0800356a                dma_set_peripheral_size
 .text.dma_enable_memory_increment_mode
                0x08003582       0x12 /home/evandro/Develop/libopencm3/lib//libopencm3_stm32f1.a(dma_common_l1f013.o)
                0x08003582                dma_enable_memory_increment_mode
 .text.dma_disable_peripheral_increment_mode
                0x08003594       0x12 /home/evandro/Develop/libopencm3/lib//libopencm3_stm32f1.a(dma_common_l1f013.o)
                0x08003594                dma_disable_peripheral_increment_mode
 .text.dma_enable_circular_mode
                0x080035a6       0x1a /home/evandro/Develop/libopencm3/lib//libopencm3_stm32f1.a(dma_common_l1f013.o)
                0x080035a6                dma_enable_circular_mode
 .text.dma_set_read_from_peripheral
                0x080035c0       0x12 /home/evandro/Develop/libopencm3/lib//libopencm3_stm32f1.a(dma_common_l1f013.o)
                0x080035c0                dma_set_read_from_peripheral
 .text.dma_set_read_from_memory
                0x080035d2       0x12 /home/evandro/Develop/libopencm3/lib//libopencm3_stm32f1.a(dma_common_l1f013.o)
                0x080035d2                dma_set_read_from_memory
 .text.dma_enable_half_transfer_interrupt
                0x080035e4       0x12 /home/evandro/Develop/libopencm3/lib//libopencm3_stm32f1.a(dma_common_l1f013.o)
                0x080035e4                dma_enable_half_transfer_interrupt
 .text.dma_enable_transfer_complete_interrupt
                0x080035f6       0x12 /home/evandro/Develop/libopencm3/lib//libopencm3_stm32f1.a(dma_common_l1f013.o)
                0x080035f6                dma_enable_transfer_complete_interrupt
 .text.dma_enable_channel
                0x08003608       0x12 /home/evandro/Develop/libopencm3/lib//libopencm3_stm32f1.a(dma_common_l1f013.o)
                0x08003608                dma_enable_channel
 .text.dma_disable_channel
                0x0800361a       0x12 /home/evandro/Develop/libopencm3/lib//libopencm3_stm32f1.a(dma_common_l1f013.o)
                0x0800361a                dma_disable_channel
 .text.dma_set_peripheral_address
                0x0800362c       0x12 /home/evandro/Develop/libopencm3/lib//libopencm3_stm32f1.a(dma_common_l1f013.o)
                0x0800362c                dma_set_peripheral_address
 .text.dma_set_memory_address
                0x0800363e       0x12 /home/evandro/Develop/libopencm3/lib//libopencm3_stm32f1.a(dma_common_l1f013.o)
                0x0800363e                dma_set_memory_address
 .text.dma_get_number_of_data
                0x08003650        0xe /home/evandro/Develop/libopencm3/lib//libopencm3_stm32f1.a(dma_common_l1f013.o)
                0x08003650                dma_get_number_of_data
 .text.dma_set_number_of_data
                0x0800365e        0xc /home/evandro/Develop/libopencm3/lib//libopencm3_stm32f1.a(dma_common_l1f013.o)
                0x0800365e                dma_set_number_of_data
 *fill*         0x0800366a        0x2 
 .text.exti_set_trigger
                0x0800366c       0x48 /home/evandro/Develop/libopencm3/lib//libopencm3_stm32f1.a(exti_common_all.o)
                0x0800366c                exti_set_trigger
 .text.exti_enable_request
                0x080036b4       0x1c /home/evandro/Develop/libopencm3/lib//libopencm3_stm32f1.a(exti_common_all.o)
                0x080036b4                exti_enable_request
 .text.exti_disable_request
                0x080036d0       0x20 /home/evandro/Develop/libopencm3/lib//libopencm3_stm32f1.a(exti_common_all.o)
                0x080036d0                exti_disable_request
 .text.exti_reset_request
                0x080036f0        0xc /home/evandro/Develop/libopencm3/lib//libopencm3_stm32f1.a(exti_common_all.o)
                0x080036f0                exti_reset_request
 .text.exti_select_source
                0x080036fc       0xa0 /home/evandro/Develop/libopencm3/lib//libopencm3_stm32f1.a(exti_common_all.o)
                0x080036fc                exti_select_source
 .text.flash_get_status_flags
                0x0800379c       0x20 /home/evandro/Develop/libopencm3/lib//libopencm3_stm32f1.a(flash.o)
                0x0800379c                flash_get_status_flags
 .text.flash_program_half_word
                0x080037bc       0x74 /home/evandro/Develop/libopencm3/lib//libopencm3_stm32f1.a(flash.o)
                0x080037bc                flash_program_half_word
 .text.flash_erase_page
                0x08003830       0x80 /home/evandro/Develop/libopencm3/lib//libopencm3_stm32f1.a(flash.o)
                0x08003830                flash_erase_page
 .text.flash_unlock
                0x080038b0       0x18 /home/evandro/Develop/libopencm3/lib//libopencm3_stm32f1.a(flash_common_f.o)
                0x080038b0                flash_unlock
 .text.flash_lock
                0x080038c8       0x10 /home/evandro/Develop/libopencm3/lib//libopencm3_stm32f1.a(flash_common_f.o)
                0x080038c8                flash_lock
 .text.flash_wait_for_last_operation
                0x080038d8        0xc /home/evandro/Develop/libopencm3/lib//libopencm3_stm32f1.a(flash_common_f01.o)
                0x080038d8                flash_wait_for_last_operation
 .text.flash_program_word
                0x080038e4       0x18 /home/evandro/Develop/libopencm3/lib//libopencm3_stm32f1.a(flash_common_f01.o)
                0x080038e4                flash_program_word
 .text.gpio_set_mode
                0x080038fc       0x6a /home/evandro/Develop/libopencm3/lib//libopencm3_stm32f1.a(gpio.o)
                0x080038fc                gpio_set_mode
 *fill*         0x08003966        0x2 
 .text.gpio_primary_remap
                0x08003968       0x14 /home/evandro/Develop/libopencm3/lib//libopencm3_stm32f1.a(gpio.o)
                0x08003968                gpio_primary_remap
 .text.gpio_set
                0x0800397c        0x4 /home/evandro/Develop/libopencm3/lib//libopencm3_stm32f1.a(gpio_common_all.o)
                0x0800397c                gpio_set
 .text.gpio_clear
                0x08003980        0x6 /home/evandro/Develop/libopencm3/lib//libopencm3_stm32f1.a(gpio_common_all.o)
                0x08003980                gpio_clear
 .text.gpio_get
                0x08003986        0x6 /home/evandro/Develop/libopencm3/lib//libopencm3_stm32f1.a(gpio_common_all.o)
                0x08003986                gpio_get
 .text.gpio_toggle
                0x0800398c       0x12 /home/evandro/Develop/libopencm3/lib//libopencm3_stm32f1.a(gpio_common_all.o)
                0x0800398c                gpio_toggle
 .text.gpio_port_read
                0x0800399e        0x6 /home/evandro/Develop/libopencm3/lib//libopencm3_stm32f1.a(gpio_common_all.o)
                0x0800399e                gpio_port_read
 .text.gpio_port_config_lock
                0x080039a4       0x10 /home/evandro/Develop/libopencm3/lib//libopencm3_stm32f1.a(gpio_common_all.o)
                0x080039a4                gpio_port_config_lock
 .text.iwdg_start
                0x080039b4       0x10 /home/evandro/Develop/libopencm3/lib//libopencm3_stm32f1.a(iwdg_common_all.o)
                0x080039b4                iwdg_start
 .text.iwdg_reload_busy
                0x080039c4       0x10 /home/evandro/Develop/libopencm3/lib//libopencm3_stm32f1.a(iwdg_common_all.o)
                0x080039c4                iwdg_reload_busy
 .text.iwdg_set_period_ms
                0x080039d4       0x54 /home/evandro/Develop/libopencm3/lib//libopencm3_stm32f1.a(iwdg_common_all.o)
                0x080039d4                iwdg_set_period_ms
 .text.iwdg_reset
                0x08003a28       0x10 /home/evandro/Develop/libopencm3/lib//libopencm3_stm32f1.a(iwdg_common_all.o)
                0x08003a28                iwdg_reset
 .text.rcc_is_osc_ready
                0x08003a38       0x58 /home/evandro/Develop/libopencm3/lib//libopencm3_stm32f1.a(rcc.o)
                0x08003a38                rcc_is_osc_ready
 .text.rcc_wait_for_osc_ready
                0x08003a90       0x10 /home/evandro/Develop/libopencm3/lib//libopencm3_stm32f1.a(rcc.o)
                0x08003a90                rcc_wait_for_osc_ready
 .text.rcc_osc_on
                0x08003aa0       0x60 /home/evandro/Develop/libopencm3/lib//libopencm3_stm32f1.a(rcc.o)
                0x08003aa0                rcc_osc_on
 .text.rcc_set_sysclk_source
                0x08003b00       0x14 /home/evandro/Develop/libopencm3/lib//libopencm3_stm32f1.a(rcc.o)
                0x08003b00                rcc_set_sysclk_source
 .text.rcc_set_pll_multiplication_factor
                0x08003b14       0x14 /home/evandro/Develop/libopencm3/lib//libopencm3_stm32f1.a(rcc.o)
                0x08003b14                rcc_set_pll_multiplication_factor
 .text.rcc_set_pll2_multiplication_factor
                0x08003b28       0x14 /home/evandro/Develop/libopencm3/lib//libopencm3_stm32f1.a(rcc.o)
                0x08003b28                rcc_set_pll2_multiplication_factor
 .text.rcc_set_pll3_multiplication_factor
                0x08003b3c       0x14 /home/evandro/Develop/libopencm3/lib//libopencm3_stm32f1.a(rcc.o)
                0x08003b3c                rcc_set_pll3_multiplication_factor
 .text.rcc_set_pll_source
                0x08003b50       0x14 /home/evandro/Develop/libopencm3/lib//libopencm3_stm32f1.a(rcc.o)
                0x08003b50                rcc_set_pll_source
 .text.rcc_set_pllxtpre
                0x08003b64       0x14 /home/evandro/Develop/libopencm3/lib//libopencm3_stm32f1.a(rcc.o)
                0x08003b64                rcc_set_pllxtpre
 .text.rcc_set_adcpre
                0x08003b78       0x14 /home/evandro/Develop/libopencm3/lib//libopencm3_stm32f1.a(rcc.o)
                0x08003b78                rcc_set_adcpre
 .text.rcc_set_ppre2
                0x08003b8c       0x14 /home/evandro/Develop/libopencm3/lib//libopencm3_stm32f1.a(rcc.o)
                0x08003b8c                rcc_set_ppre2
 .text.rcc_set_ppre1
                0x08003ba0       0x14 /home/evandro/Develop/libopencm3/lib//libopencm3_stm32f1.a(rcc.o)
                0x08003ba0                rcc_set_ppre1
 .text.rcc_set_hpre
                0x08003bb4       0x14 /home/evandro/Develop/libopencm3/lib//libopencm3_stm32f1.a(rcc.o)
                0x08003bb4                rcc_set_hpre
 .text.rcc_set_usbpre
                0x08003bc8       0x18 /home/evandro/Develop/libopencm3/lib//libopencm3_stm32f1.a(rcc.o)
                0x08003bc8                rcc_set_usbpre
 .text.rcc_set_prediv1
                0x08003be0       0x14 /home/evandro/Develop/libopencm3/lib//libopencm3_stm32f1.a(rcc.o)
                0x08003be0                rcc_set_prediv1
 .text.rcc_set_prediv2
                0x08003bf4       0x14 /home/evandro/Develop/libopencm3/lib//libopencm3_stm32f1.a(rcc.o)
                0x08003bf4                rcc_set_prediv2
 .text.rcc_set_prediv1_source
                0x08003c08       0x18 /home/evandro/Develop/libopencm3/lib//libopencm3_stm32f1.a(rcc.o)
                0x08003c08                rcc_set_prediv1_source
 .text.rcc_clock_setup_pll
                0x08003c20       0xbc /home/evandro/Develop/libopencm3/lib//libopencm3_stm32f1.a(rcc.o)
                0x08003c20                rcc_clock_setup_pll
 .text.rcc_get_usart_clk_freq
                0x08003cdc       0x1c /home/evandro/Develop/libopencm3/lib//libopencm3_stm32f1.a(rcc.o)
                0x08003cdc                rcc_get_usart_clk_freq
 .text.rcc_periph_clock_enable
                0x08003cf8       0x1a /home/evandro/Develop/libopencm3/lib//libopencm3_stm32f1.a(rcc_common_all.o)
                0x08003cf8                rcc_periph_clock_enable
 .text.rcc_periph_reset_pulse
                0x08003d12       0x22 /home/evandro/Develop/libopencm3/lib//libopencm3_stm32f1.a(rcc_common_all.o)
                0x08003d12                rcc_periph_reset_pulse
 .text.timer_enable_irq
                0x08003d34        0x8 /home/evandro/Develop/libopencm3/lib//libopencm3_stm32f1.a(timer_common_all.o)
                0x08003d34                timer_enable_irq
 .text.timer_disable_irq
                0x08003d3c        0xa /home/evandro/Develop/libopencm3/lib//libopencm3_stm32f1.a(timer_common_all.o)
                0x08003d3c                timer_disable_irq
 .text.timer_get_flag
                0x08003d46        0xc /home/evandro/Develop/libopencm3/lib//libopencm3_stm32f1.a(timer_common_all.o)
                0x08003d46                timer_get_flag
 .text.timer_clear_flag
                0x08003d52        0x6 /home/evandro/Develop/libopencm3/lib//libopencm3_stm32f1.a(timer_common_all.o)
                0x08003d52                timer_clear_flag
 .text.timer_set_mode
                0x08003d58       0x12 /home/evandro/Develop/libopencm3/lib//libopencm3_stm32f1.a(timer_common_all.o)
                0x08003d58                timer_set_mode
 .text.timer_enable_preload
                0x08003d6a        0xa /home/evandro/Develop/libopencm3/lib//libopencm3_stm32f1.a(timer_common_all.o)
                0x08003d6a                timer_enable_preload
 .text.timer_set_prescaler
                0x08003d74        0x4 /home/evandro/Develop/libopencm3/lib//libopencm3_stm32f1.a(timer_common_all.o)
                0x08003d74                timer_set_prescaler
 .text.timer_set_period
                0x08003d78        0x4 /home/evandro/Develop/libopencm3/lib//libopencm3_stm32f1.a(timer_common_all.o)
                0x08003d78                timer_set_period
 .text.usart_set_baudrate
                0x08003d7c       0x16 /home/evandro/Develop/libopencm3/lib//libopencm3_stm32f1.a(usart_common_all.o)
                0x08003d7c                usart_set_baudrate
 .text.usart_set_databits
                0x08003d92       0x12 /home/evandro/Develop/libopencm3/lib//libopencm3_stm32f1.a(usart_common_all.o)
                0x08003d92                usart_set_databits
 .text.usart_set_stopbits
                0x08003da4        0xc /home/evandro/Develop/libopencm3/lib//libopencm3_stm32f1.a(usart_common_all.o)
                0x08003da4                usart_set_stopbits
 .text.usart_set_parity
                0x08003db0        0xc /home/evandro/Develop/libopencm3/lib//libopencm3_stm32f1.a(usart_common_all.o)
                0x08003db0                usart_set_parity
 .text.usart_set_mode
                0x08003dbc        0xc /home/evandro/Develop/libopencm3/lib//libopencm3_stm32f1.a(usart_common_all.o)
                0x08003dbc                usart_set_mode
 .text.usart_set_flow_control
                0x08003dc8        0xc /home/evandro/Develop/libopencm3/lib//libopencm3_stm32f1.a(usart_common_all.o)
                0x08003dc8                usart_set_flow_control
 .text.usart_enable
                0x08003dd4        0xa /home/evandro/Develop/libopencm3/lib//libopencm3_stm32f1.a(usart_common_all.o)
                0x08003dd4                usart_enable
 .text.usart_enable_rx_dma
                0x08003dde        0xa /home/evandro/Develop/libopencm3/lib//libopencm3_stm32f1.a(usart_common_all.o)
                0x08003dde                usart_enable_rx_dma
 .text.usart_enable_tx_dma
                0x08003de8        0xa /home/evandro/Develop/libopencm3/lib//libopencm3_stm32f1.a(usart_common_all.o)
                0x08003de8                usart_enable_tx_dma
 .text.usart_disable_tx_dma
                0x08003df2        0xa /home/evandro/Develop/libopencm3/lib//libopencm3_stm32f1.a(usart_common_all.o)
                0x08003df2                usart_disable_tx_dma
 .text.usart_disable_rx_interrupt
                0x08003dfc        0xa /home/evandro/Develop/libopencm3/lib//libopencm3_stm32f1.a(usart_common_all.o)
                0x08003dfc                usart_disable_rx_interrupt
 .text.usart_disable_tx_complete_interrupt
                0x08003e06        0xa /home/evandro/Develop/libopencm3/lib//libopencm3_stm32f1.a(usart_common_all.o)
                0x08003e06                usart_disable_tx_complete_interrupt
 .text.usart_enable_idle_interrupt
                0x08003e10        0xa /home/evandro/Develop/libopencm3/lib//libopencm3_stm32f1.a(usart_common_all.o)
                0x08003e10                usart_enable_idle_interrupt
 .text.blocking_handler
                0x08003e1a        0x2 /home/evandro/Develop/libopencm3/lib//libopencm3_stm32f1.a(vector.o)
                0x08003e1a                usart3_isr
                0x08003e1a                rtc_isr
                0x08003e1a                tim7_isr
                0x08003e1a                adc1_2_isr
                0x08003e1a                tim1_trg_com_isr
                0x08003e1a                usb_hp_can_tx_isr
                0x08003e1a                tim6_isr
                0x08003e1a                usb_wakeup_isr
                0x08003e1a                blocking_handler
                0x08003e1a                tim5_isr
                0x08003e1a                otg_fs_isr
                0x08003e1a                spi1_isr
                0x08003e1a                exti2_isr
                0x08003e1a                can_rx1_isr
                0x08003e1a                dma1_channel5_isr
                0x08003e1a                dma2_channel5_isr
                0x08003e1a                usart1_isr
                0x08003e1a                tim8_trg_com_isr
                0x08003e1a                can2_rx0_isr
                0x08003e1a                tim1_brk_isr
                0x08003e1a                can2_rx1_isr
                0x08003e1a                tim1_cc_isr
                0x08003e1a                sdio_isr
                0x08003e1a                eth_isr
                0x08003e1a                dma1_channel4_isr
                0x08003e1a                tim8_brk_isr
                0x08003e1a                dma2_channel4_5_isr
                0x08003e1a                pvd_isr
                0x08003e1a                rcc_isr
                0x08003e1a                flash_isr
                0x08003e1a                uart4_isr
                0x08003e1a                rtc_alarm_isr
                0x08003e1a                exti1_isr
                0x08003e1a                i2c1_ev_isr
                0x08003e1a                dma2_channel1_isr
                0x08003e1a                spi2_isr
                0x08003e1a                tim8_up_isr
                0x08003e1a                dma2_channel2_isr
                0x08003e1a                exti3_isr
                0x08003e1a                adc3_isr
                0x08003e1a                tim3_isr
                0x08003e1a                usb_lp_can_rx0_isr
                0x08003e1a                i2c2_er_isr
                0x08003e1a                i2c2_ev_isr
                0x08003e1a                uart5_isr
                0x08003e1a                fsmc_isr
                0x08003e1a                dma1_channel1_isr
                0x08003e1a                exti4_isr
                0x08003e1a                can2_tx_isr
                0x08003e1a                dma2_channel3_isr
                0x08003e1a                tim1_up_isr
                0x08003e1a                can2_sce_isr
                0x08003e1a                tim4_isr
                0x08003e1a                dma1_channel2_isr
                0x08003e1a                i2c1_er_isr
                0x08003e1a                can_sce_isr
                0x08003e1a                tim8_cc_isr
                0x08003e1a                tamper_isr
                0x08003e1a                eth_wkup_isr
                0x08003e1a                wwdg_isr
                0x08003e1a                dma1_channel3_isr
                0x08003e1a                spi3_isr
                0x08003e1a                exti0_isr
 .text.null_handler
                0x08003e1c        0x2 /home/evandro/Develop/libopencm3/lib//libopencm3_stm32f1.a(vector.o)
                0x08003e1c                null_handler
                0x08003e1c                sv_call_handler
                0x08003e1c                pend_sv_handler
                0x08003e1c                debug_monitor_handler
                0x08003e1c                nmi_handler
 *fill*         0x08003e1e        0x2 
 .text.reset_handler
                0x08003e20       0x94 /home/evandro/Develop/libopencm3/lib//libopencm3_stm32f1.a(vector.o)
                0x08003e20                reset_handler
 .text.systick_set_reload
                0x08003eb4        0xc /home/evandro/Develop/libopencm3/lib//libopencm3_stm32f1.a(systick.o)
                0x08003eb4                systick_set_reload
 .text.systick_set_clocksource
                0x08003ec0       0x14 /home/evandro/Develop/libopencm3/lib//libopencm3_stm32f1.a(systick.o)
                0x08003ec0                systick_set_clocksource
 .text.systick_interrupt_enable
                0x08003ed4        0xe /home/evandro/Develop/libopencm3/lib//libopencm3_stm32f1.a(systick.o)
                0x08003ed4                systick_interrupt_enable
 .text.systick_interrupt_disable
                0x08003ee2        0xe /home/evandro/Develop/libopencm3/lib//libopencm3_stm32f1.a(systick.o)
                0x08003ee2                systick_interrupt_disable
 .text.systick_counter_enable
                0x08003ef0        0xe /home/evandro/Develop/libopencm3/lib//libopencm3_stm32f1.a(systick.o)
                0x08003ef0                systick_counter_enable
 *fill*         0x08003efe        0x2 
 .text.scb_reset_system
                0x08003f00       0x10 /home/evandro/Develop/libopencm3/lib//libopencm3_stm32f1.a(scb.o)
                0x08003f00                scb_reset_system
 .text.nvic_enable_irq
                0x08003f10       0x18 /home/evandro/Develop/libopencm3/lib//libopencm3_stm32f1.a(nvic.o)
                0x08003f10                nvic_enable_irq
 .text.nvic_set_priority
                0x08003f28       0x20 /home/evandro/Develop/libopencm3/lib//libopencm3_stm32f1.a(nvic.o)
                0x08003f28                nvic_set_priority
 .text.desig_get_flash_size
                0x08003f48        0xc /home/evandro/Develop/libopencm3/lib//libopencm3_stm32f1.a(desig_common_v1.o)
                0x08003f48                desig_get_flash_size
 .text.flash_set_ws
                0x08003f54       0x14 /home/evandro/Develop/libopencm3/lib//libopencm3_stm32f1.a(flash_common_all.o)
                0x08003f54                flash_set_ws
 .text.memset   0x08003f68       0xa0 /opt/gcc-arm-none/bin/../lib/gcc/arm-none-eabi/13.2.1/../../../../arm-none-eabi/lib/thumb/v7-m/nofp/libc.a(libc_a-memset.o)
                0x08003f68                memset
 .text          0x08004008       0xec /opt/gcc-arm-none/bin/../lib/gcc/arm-none-eabi/13.2.1/../../../../arm-none-eabi/lib/thumb/v7-m/nofp/libc.a(libc_a-memcpy.o)
                0x08004008                memcpy
 .text.__paritysi2
                0x080040f4       0x20 /opt/gcc-arm-none/bin/../lib/gcc/arm-none-eabi/13.2.1/thumb/v7-m/nofp/libgcc.a(_paritysi2.o)
                0x080040f4                __paritysi2
 .text.selfrel_offset31
                0x08004114       0x14 /opt/gcc-arm-none/bin/../lib/gcc/arm-none-eabi/13.2.1/thumb/v7-m/nofp/libgcc.a(unwind-arm.o)
 .text.search_EIT_table
                0x08004128       0x64 /opt/gcc-arm-none/bin/../lib/gcc/arm-none-eabi/13.2.1/thumb/v7-m/nofp/libgcc.a(unwind-arm.o)
 .text.__gnu_unwind_get_pr_addr
                0x0800418c       0x28 /opt/gcc-arm-none/bin/../lib/gcc/arm-none-eabi/13.2.1/thumb/v7-m/nofp/libgcc.a(unwind-arm.o)
 .text.get_eit_entry
                0x080041b4       0x98 /opt/gcc-arm-none/bin/../lib/gcc/arm-none-eabi/13.2.1/thumb/v7-m/nofp/libgcc.a(unwind-arm.o)
 .text.restore_non_core_regs
                0x0800424c       0x58 /opt/gcc-arm-none/bin/../lib/gcc/arm-none-eabi/13.2.1/thumb/v7-m/nofp/libgcc.a(unwind-arm.o)
 .text._Unwind_decode_typeinfo_ptr.constprop.0
                0x080042a4        0xc /opt/gcc-arm-none/bin/../lib/gcc/arm-none-eabi/13.2.1/thumb/v7-m/nofp/libgcc.a(unwind-arm.o)
 .text._Unwind_DebugHook
                0x080042b0        0x4 /opt/gcc-arm-none/bin/../lib/gcc/arm-none-eabi/13.2.1/thumb/v7-m/nofp/libgcc.a(unwind-arm.o)
 .text.unwind_phase2
                0x080042b4       0x40 /opt/gcc-arm-none/bin/../lib/gcc/arm-none-eabi/13.2.1/thumb/v7-m/nofp/libgcc.a(unwind-arm.o)
 .text.unwind_phase2_forced
                0x080042f4       0xe0 /opt/gcc-arm-none/bin/../lib/gcc/arm-none-eabi/13.2.1/thumb/v7-m/nofp/libgcc.a(unwind-arm.o)
 .text.__gnu_Unwind_RaiseException
                0x080043d4       0x68 /opt/gcc-arm-none/bin/../lib/gcc/arm-none-eabi/13.2.1/thumb/v7-m/nofp/libgcc.a(unwind-arm.o)
                0x080043d4                __gnu_Unwind_RaiseException
 .text.__gnu_Unwind_ForcedUnwind
                0x0800443c       0x18 /opt/gcc-arm-none/bin/../lib/gcc/arm-none-eabi/13.2.1/thumb/v7-m/nofp/libgcc.a(unwind-arm.o)
                0x0800443c                __gnu_Unwind_ForcedUnwind
 .text.__gnu_Unwind_Resume
                0x08004454       0x44 /opt/gcc-arm-none/bin/../lib/gcc/arm-none-eabi/13.2.1/thumb/v7-m/nofp/libgcc.a(unwind-arm.o)
                0x08004454                __gnu_Unwind_Resume
 .text.__gnu_Unwind_Resume_or_Rethrow
                0x08004498       0x18 /opt/gcc-arm-none/bin/../lib/gcc/arm-none-eabi/13.2.1/thumb/v7-m/nofp/libgcc.a(unwind-arm.o)
                0x08004498                __gnu_Unwind_Resume_or_Rethrow
 .text._Unwind_VRS_Get
                0x080044b0       0x34 /opt/gcc-arm-none/bin/../lib/gcc/arm-none-eabi/13.2.1/thumb/v7-m/nofp/libgcc.a(unwind-arm.o)
                0x080044b0                _Unwind_VRS_Get
 .text._Unwind_GetGR
                0x080044e4       0x1c /opt/gcc-arm-none/bin/../lib/gcc/arm-none-eabi/13.2.1/thumb/v7-m/nofp/libgcc.a(unwind-arm.o)
 .text._Unwind_VRS_Set
                0x08004500       0x34 /opt/gcc-arm-none/bin/../lib/gcc/arm-none-eabi/13.2.1/thumb/v7-m/nofp/libgcc.a(unwind-arm.o)
                0x08004500                _Unwind_VRS_Set
 .text._Unwind_SetGR
                0x08004534       0x18 /opt/gcc-arm-none/bin/../lib/gcc/arm-none-eabi/13.2.1/thumb/v7-m/nofp/libgcc.a(unwind-arm.o)
 .text.__gnu_Unwind_Backtrace
                0x0800454c       0x80 /opt/gcc-arm-none/bin/../lib/gcc/arm-none-eabi/13.2.1/thumb/v7-m/nofp/libgcc.a(unwind-arm.o)
                0x0800454c                __gnu_Unwind_Backtrace
 .text.__gnu_unwind_pr_common
                0x080045cc      0x2a8 /opt/gcc-arm-none/bin/../lib/gcc/arm-none-eabi/13.2.1/thumb/v7-m/nofp/libgcc.a(unwind-arm.o)
 .text.__aeabi_unwind_cpp_pr0
                0x08004874        0x8 /opt/gcc-arm-none/bin/../lib/gcc/arm-none-eabi/13.2.1/thumb/v7-m/nofp/libgcc.a(unwind-arm.o)
                0x08004874                __aeabi_unwind_cpp_pr0
 .text.__aeabi_unwind_cpp_pr1
                0x0800487c        0x8 /opt/gcc-arm-none/bin/../lib/gcc/arm-none-eabi/13.2.1/thumb/v7-m/nofp/libgcc.a(unwind-arm.o)
                0x0800487c                __aeabi_unwind_cpp_pr1
 .text.__aeabi_unwind_cpp_pr2
                0x08004884        0x8 /opt/gcc-arm-none/bin/../lib/gcc/arm-none-eabi/13.2.1/thumb/v7-m/nofp/libgcc.a(unwind-arm.o)
                0x08004884                __aeabi_unwind_cpp_pr2
 .text._Unwind_VRS_Pop
                0x0800488c      0x2ec /opt/gcc-arm-none/bin/../lib/gcc/arm-none-eabi/13.2.1/thumb/v7-m/nofp/libgcc.a(unwind-arm.o)
                0x0800488c                _Unwind_VRS_Pop
 .text          0x08004b78      0x1ac /opt/gcc-arm-none/bin/../lib/gcc/arm-none-eabi/13.2.1/thumb/v7-m/nofp/libgcc.a(libunwind.o)
                0x08004b78                __restore_core_regs
                0x08004b78                restore_core_regs
                0x08004b90                __gnu_Unwind_Restore_VFP
                0x08004b98                __gnu_Unwind_Save_VFP
                0x08004ba0                __gnu_Unwind_Restore_VFP_D
                0x08004ba8                __gnu_Unwind_Save_VFP_D
                0x08004bb0                __gnu_Unwind_Restore_VFP_D_16_to_31
                0x08004bb8                __gnu_Unwind_Save_VFP_D_16_to_31
                0x08004bc0                __gnu_Unwind_Restore_WMMXD
                0x08004c04                __gnu_Unwind_Save_WMMXD
                0x08004c48                __gnu_Unwind_Restore_WMMXC
                0x08004c5c                __gnu_Unwind_Save_WMMXC
                0x08004c70                ___Unwind_RaiseException
                0x08004c70                _Unwind_RaiseException
                0x08004c94                ___Unwind_Resume
                0x08004c94                _Unwind_Resume
                0x08004cb8                _Unwind_Resume_or_Rethrow
                0x08004cb8                ___Unwind_Resume_or_Rethrow
                0x08004cdc                ___Unwind_ForcedUnwind
                0x08004cdc                _Unwind_ForcedUnwind
                0x08004d00                _Unwind_Backtrace
                0x08004d00                ___Unwind_Backtrace
 .text.next_unwind_byte
                0x08004d24       0x38 /opt/gcc-arm-none/bin/../lib/gcc/arm-none-eabi/13.2.1/thumb/v7-m/nofp/libgcc.a(pr-support.o)
 .text.__gnu_unwind_execute
                0x08004d5c      0x2fc /opt/gcc-arm-none/bin/../lib/gcc/arm-none-eabi/13.2.1/thumb/v7-m/nofp/libgcc.a(pr-support.o)
                0x08004d5c                __gnu_unwind_execute
 .text.abort    0x08005058       0x10 /opt/gcc-arm-none/bin/../lib/gcc/arm-none-eabi/13.2.1/../../../../arm-none-eabi/lib/thumb/v7-m/nofp/libc.a(libc_a-abort.o)
                0x08005058                abort
 .text.raise    0x08005068       0x58 /opt/gcc-arm-none/bin/../lib/gcc/arm-none-eabi/13.2.1/../../../../arm-none-eabi/lib/thumb/v7-m/nofp/libc.a(libc_a-signal.o)
                0x08005068                raise
 .text._kill_r  0x080050c0       0x28 /opt/gcc-arm-none/bin/../lib/gcc/arm-none-eabi/13.2.1/../../../../arm-none-eabi/lib/thumb/v7-m/nofp/libc.a(libc_a-signalr.o)
                0x080050c0                _kill_r
 .text._getpid_r
                0x080050e8        0x4 /opt/gcc-arm-none/bin/../lib/gcc/arm-none-eabi/13.2.1/../../../../arm-none-eabi/lib/thumb/v7-m/nofp/libc.a(libc_a-signalr.o)
                0x080050e8                _getpid_r
 .text._exit    0x080050ec        0x4 /opt/gcc-arm-none/bin/../lib/gcc/arm-none-eabi/13.2.1/../../../../arm-none-eabi/lib/thumb/v7-m/nofp/libnosys.a(_exit.o)
                0x080050ec                _exit
                0x080050f0                        . = ALIGN (0x4)
 *(.rodata*)
 .rodata._ZN6msxmap11convert2msxEv.str1.1
                0x080050f0      0xdac msxmap.o
                                 0x1a (size before relaxing)
 .rodata._ZL12Y_XLAT_TABLE
                0x08005e9c       0x10 msxmap.o
 .rodata.power_off_ps2_keyboard.str1.1
                0x08005eac       0x22 ps2handl.o
 .rodata.ps2_send_command.str1.1
                0x08005eac       0x19 ps2handl.o
 .rodata.ps2_keyb_detect.str1.1
                0x08005eac      0x188 ps2handl.o
 .rodata.ps2_clock_send.str1.1
                0x08005eac       0x4b ps2handl.o
 .rodata.ps2_clock_receive.str1.1
                0x08005eac       0xa6 ps2handl.o
 .rodata.ps2_clock_update.str1.1
                0x08005eac       0x42 ps2handl.o
 .rodata.check_page_erased.str1.1
                0x08005eac       0x55 dbasemgt.o
 .rodata.check_flash_error.str1.1
                0x08005eac       0x78 dbasemgt.o
 .rodata.database_setup.str1.1
                0x08005eac      0x100 dbasemgt.o
 .rodata.flash_program_data.str1.1
                0x08005eac      0x244 dbasemgt.o
 .rodata.flash_rw.str1.1
                0x08005eac       0x75 dbasemgt.o
 .rodata.usart_get_string_line.str1.1
                0x08005eac       0x90 get_intelhex.o
 .rodata.usart_get_intel_hex.str1.1
                0x08005eac       0x75 get_intelhex.o
 .rodata.get_intelhex_to_RAM.str1.1
                0x08005eac       0x7c get_intelhex.o
 .rodata        0x08005eac       0x28 serial.o
 .rodata.common_code_fault_handler.str1.1
                0x08005ed4       0xd5 SpecialFaultHandlers.o
 .rodata.c_hard_fault_handler.str1.1
                0x08005ed4       0x36 SpecialFaultHandlers.o
 .rodata.c_mem_manage_handler.str1.1
                0x08005ed4       0x39 SpecialFaultHandlers.o
 .rodata.c_bus_fault_handler.str1.1
                0x08005ed4       0x35 SpecialFaultHandlers.o
 .rodata.c_usage_fault_handler.str1.1
                0x08005ed4       0x37 SpecialFaultHandlers.o
 .rodata.main.str1.1
                0x08005ed4      0x341 ps2-msx-kb-conv.o
 .rodata.rcc_hse_configs
                0x08005ed4       0x8c /home/evandro/Develop/libopencm3/lib//libopencm3_stm32f1.a(rcc.o)
                0x08005ed4                rcc_hse_configs
                0x08006218                        . = ALIGN (0x4)

.glue_7         0x08005f60        0x0
 .glue_7        0x08005f60        0x0 linker stubs

.glue_7t        0x08005f60        0x0
 .glue_7t       0x08005f60        0x0 linker stubs

.vfp11_veneer   0x08005f60        0x0
 .vfp11_veneer  0x08005f60        0x0 linker stubs

.v4_bx          0x08005f60        0x0
 .v4_bx         0x08005f60        0x0 linker stubs

.iplt           0x08005f60        0x0
 .iplt          0x08005f60        0x0 msxmap.o

.preinit_array  0x08005f60        0x0
                0x08005f60                        . = ALIGN (0x4)
                0x08005f60                        __preinit_array_start = .
 *(.preinit_array)
                0x08005f60                        __preinit_array_end = .

.init_array     0x08005f60        0x0
                0x08005f60                        . = ALIGN (0x4)
                0x08005f60                        __init_array_start = .
 *(SORT_BY_NAME(.init_array.*))
 *(.init_array)
                0x08005f60                        __init_array_end = .

.fini_array     0x08005f60        0x0
                0x08005f60                        . = ALIGN (0x4)
                0x08005f60                        __fini_array_start = .
 *(.fini_array)
 *(SORT_BY_NAME(.fini_array.*))
                0x08005f60                        __fini_array_end = .

.ARM.extab
 *(.ARM.extab*)

.ARM.exidx      0x08005f60       0xf0
                0x08005f60                        __exidx_start = .
 *(.ARM.exidx*)
 .ARM.exidx.text._ZN6msxmap30put_msx_disp_keys_queue_bufferEh.constprop.0.isra.0
                0x08005f60        0x8 msxmap.o
 .ARM.exidx.text._ZN6msxmap19msx_interface_setupEv
                0x08005f68        0x8 msxmap.o
 .ARM.exidx.text._ZN6msxmap36available_msx_disp_keys_queue_bufferEv
                0x08005f70        0x8 msxmap.o
 .ARM.exidx.text._ZN6msxmap30get_msx_disp_keys_queue_bufferEv
                0x08005f78        0x0 msxmap.o
                                  0x8 (size before relaxing)
 .ARM.exidx.text._ZN6msxmap40compute_x_bits_and_check_interrupt_stuckEhhb
                0x08005f78        0x8 msxmap.o
 .ARM.exidx.text._ZN6msxmap12msxqueuekeysEv
                0x08005f80        0x8 msxmap.o
 .ARM.exidx.text._ZN6msxmap12msx_dispatchEv
                0x08005f88        0x8 msxmap.o
 .ARM.exidx.text._ZN6msxmap11convert2msxEv
                0x08005f90        0x8 msxmap.o
 .ARM.exidx.text.exti15_10_isr
                0x08005f98        0x8 msxmap.o
 .ARM.exidx.text.exti9_5_isr
                0x08005fa0        0x8 msxmap.o
 .ARM.exidx.text._Z13systick_setupv
                0x08005fa8        0x8 sys_timer.o
 .ARM.exidx.text.sys_tick_handler
                0x08005fb0       0x10 sys_timer.o
                                  0x8 (size before relaxing)
 .ARM.exidx.text._Z11end_of_codePm
                0x08005fc0        0x0 ps2-msx-kb-conv.o
                                  0x8 (size before relaxing)
 .ARM.exidx.text.startup.main
                0x08005fc0       0x10 ps2-msx-kb-conv.o
                                  0x8 (size before relaxing)
 .ARM.exidx     0x08005fd0        0x0 /opt/gcc-arm-none/bin/../lib/gcc/arm-none-eabi/13.2.1/../../../../arm-none-eabi/lib/thumb/v7-m/nofp/libc.a(libc_a-memcpy.o)
                                  0x8 (size before relaxing)
 .ARM.exidx.text.selfrel_offset31
                0x08005fd0        0x0 /opt/gcc-arm-none/bin/../lib/gcc/arm-none-eabi/13.2.1/thumb/v7-m/nofp/libgcc.a(unwind-arm.o)
                                  0x8 (size before relaxing)
 .ARM.exidx.text.search_EIT_table
                0x08005fd0        0x0 /opt/gcc-arm-none/bin/../lib/gcc/arm-none-eabi/13.2.1/thumb/v7-m/nofp/libgcc.a(unwind-arm.o)
                                  0x8 (size before relaxing)
 .ARM.exidx.text.__gnu_unwind_get_pr_addr
                0x08005fd0        0x0 /opt/gcc-arm-none/bin/../lib/gcc/arm-none-eabi/13.2.1/thumb/v7-m/nofp/libgcc.a(unwind-arm.o)
                                  0x8 (size before relaxing)
 .ARM.exidx.text.get_eit_entry
                0x08005fd0        0x8 /opt/gcc-arm-none/bin/../lib/gcc/arm-none-eabi/13.2.1/thumb/v7-m/nofp/libgcc.a(unwind-arm.o)
 .ARM.exidx.text.restore_non_core_regs
                0x08005fd8        0x8 /opt/gcc-arm-none/bin/../lib/gcc/arm-none-eabi/13.2.1/thumb/v7-m/nofp/libgcc.a(unwind-arm.o)
 .ARM.exidx.text._Unwind_decode_typeinfo_ptr.constprop.0
                0x08005fe0        0x8 /opt/gcc-arm-none/bin/../lib/gcc/arm-none-eabi/13.2.1/thumb/v7-m/nofp/libgcc.a(unwind-arm.o)
 .ARM.exidx.text._Unwind_DebugHook
                0x08005fe8        0x0 /opt/gcc-arm-none/bin/../lib/gcc/arm-none-eabi/13.2.1/thumb/v7-m/nofp/libgcc.a(unwind-arm.o)
                                  0x8 (size before relaxing)
 .ARM.exidx.text.unwind_phase2
                0x08005fe8        0x8 /opt/gcc-arm-none/bin/../lib/gcc/arm-none-eabi/13.2.1/thumb/v7-m/nofp/libgcc.a(unwind-arm.o)
 .ARM.exidx.text.unwind_phase2_forced
                0x08005ff0        0x8 /opt/gcc-arm-none/bin/../lib/gcc/arm-none-eabi/13.2.1/thumb/v7-m/nofp/libgcc.a(unwind-arm.o)
 .ARM.exidx.text.__gnu_Unwind_RaiseException
                0x08005ff8        0x8 /opt/gcc-arm-none/bin/../lib/gcc/arm-none-eabi/13.2.1/thumb/v7-m/nofp/libgcc.a(unwind-arm.o)
 .ARM.exidx.text.__gnu_Unwind_ForcedUnwind
                0x08006000        0x8 /opt/gcc-arm-none/bin/../lib/gcc/arm-none-eabi/13.2.1/thumb/v7-m/nofp/libgcc.a(unwind-arm.o)
 .ARM.exidx.text.__gnu_Unwind_Resume
                0x08006008        0x8 /opt/gcc-arm-none/bin/../lib/gcc/arm-none-eabi/13.2.1/thumb/v7-m/nofp/libgcc.a(unwind-arm.o)
 .ARM.exidx.text.__gnu_Unwind_Resume_or_Rethrow
                0x08006010        0x8 /opt/gcc-arm-none/bin/../lib/gcc/arm-none-eabi/13.2.1/thumb/v7-m/nofp/libgcc.a(unwind-arm.o)
 .ARM.exidx.text._Unwind_VRS_Get
                0x08006018        0x0 /opt/gcc-arm-none/bin/../lib/gcc/arm-none-eabi/13.2.1/thumb/v7-m/nofp/libgcc.a(unwind-arm.o)
                                  0x8 (size before relaxing)
 .ARM.exidx.text._Unwind_GetGR
                0x08006018        0x0 /opt/gcc-arm-none/bin/../lib/gcc/arm-none-eabi/13.2.1/thumb/v7-m/nofp/libgcc.a(unwind-arm.o)
                                  0x8 (size before relaxing)
 .ARM.exidx.text._Unwind_VRS_Set
                0x08006018        0x0 /opt/gcc-arm-none/bin/../lib/gcc/arm-none-eabi/13.2.1/thumb/v7-m/nofp/libgcc.a(unwind-arm.o)
                                  0x8 (size before relaxing)
 .ARM.exidx.text._Unwind_SetGR
                0x08006018        0x0 /opt/gcc-arm-none/bin/../lib/gcc/arm-none-eabi/13.2.1/thumb/v7-m/nofp/libgcc.a(unwind-arm.o)
                                  0x8 (size before relaxing)
 .ARM.exidx.text.__gnu_Unwind_Backtrace
                0x08006018        0x8 /opt/gcc-arm-none/bin/../lib/gcc/arm-none-eabi/13.2.1/thumb/v7-m/nofp/libgcc.a(unwind-arm.o)
 .ARM.exidx.text.__gnu_unwind_pr_common
                0x08006020        0x8 /opt/gcc-arm-none/bin/../lib/gcc/arm-none-eabi/13.2.1/thumb/v7-m/nofp/libgcc.a(unwind-arm.o)
 .ARM.exidx.text.__aeabi_unwind_cpp_pr0
                0x08006028        0x8 /opt/gcc-arm-none/bin/../lib/gcc/arm-none-eabi/13.2.1/thumb/v7-m/nofp/libgcc.a(unwind-arm.o)
 .ARM.exidx.text.__aeabi_unwind_cpp_pr1
                0x08006030        0x0 /opt/gcc-arm-none/bin/../lib/gcc/arm-none-eabi/13.2.1/thumb/v7-m/nofp/libgcc.a(unwind-arm.o)
                                  0x8 (size before relaxing)
 .ARM.exidx.text.__aeabi_unwind_cpp_pr2
                0x08006030        0x0 /opt/gcc-arm-none/bin/../lib/gcc/arm-none-eabi/13.2.1/thumb/v7-m/nofp/libgcc.a(unwind-arm.o)
                                  0x8 (size before relaxing)
 .ARM.exidx.text._Unwind_VRS_Pop
                0x08006030       0x10 /opt/gcc-arm-none/bin/../lib/gcc/arm-none-eabi/13.2.1/thumb/v7-m/nofp/libgcc.a(unwind-arm.o)
                                  0x8 (size before relaxing)
 .ARM.exidx.text.next_unwind_byte
                0x08006040        0x0 /opt/gcc-arm-none/bin/../lib/gcc/arm-none-eabi/13.2.1/thumb/v7-m/nofp/libgcc.a(pr-support.o)
                                  0x8 (size before relaxing)
 .ARM.exidx.text.__gnu_unwind_execute
                0x08006040       0x10 /opt/gcc-arm-none/bin/../lib/gcc/arm-none-eabi/13.2.1/thumb/v7-m/nofp/libgcc.a(pr-support.o)
                                  0x8 (size before relaxing)
                0x08006050                        __exidx_end = .

.rel.dyn        0x08006050        0x0
 .rel.iplt      0x08006050        0x0 msxmap.o
                0x08006050                        . = ALIGN (0x4)
                0x08006050                        _etext = .

.noinit
 *(.noinit*)
                0x08006050                        . = ALIGN (0x4)

.data           0x20000000      0x140 load address 0x08006050
                0x20000000                        _data = .
 *(.data*)
 .data.UNUSED_DATABASE
                0x20000000        0x8 msxmap.o
                0x20000000                UNUSED_DATABASE
 .data.xon_condition
                0x20000008        0x1 serial.o
                0x20000008                xon_condition
 .data.enable_xon_xoff
                0x20000009        0x1 serial.o
                0x20000009                enable_xon_xoff
 *fill*         0x2000000a        0x2 
 .data.rcc_ahb_frequency
                0x2000000c        0x4 /home/evandro/Develop/libopencm3/lib//libopencm3_stm32f1.a(rcc.o)
                0x2000000c                rcc_ahb_frequency
 .data.rcc_apb2_frequency
                0x20000010        0x4 /home/evandro/Develop/libopencm3/lib//libopencm3_stm32f1.a(rcc.o)
                0x20000010                rcc_apb2_frequency
 .data.rcc_apb1_frequency
                0x20000014        0x4 /home/evandro/Develop/libopencm3/lib//libopencm3_stm32f1.a(rcc.o)
                0x20000014                rcc_apb1_frequency
 .data._impure_ptr
                0x20000018        0x4 /opt/gcc-arm-none/bin/../lib/gcc/arm-none-eabi/13.2.1/../../../../arm-none-eabi/lib/thumb/v7-m/nofp/libc.a(libc_a-impure.o)
                0x20000018                _impure_ptr
 *fill*         0x2000001c        0x4 
 .data._impure_data
                0x20000020      0x120 /opt/gcc-arm-none/bin/../lib/gcc/arm-none-eabi/13.2.1/../../../../arm-none-eabi/lib/thumb/v7-m/nofp/libc.a(libc_a-impure.o)
                0x20000020                _impure_data
 *(.ramtext*)
                0x20000140                        . = ALIGN (0x4)
                0x20000140                        _edata = .
                0x08006050                        _data_loadaddr = LOADADDR (.data)

.igot.plt       0x20000140        0x0 load address 0x08006190
 .igot.plt      0x20000140        0x0 msxmap.o

.bss            0x20000140      0x9bc load address 0x08006190
 *(.bss*)
 .bss.dispatch_keys_queue
                0x20000140        0xc msxmap.o
                0x20000140                dispatch_keys_queue
 .bss.dispatch_keys_queue_buffer
                0x2000014c       0x10 msxmap.o
                0x2000014c                dispatch_keys_queue_buffer
 .bss.CtrlAltDel
                0x2000015c        0x1 msxmap.o
                0x2000015c                CtrlAltDel
 .bss.scancode  0x2000015d        0x4 msxmap.o
                0x2000015d                scancode
 *fill*         0x20000161        0x3 
 .bss.formerscancode
                0x20000164        0x4 msxmap.o
                0x20000164                formerscancode
 .bss.y_dummy   0x20000168        0x1 msxmap.o
                0x20000168                y_dummy
 *fill*         0x20000169        0x3 
 .bss.x_bits    0x2000016c       0x40 msxmap.o
                0x2000016c                x_bits
 .bss.previous_y_systick
                0x200001ac       0x40 msxmap.o
                0x200001ac                previous_y_systick
 .bss.linhavarrida
                0x200001ec        0x2 msxmap.o
                0x200001ec                linhavarrida
 .bss.shiftstate
                0x200001ee        0x1 msxmap.o
                0x200001ee                shiftstate
 .bss.do_next_keep_alive
                0x200001ef        0x1 msxmap.o
                0x200001ef                do_next_keep_alive
 .bss.base_of_database
                0x200001f0        0x4 msxmap.o
                0x200001f0                base_of_database
 .bss.parity_bit.0
                0x200001f4        0x1 ps2handl.o
 .bss.stop_bit.1
                0x200001f5        0x1 ps2handl.o
 .bss.data_word.2
                0x200001f6        0x1 ps2handl.o
 .bss.ps2_recv_get_ptr
                0x200001f7        0x1 ps2handl.o
                0x200001f7                ps2_recv_get_ptr
 .bss.ps2_recv_put_ptr
                0x200001f8        0x1 ps2handl.o
                0x200001f8                ps2_recv_put_ptr
 .bss.ps2_recv_buffer
                0x200001f9       0x40 ps2handl.o
                0x200001f9                ps2_recv_buffer
 .bss.mount_scancode_count_status
                0x20000239        0x1 ps2handl.o
                0x20000239                mount_scancode_count_status
 .bss.ps2_byte_received
                0x2000023a        0x1 ps2handl.o
                0x2000023a                ps2_byte_received
 .bss.ps2_keystr_f0
                0x2000023b        0x1 ps2handl.o
                0x2000023b                ps2_keystr_f0
 .bss.ps2_keystr_e1
                0x2000023c        0x1 ps2handl.o
                0x2000023c                ps2_keystr_e1
 .bss.ps2_keystr_e0
                0x2000023d        0x1 ps2handl.o
                0x2000023d                ps2_keystr_e0
 .bss.mount_scancode_OK
                0x2000023e        0x1 ps2handl.o
                0x2000023e                mount_scancode_OK
 .bss.kana_former
                0x2000023f        0x1 ps2handl.o
                0x2000023f                kana_former
 .bss.caps_former
                0x20000240        0x1 ps2handl.o
                0x20000240                caps_former
 .bss.kana_state
                0x20000241        0x1 ps2handl.o
                0x20000241                kana_state
 .bss.caps_state
                0x20000242        0x1 ps2handl.o
                0x20000242                caps_state
 .bss.echo_received
                0x20000243        0x1 ps2handl.o
                0x20000243                echo_received
 .bss.command_running
                0x20000244        0x1 ps2handl.o
                0x20000244                command_running
 .bss.ps2numlockstate
                0x20000245        0x1 ps2handl.o
                0x20000245                ps2numlockstate
 .bss.ps2_keyb_detected
                0x20000246        0x1 ps2handl.o
                0x20000246                ps2_keyb_detected
 .bss.update_ps2_leds
                0x20000247        0x1 ps2handl.o
                0x20000247                update_ps2_leds
 .bss.formerps2datapin
                0x20000248        0x1 ps2handl.o
                0x20000248                formerps2datapin
 *fill*         0x20000249        0x3 
 .bss.ps2int_prev_systicks
                0x2000024c        0x4 ps2handl.o
                0x2000024c                ps2int_prev_systicks
 .bss.prev_systicks
                0x20000250        0x4 ps2handl.o
                0x20000250                prev_systicks
 .bss.argument  0x20000254        0x1 ps2handl.o
                0x20000254                argument
 .bss.command   0x20000255        0x1 ps2handl.o
                0x20000255                command
 .bss.ps2int_RX_bit_idx
                0x20000256        0x1 ps2handl.o
                0x20000256                ps2int_RX_bit_idx
 .bss.ps2int_TX_bit_idx
                0x20000257        0x1 ps2handl.o
                0x20000257                ps2int_TX_bit_idx
 .bss.ps2int_state
                0x20000258        0x2 ps2handl.o
                0x20000258                ps2int_state
 .bss.compatible_database
                0x2000025a        0x1 dbasemgt.o
                0x2000025a                compatible_database
 .bss.flash_locked
                0x2000025b        0x1 dbasemgt.o
                0x2000025b                flash_locked
 .bss.abort_intelhex_reception
                0x2000025c        0x1 get_intelhex.o
                0x2000025c                abort_intelhex_reception
 .bss.error_intel_hex
                0x2000025d        0x1 get_intelhex.o
                0x2000025d                error_intel_hex
 .bss.fail_count
                0x2000025e        0x2 sys_timer.o
                0x2000025e                fail_count
 .bss.last_ps2_fails
                0x20000260        0x2 sys_timer.o
                0x20000260                last_ps2_fails
 .bss.ticks_keys
                0x20000262        0x2 sys_timer.o
                0x20000262                ticks_keys
 .bss.ticks     0x20000264        0x4 sys_timer.o
                0x20000264                ticks
 .bss.systicks  0x20000268        0x4 sys_timer.o
                0x20000268                systicks
 .bss.serial_no
                0x2000026c        0x9 serial_no.o
                0x2000026c                serial_no
 .bss.ok_to_rx  0x20000275        0x1 serial.o
                0x20000275                ok_to_rx
 .bss.last_dma_tx_set_number_of_data
                0x20000276        0x2 serial.o
                0x20000276                last_dma_tx_set_number_of_data
 .bss.buf_dma_rx
                0x20000278      0x100 serial.o
                0x20000278                buf_dma_rx
 .bss.dma_rx_ring
                0x20000378        0xc serial.o
                0x20000378                dma_rx_ring
 .bss.uart_rx_ring_buffer
                0x20000384      0x400 serial.o
                0x20000384                uart_rx_ring_buffer
 .bss.uart_tx_ring_buffer
                0x20000784      0x200 serial.o
                0x20000784                uart_tx_ring_buffer
 .bss.uart_rx_ring
                0x20000984        0xc serial.o
                0x20000984                uart_rx_ring
 .bss.uart_tx_ring
                0x20000990        0xc serial.o
                0x20000990                uart_tx_ring
 .bss.xonoff_sendnow
                0x2000099c        0x1 serial.o
                0x2000099c                xonoff_sendnow
 .bss.xoff_condition
                0x2000099d        0x1 serial.o
                0x2000099d                xoff_condition
 *fill*         0x2000099e        0x2 
 .bss.next_routine
                0x200009a0        0x4 hr_timer.o
                0x200009a0                next_routine
 *fill*         0x200009a4        0x4 
 .bss.acctimeps2data0
                0x200009a8        0x8 hr_timer.o
                0x200009a8                acctimeps2data0
 .bss.time_between_ps2clk
                0x200009b0        0x8 hr_timer.o
                0x200009b0                time_between_ps2clk
 .bss.TIM2_Update_Cnt
                0x200009b8        0x8 hr_timer.o
                0x200009b8                TIM2_Update_Cnt
 .bss.__sf      0x200009c0      0x138 /opt/gcc-arm-none/bin/../lib/gcc/arm-none-eabi/13.2.1/../../../../arm-none-eabi/lib/thumb/v7-m/nofp/libc.a(libc_a-findfp.o)
                0x200009c0                __sf
 .bss.errno     0x20000af8        0x4 /opt/gcc-arm-none/bin/../lib/gcc/arm-none-eabi/13.2.1/../../../../arm-none-eabi/lib/thumb/v7-m/nofp/libc.a(libc_a-reent.o)
                0x20000af8                errno
 *(COMMON)
                0x20000afc                        . = ALIGN (0x4)
                0x20000afc                        _ebss = .

/DISCARD/
 *(.eh_frame)
                0x20000afc                        . = ALIGN (0x4)
                0x20000afc                        end = .
                0x20002800                        PROVIDE (_stack = (ORIGIN (ram) + LENGTH (ram)))
OUTPUT(ps2-msx-kb-convF1.elf elf32-littlearm)
LOAD linker stubs

.debug_info     0x00000000     0xe913
 .debug_info    0x00000000     0x1a1d msxmap.o
 .debug_info    0x00001a1d     0x1517 ps2handl.o
 .debug_info    0x00002f34     0x1017 dbasemgt.o
 .debug_info    0x00003f4b      0x82e get_intelhex.o
 .debug_info    0x00004779      0xdf8 sys_timer.o
 .debug_info    0x00005571      0x1ac serial_no.o
 .debug_info    0x0000571d     0x1a56 serial.o
 .debug_info    0x00007173      0x8a7 hr_timer.o
 .debug_info    0x00007a1a      0x6c7 SpecialFaultHandlers.o
 .debug_info    0x000080e1       0x5b newlib_warning_fix.o
 .debug_info    0x0000813c     0x17d3 ps2-msx-kb-conv.o
 .debug_info    0x0000990f      0x781 /home/evandro/Develop/libopencm3/lib//libopencm3_stm32f1.a(dma_common_l1f013.o)
 .debug_info    0x0000a090      0x222 /home/evandro/Develop/libopencm3/lib//libopencm3_stm32f1.a(exti_common_all.o)
 .debug_info    0x0000a2b2      0x343 /home/evandro/Develop/libopencm3/lib//libopencm3_stm32f1.a(flash.o)
 .debug_info    0x0000a5f5       0xb9 /home/evandro/Develop/libopencm3/lib//libopencm3_stm32f1.a(flash_common_f.o)
 .debug_info    0x0000a6ae      0x201 /home/evandro/Develop/libopencm3/lib//libopencm3_stm32f1.a(flash_common_f01.o)
 .debug_info    0x0000a8af      0x1fd /home/evandro/Develop/libopencm3/lib//libopencm3_stm32f1.a(gpio.o)
 .debug_info    0x0000aaac      0x256 /home/evandro/Develop/libopencm3/lib//libopencm3_stm32f1.a(gpio_common_all.o)
 .debug_info    0x0000ad02      0x190 /home/evandro/Develop/libopencm3/lib//libopencm3_stm32f1.a(iwdg_common_all.o)
 .debug_info    0x0000ae92     0x14d0 /home/evandro/Develop/libopencm3/lib//libopencm3_stm32f1.a(rcc.o)
 .debug_info    0x0000c362      0x60d /home/evandro/Develop/libopencm3/lib//libopencm3_stm32f1.a(rcc_common_all.o)
 .debug_info    0x0000c96f     0x1004 /home/evandro/Develop/libopencm3/lib//libopencm3_stm32f1.a(timer_common_all.o)
 .debug_info    0x0000d973      0x57e /home/evandro/Develop/libopencm3/lib//libopencm3_stm32f1.a(usart_common_all.o)
 .debug_info    0x0000def1      0x2c4 /home/evandro/Develop/libopencm3/lib//libopencm3_stm32f1.a(vector.o)
 .debug_info    0x0000e1b5      0x271 /home/evandro/Develop/libopencm3/lib//libopencm3_stm32f1.a(systick.o)
 .debug_info    0x0000e426       0xdb /home/evandro/Develop/libopencm3/lib//libopencm3_stm32f1.a(scb.o)
 .debug_info    0x0000e501      0x239 /home/evandro/Develop/libopencm3/lib//libopencm3_stm32f1.a(nvic.o)
 .debug_info    0x0000e73a       0xe8 /home/evandro/Develop/libopencm3/lib//libopencm3_stm32f1.a(desig_common_v1.o)
 .debug_info    0x0000e822       0xf1 /home/evandro/Develop/libopencm3/lib//libopencm3_stm32f1.a(flash_common_all.o)

.debug_abbrev   0x00000000     0x2d04
 .debug_abbrev  0x00000000      0x36a msxmap.o
 .debug_abbrev  0x0000036a      0x317 ps2handl.o
 .debug_abbrev  0x00000681      0x291 dbasemgt.o
 .debug_abbrev  0x00000912      0x24e get_intelhex.o
 .debug_abbrev  0x00000b60      0x1e2 sys_timer.o
 .debug_abbrev  0x00000d42      0x100 serial_no.o
 .debug_abbrev  0x00000e42      0x460 serial.o
 .debug_abbrev  0x000012a2      0x1f3 hr_timer.o
 .debug_abbrev  0x00001495      0x10d SpecialFaultHandlers.o
 .debug_abbrev  0x000015a2       0x4b newlib_warning_fix.o
 .debug_abbrev  0x000015ed      0x2a2 ps2-msx-kb-conv.o
 .debug_abbrev  0x0000188f      0x168 /home/evandro/Develop/libopencm3/lib//libopencm3_stm32f1.a(dma_common_l1f013.o)
 .debug_abbrev  0x000019f7      0x103 /home/evandro/Develop/libopencm3/lib//libopencm3_stm32f1.a(exti_common_all.o)
 .debug_abbrev  0x00001afa      0x160 /home/evandro/Develop/libopencm3/lib//libopencm3_stm32f1.a(flash.o)
 .debug_abbrev  0x00001c5a       0x56 /home/evandro/Develop/libopencm3/lib//libopencm3_stm32f1.a(flash_common_f.o)
 .debug_abbrev  0x00001cb0       0xf5 /home/evandro/Develop/libopencm3/lib//libopencm3_stm32f1.a(flash_common_f01.o)
 .debug_abbrev  0x00001da5       0xd3 /home/evandro/Develop/libopencm3/lib//libopencm3_stm32f1.a(gpio.o)
 .debug_abbrev  0x00001e78      0x115 /home/evandro/Develop/libopencm3/lib//libopencm3_stm32f1.a(gpio_common_all.o)
 .debug_abbrev  0x00001f8d      0x120 /home/evandro/Develop/libopencm3/lib//libopencm3_stm32f1.a(iwdg_common_all.o)
 .debug_abbrev  0x000020ad      0x2be /home/evandro/Develop/libopencm3/lib//libopencm3_stm32f1.a(rcc.o)
 .debug_abbrev  0x0000236b      0x185 /home/evandro/Develop/libopencm3/lib//libopencm3_stm32f1.a(rcc_common_all.o)
 .debug_abbrev  0x000024f0      0x1ac /home/evandro/Develop/libopencm3/lib//libopencm3_stm32f1.a(timer_common_all.o)
 .debug_abbrev  0x0000269c      0x16f /home/evandro/Develop/libopencm3/lib//libopencm3_stm32f1.a(usart_common_all.o)
 .debug_abbrev  0x0000280b      0x149 /home/evandro/Develop/libopencm3/lib//libopencm3_stm32f1.a(vector.o)
 .debug_abbrev  0x00002954      0x14e /home/evandro/Develop/libopencm3/lib//libopencm3_stm32f1.a(systick.o)
 .debug_abbrev  0x00002aa2       0x88 /home/evandro/Develop/libopencm3/lib//libopencm3_stm32f1.a(scb.o)
 .debug_abbrev  0x00002b2a       0xb6 /home/evandro/Develop/libopencm3/lib//libopencm3_stm32f1.a(nvic.o)
 .debug_abbrev  0x00002be0       0x8e /home/evandro/Develop/libopencm3/lib//libopencm3_stm32f1.a(desig_common_v1.o)
 .debug_abbrev  0x00002c6e       0x96 /home/evandro/Develop/libopencm3/lib//libopencm3_stm32f1.a(flash_common_all.o)

.debug_loclists
                0x00000000     0x30b7
 .debug_loclists
                0x00000000      0x69c msxmap.o
 .debug_loclists
                0x0000069c      0x3ca ps2handl.o
 .debug_loclists
                0x00000a66      0x6d9 dbasemgt.o
 .debug_loclists
                0x0000113f      0x3d0 get_intelhex.o
 .debug_loclists
                0x0000150f       0x3b serial_no.o
 .debug_loclists
                0x0000154a      0x8b8 serial.o
 .debug_loclists
                0x00001e02       0x8b hr_timer.o
 .debug_loclists
                0x00001e8d       0xe7 SpecialFaultHandlers.o
 .debug_loclists
                0x00001f74       0x4f ps2-msx-kb-conv.o
 .debug_loclists
                0x00001fc3      0x4fa /home/evandro/Develop/libopencm3/lib//libopencm3_stm32f1.a(dma_common_l1f013.o)
 .debug_loclists
                0x000024bd       0x9a /home/evandro/Develop/libopencm3/lib//libopencm3_stm32f1.a(exti_common_all.o)
 .debug_loclists
                0x00002557       0x65 /home/evandro/Develop/libopencm3/lib//libopencm3_stm32f1.a(flash.o)
 .debug_loclists
                0x000025bc       0x86 /home/evandro/Develop/libopencm3/lib//libopencm3_stm32f1.a(flash_common_f01.o)
 .debug_loclists
                0x00002642       0xfd /home/evandro/Develop/libopencm3/lib//libopencm3_stm32f1.a(gpio.o)
 .debug_loclists
                0x0000273f       0x7e /home/evandro/Develop/libopencm3/lib//libopencm3_stm32f1.a(gpio_common_all.o)
 .debug_loclists
                0x000027bd       0x88 /home/evandro/Develop/libopencm3/lib//libopencm3_stm32f1.a(iwdg_common_all.o)
 .debug_loclists
                0x00002845      0x256 /home/evandro/Develop/libopencm3/lib//libopencm3_stm32f1.a(rcc.o)
 .debug_loclists
                0x00002a9b       0x68 /home/evandro/Develop/libopencm3/lib//libopencm3_stm32f1.a(rcc_common_all.o)
 .debug_loclists
                0x00002b03      0x1a2 /home/evandro/Develop/libopencm3/lib//libopencm3_stm32f1.a(timer_common_all.o)
 .debug_loclists
                0x00002ca5       0xf0 /home/evandro/Develop/libopencm3/lib//libopencm3_stm32f1.a(usart_common_all.o)
 .debug_loclists
                0x00002d95       0xb6 /home/evandro/Develop/libopencm3/lib//libopencm3_stm32f1.a(vector.o)
 .debug_loclists
                0x00002e4b      0x12c /home/evandro/Develop/libopencm3/lib//libopencm3_stm32f1.a(systick.o)
 .debug_loclists
                0x00002f77       0x23 /home/evandro/Develop/libopencm3/lib//libopencm3_stm32f1.a(scb.o)
 .debug_loclists
                0x00002f9a       0xdb /home/evandro/Develop/libopencm3/lib//libopencm3_stm32f1.a(nvic.o)
 .debug_loclists
                0x00003075       0x2b /home/evandro/Develop/libopencm3/lib//libopencm3_stm32f1.a(desig_common_v1.o)
 .debug_loclists
                0x000030a0       0x17 /home/evandro/Develop/libopencm3/lib//libopencm3_stm32f1.a(flash_common_all.o)

.debug_aranges  0x00000000      0xda0
 .debug_aranges
                0x00000000       0x70 msxmap.o
 .debug_aranges
                0x00000070       0xc0 ps2handl.o
 .debug_aranges
                0x00000130       0x48 dbasemgt.o
 .debug_aranges
                0x00000178       0x38 get_intelhex.o
 .debug_aranges
                0x000001b0       0x28 sys_timer.o
 .debug_aranges
                0x000001d8       0x20 serial_no.o
 .debug_aranges
                0x000001f8       0xe0 serial.o
 .debug_aranges
                0x000002d8       0x40 hr_timer.o
 .debug_aranges
                0x00000318       0x60 SpecialFaultHandlers.o
 .debug_aranges
                0x00000378       0x40 newlib_warning_fix.o
 .debug_aranges
                0x000003b8       0x28 ps2-msx-kb-conv.o
 .debug_aranges
                0x000003e0       0xe8 /home/evandro/Develop/libopencm3/lib//libopencm3_stm32f1.a(dma_common_l1f013.o)
 .debug_aranges
                0x000004c8       0x48 /home/evandro/Develop/libopencm3/lib//libopencm3_stm32f1.a(exti_common_all.o)
 .debug_aranges
                0x00000510       0x78 /home/evandro/Develop/libopencm3/lib//libopencm3_stm32f1.a(flash.o)
 .debug_aranges
                0x00000588       0x30 /home/evandro/Develop/libopencm3/lib//libopencm3_stm32f1.a(flash_common_f.o)
 .debug_aranges
                0x000005b8       0x48 /home/evandro/Develop/libopencm3/lib//libopencm3_stm32f1.a(flash_common_f01.o)
 .debug_aranges
                0x00000600       0x38 /home/evandro/Develop/libopencm3/lib//libopencm3_stm32f1.a(gpio.o)
 .debug_aranges
                0x00000638       0x50 /home/evandro/Develop/libopencm3/lib//libopencm3_stm32f1.a(gpio_common_all.o)
 .debug_aranges
                0x00000688       0x40 /home/evandro/Develop/libopencm3/lib//libopencm3_stm32f1.a(iwdg_common_all.o)
 .debug_aranges
                0x000006c8      0x170 /home/evandro/Develop/libopencm3/lib//libopencm3_stm32f1.a(rcc.o)
 .debug_aranges
                0x00000838       0x80 /home/evandro/Develop/libopencm3/lib//libopencm3_stm32f1.a(rcc_common_all.o)
 .debug_aranges
                0x000008b8      0x278 /home/evandro/Develop/libopencm3/lib//libopencm3_stm32f1.a(timer_common_all.o)
 .debug_aranges
                0x00000b30       0xd8 /home/evandro/Develop/libopencm3/lib//libopencm3_stm32f1.a(usart_common_all.o)
 .debug_aranges
                0x00000c08       0x30 /home/evandro/Develop/libopencm3/lib//libopencm3_stm32f1.a(vector.o)
 .debug_aranges
                0x00000c38       0x78 /home/evandro/Develop/libopencm3/lib//libopencm3_stm32f1.a(systick.o)
 .debug_aranges
                0x00000cb0       0x30 /home/evandro/Develop/libopencm3/lib//libopencm3_stm32f1.a(scb.o)
 .debug_aranges
                0x00000ce0       0x60 /home/evandro/Develop/libopencm3/lib//libopencm3_stm32f1.a(nvic.o)
 .debug_aranges
                0x00000d40       0x28 /home/evandro/Develop/libopencm3/lib//libopencm3_stm32f1.a(desig_common_v1.o)
 .debug_aranges
                0x00000d68       0x38 /home/evandro/Develop/libopencm3/lib//libopencm3_stm32f1.a(flash_common_all.o)

.debug_rnglists
                0x00000000      0xbbb
 .debug_rnglists
                0x00000000       0x61 msxmap.o
 .debug_rnglists
                0x00000061       0xdb ps2handl.o
 .debug_rnglists
                0x0000013c       0xb5 dbasemgt.o
 .debug_rnglists
                0x000001f1       0x28 get_intelhex.o
 .debug_rnglists
                0x00000219       0x1a sys_timer.o
 .debug_rnglists
                0x00000233       0x13 serial_no.o
 .debug_rnglists
                0x00000246      0x12b serial.o
 .debug_rnglists
                0x00000371       0x39 hr_timer.o
 .debug_rnglists
                0x000003aa       0x44 SpecialFaultHandlers.o
 .debug_rnglists
                0x000003ee       0x2b newlib_warning_fix.o
 .debug_rnglists
                0x00000419       0x26 ps2-msx-kb-conv.o
 .debug_rnglists
                0x0000043f       0xa9 /home/evandro/Develop/libopencm3/lib//libopencm3_stm32f1.a(dma_common_l1f013.o)
 .debug_rnglists
                0x000004e8       0x3f /home/evandro/Develop/libopencm3/lib//libopencm3_stm32f1.a(exti_common_all.o)
 .debug_rnglists
                0x00000527       0x56 /home/evandro/Develop/libopencm3/lib//libopencm3_stm32f1.a(flash.o)
 .debug_rnglists
                0x0000057d       0x1f /home/evandro/Develop/libopencm3/lib//libopencm3_stm32f1.a(flash_common_f.o)
 .debug_rnglists
                0x0000059c       0x31 /home/evandro/Develop/libopencm3/lib//libopencm3_stm32f1.a(flash_common_f01.o)
 .debug_rnglists
                0x000005cd       0x25 /home/evandro/Develop/libopencm3/lib//libopencm3_stm32f1.a(gpio.o)
 .debug_rnglists
                0x000005f2       0x37 /home/evandro/Develop/libopencm3/lib//libopencm3_stm32f1.a(gpio_common_all.o)
 .debug_rnglists
                0x00000629       0x43 /home/evandro/Develop/libopencm3/lib//libopencm3_stm32f1.a(iwdg_common_all.o)
 .debug_rnglists
                0x0000066c      0x160 /home/evandro/Develop/libopencm3/lib//libopencm3_stm32f1.a(rcc.o)
 .debug_rnglists
                0x000007cc       0x5b /home/evandro/Develop/libopencm3/lib//libopencm3_stm32f1.a(rcc_common_all.o)
 .debug_rnglists
                0x00000827      0x1d6 /home/evandro/Develop/libopencm3/lib//libopencm3_stm32f1.a(timer_common_all.o)
 .debug_rnglists
                0x000009fd       0x9d /home/evandro/Develop/libopencm3/lib//libopencm3_stm32f1.a(usart_common_all.o)
 .debug_rnglists
                0x00000a9a       0x20 /home/evandro/Develop/libopencm3/lib//libopencm3_stm32f1.a(vector.o)
 .debug_rnglists
                0x00000aba       0x61 /home/evandro/Develop/libopencm3/lib//libopencm3_stm32f1.a(systick.o)
 .debug_rnglists
                0x00000b1b       0x1f /home/evandro/Develop/libopencm3/lib//libopencm3_stm32f1.a(scb.o)
 .debug_rnglists
                0x00000b3a       0x43 /home/evandro/Develop/libopencm3/lib//libopencm3_stm32f1.a(nvic.o)
 .debug_rnglists
                0x00000b7d       0x19 /home/evandro/Develop/libopencm3/lib//libopencm3_stm32f1.a(desig_common_v1.o)
 .debug_rnglists
                0x00000b96       0x25 /home/evandro/Develop/libopencm3/lib//libopencm3_stm32f1.a(flash_common_all.o)

.debug_macro    0x00000000     0xda23
 .debug_macro   0x00000000      0x4b9 msxmap.o
 .debug_macro   0x000004b9      0xc28 msxmap.o
 .debug_macro   0x000010e1       0x1c msxmap.o
 .debug_macro   0x000010fd       0x1c msxmap.o
 .debug_macro   0x00001119       0x22 msxmap.o
 .debug_macro   0x0000113b       0x8e msxmap.o
 .debug_macro   0x000011c9       0x51 msxmap.o
 .debug_macro   0x0000121a      0x103 msxmap.o
 .debug_macro   0x0000131d       0x6a msxmap.o
 .debug_macro   0x00001387      0x1df msxmap.o
 .debug_macro   0x00001566       0x16 msxmap.o
 .debug_macro   0x0000157c       0xe8 msxmap.o
 .debug_macro   0x00001664       0x76 msxmap.o
 .debug_macro   0x000016da       0x68 msxmap.o
 .debug_macro   0x00001742      0x1a2 msxmap.o
 .debug_macro   0x000018e4       0x6f msxmap.o
 .debug_macro   0x00001953      0x1ba msxmap.o
 .debug_macro   0x00001b0d      0x8c6 msxmap.o
 .debug_macro   0x000023d3       0x76 msxmap.o
 .debug_macro   0x00002449      0xe2e msxmap.o
 .debug_macro   0x00003277       0xee msxmap.o
 .debug_macro   0x00003365       0x28 msxmap.o
 .debug_macro   0x0000338d       0x94 msxmap.o
 .debug_macro   0x00003421      0x29e msxmap.o
 .debug_macro   0x000036bf      0xf8f msxmap.o
 .debug_macro   0x0000464e      0x1a2 msxmap.o
 .debug_macro   0x000047f0       0x10 msxmap.o
 .debug_macro   0x00004800      0x8de msxmap.o
 .debug_macro   0x000050de      0x130 msxmap.o
 .debug_macro   0x0000520e      0x4e2 msxmap.o
 .debug_macro   0x000056f0      0x39b msxmap.o
 .debug_macro   0x00005a8b       0x10 msxmap.o
 .debug_macro   0x00005a9b       0x7b msxmap.o
 .debug_macro   0x00005b16       0x24 msxmap.o
 .debug_macro   0x00005b3a       0x3c msxmap.o
 .debug_macro   0x00005b76       0x34 msxmap.o
 .debug_macro   0x00005baa      0x197 msxmap.o
 .debug_macro   0x00005d41      0x38c msxmap.o
 .debug_macro   0x000060cd       0x16 msxmap.o
 .debug_macro   0x000060e3       0x4a msxmap.o
 .debug_macro   0x0000612d       0x34 msxmap.o
 .debug_macro   0x00006161       0x10 msxmap.o
 .debug_macro   0x00006171       0x58 msxmap.o
 .debug_macro   0x000061c9      0x1de msxmap.o
 .debug_macro   0x000063a7      0x23c msxmap.o
 .debug_macro   0x000065e3       0x16 msxmap.o
 .debug_macro   0x000065f9       0x3c msxmap.o
 .debug_macro   0x00006635       0x10 msxmap.o
 .debug_macro   0x00006645       0x1c msxmap.o
 .debug_macro   0x00006661       0x16 msxmap.o
 .debug_macro   0x00006677      0x138 msxmap.o
 .debug_macro   0x000067af       0x16 msxmap.o
 .debug_macro   0x000067c5       0x16 msxmap.o
 .debug_macro   0x000067db       0x10 msxmap.o
 .debug_macro   0x000067eb       0x1c msxmap.o
 .debug_macro   0x00006807       0x52 msxmap.o
 .debug_macro   0x00006859       0x22 msxmap.o
 .debug_macro   0x0000687b       0x10 msxmap.o
 .debug_macro   0x0000688b       0x52 msxmap.o
 .debug_macro   0x000068dd       0xc1 msxmap.o
 .debug_macro   0x0000699e       0x1c msxmap.o
 .debug_macro   0x000069ba       0x3d msxmap.o
 .debug_macro   0x000069f7      0x51a msxmap.o
 .debug_macro   0x00006f11      0x4f5 msxmap.o
 .debug_macro   0x00007406       0x65 msxmap.o
 .debug_macro   0x0000746b       0x10 msxmap.o
 .debug_macro   0x0000747b       0xee msxmap.o
 .debug_macro   0x00007569       0x82 msxmap.o
 .debug_macro   0x000075eb      0x38c ps2handl.o
 .debug_macro   0x00007977      0xac0 ps2handl.o
 .debug_macro   0x00008437       0x1c ps2handl.o
 .debug_macro   0x00008453       0x56 ps2handl.o
 .debug_macro   0x000084a9       0x22 ps2handl.o
 .debug_macro   0x000084cb       0x34 ps2handl.o
 .debug_macro   0x000084ff      0x189 ps2handl.o
 .debug_macro   0x00008688      0x38c ps2handl.o
 .debug_macro   0x00008a14       0x4a ps2handl.o
 .debug_macro   0x00008a5e       0x3c ps2handl.o
 .debug_macro   0x00008a9a       0x16 ps2handl.o
 .debug_macro   0x00008ab0      0x12a ps2handl.o
 .debug_macro   0x00008bda       0xaa ps2handl.o
 .debug_macro   0x00008c84      0x4fe ps2handl.o
 .debug_macro   0x00009182      0x3a6 dbasemgt.o
 .debug_macro   0x00009528      0x1b4 dbasemgt.o
 .debug_macro   0x000096dc       0x9e dbasemgt.o
 .debug_macro   0x0000977a      0x10b dbasemgt.o
 .debug_macro   0x00009885      0x242 dbasemgt.o
 .debug_macro   0x00009ac7       0x6e dbasemgt.o
 .debug_macro   0x00009b35      0x378 get_intelhex.o
 .debug_macro   0x00009ead      0x464 sys_timer.o
 .debug_macro   0x0000a311       0x70 sys_timer.o
 .debug_macro   0x0000a381      0x34a serial_no.o
 .debug_macro   0x0000a6cb      0x33b serial.o
 .debug_macro   0x0000aa06       0x9e serial.o
 .debug_macro   0x0000aaa4      0x338 hr_timer.o
 .debug_macro   0x0000addc      0x34e SpecialFaultHandlers.o
 .debug_macro   0x0000b12a       0x1b newlib_warning_fix.o
 .debug_macro   0x0000b145      0x4b2 ps2-msx-kb-conv.o
 .debug_macro   0x0000b5f7       0xb3 /home/evandro/Develop/libopencm3/lib//libopencm3_stm32f1.a(dma_common_l1f013.o)
 .debug_macro   0x0000b6aa      0xab4 /home/evandro/Develop/libopencm3/lib//libopencm3_stm32f1.a(dma_common_l1f013.o)
 .debug_macro   0x0000c15e       0x56 /home/evandro/Develop/libopencm3/lib//libopencm3_stm32f1.a(dma_common_l1f013.o)
 .debug_macro   0x0000c1b4       0x22 /home/evandro/Develop/libopencm3/lib//libopencm3_stm32f1.a(dma_common_l1f013.o)
 .debug_macro   0x0000c1d6       0xe4 /home/evandro/Develop/libopencm3/lib//libopencm3_stm32f1.a(exti_common_all.o)
 .debug_macro   0x0000c2ba       0xca /home/evandro/Develop/libopencm3/lib//libopencm3_stm32f1.a(flash.o)
 .debug_macro   0x0000c384       0xc0 /home/evandro/Develop/libopencm3/lib//libopencm3_stm32f1.a(flash_common_f.o)
 .debug_macro   0x0000c444       0xc0 /home/evandro/Develop/libopencm3/lib//libopencm3_stm32f1.a(flash_common_f01.o)
 .debug_macro   0x0000c504       0xb8 /home/evandro/Develop/libopencm3/lib//libopencm3_stm32f1.a(gpio.o)
 .debug_macro   0x0000c5bc       0xb8 /home/evandro/Develop/libopencm3/lib//libopencm3_stm32f1.a(gpio_common_all.o)
 .debug_macro   0x0000c674       0xc5 /home/evandro/Develop/libopencm3/lib//libopencm3_stm32f1.a(iwdg_common_all.o)
 .debug_macro   0x0000c739       0xe7 /home/evandro/Develop/libopencm3/lib//libopencm3_stm32f1.a(rcc.o)
 .debug_macro   0x0000c820       0x16 /home/evandro/Develop/libopencm3/lib//libopencm3_stm32f1.a(rcc.o)
 .debug_macro   0x0000c836       0xce /home/evandro/Develop/libopencm3/lib//libopencm3_stm32f1.a(rcc_common_all.o)
 .debug_macro   0x0000c904       0xc5 /home/evandro/Develop/libopencm3/lib//libopencm3_stm32f1.a(timer_common_all.o)
 .debug_macro   0x0000c9c9       0xda /home/evandro/Develop/libopencm3/lib//libopencm3_stm32f1.a(usart_common_all.o)
 .debug_macro   0x0000caa3       0xcf /home/evandro/Develop/libopencm3/lib//libopencm3_stm32f1.a(vector.o)
 .debug_macro   0x0000cb72      0x395 /home/evandro/Develop/libopencm3/lib//libopencm3_stm32f1.a(vector.o)
 .debug_macro   0x0000cf07       0x92 /home/evandro/Develop/libopencm3/lib//libopencm3_stm32f1.a(systick.o)
 .debug_macro   0x0000cf99       0x69 /home/evandro/Develop/libopencm3/lib//libopencm3_stm32f1.a(systick.o)
 .debug_macro   0x0000d002      0x145 /home/evandro/Develop/libopencm3/lib//libopencm3_stm32f1.a(scb.o)
 .debug_macro   0x0000d147       0x24 /home/evandro/Develop/libopencm3/lib//libopencm3_stm32f1.a(scb.o)
 .debug_macro   0x0000d16b       0x5c /home/evandro/Develop/libopencm3/lib//libopencm3_stm32f1.a(scb.o)
 .debug_macro   0x0000d1c7       0x8d /home/evandro/Develop/libopencm3/lib//libopencm3_stm32f1.a(scb.o)
 .debug_macro   0x0000d254       0x43 /home/evandro/Develop/libopencm3/lib//libopencm3_stm32f1.a(scb.o)
 .debug_macro   0x0000d297       0x10 /home/evandro/Develop/libopencm3/lib//libopencm3_stm32f1.a(scb.o)
 .debug_macro   0x0000d2a7      0x1de /home/evandro/Develop/libopencm3/lib//libopencm3_stm32f1.a(scb.o)
 .debug_macro   0x0000d485      0x385 /home/evandro/Develop/libopencm3/lib//libopencm3_stm32f1.a(scb.o)
 .debug_macro   0x0000d80a       0xb3 /home/evandro/Develop/libopencm3/lib//libopencm3_stm32f1.a(nvic.o)
 .debug_macro   0x0000d8bd       0xa6 /home/evandro/Develop/libopencm3/lib//libopencm3_stm32f1.a(desig_common_v1.o)
 .debug_macro   0x0000d963       0xc0 /home/evandro/Develop/libopencm3/lib//libopencm3_stm32f1.a(flash_common_all.o)

.debug_line     0x00000000     0xdad3
 .debug_line    0x00000000     0x1517 msxmap.o
 .debug_line    0x00001517     0x1508 ps2handl.o
 .debug_line    0x00002a1f      0xe85 dbasemgt.o
 .debug_line    0x000038a4      0xa7c get_intelhex.o
 .debug_line    0x00004320      0x881 sys_timer.o
 .debug_line    0x00004ba1      0x69a serial_no.o
 .debug_line    0x0000523b     0x1195 serial.o
 .debug_line    0x000063d0      0x856 hr_timer.o
 .debug_line    0x00006c26      0x7a7 SpecialFaultHandlers.o
 .debug_line    0x000073cd       0xa5 newlib_warning_fix.o
 .debug_line    0x00007472      0xc0e ps2-msx-kb-conv.o
 .debug_line    0x00008080      0x5ed /home/evandro/Develop/libopencm3/lib//libopencm3_stm32f1.a(dma_common_l1f013.o)
 .debug_line    0x0000866d      0x3f6 /home/evandro/Develop/libopencm3/lib//libopencm3_stm32f1.a(exti_common_all.o)
 .debug_line    0x00008a63      0x56a /home/evandro/Develop/libopencm3/lib//libopencm3_stm32f1.a(flash.o)
 .debug_line    0x00008fcd      0x2e4 /home/evandro/Develop/libopencm3/lib//libopencm3_stm32f1.a(flash_common_f.o)
 .debug_line    0x000092b1      0x3a6 /home/evandro/Develop/libopencm3/lib//libopencm3_stm32f1.a(flash_common_f01.o)
 .debug_line    0x00009657      0x37d /home/evandro/Develop/libopencm3/lib//libopencm3_stm32f1.a(gpio.o)
 .debug_line    0x000099d4      0x369 /home/evandro/Develop/libopencm3/lib//libopencm3_stm32f1.a(gpio_common_all.o)
 .debug_line    0x00009d3d      0x390 /home/evandro/Develop/libopencm3/lib//libopencm3_stm32f1.a(iwdg_common_all.o)
 .debug_line    0x0000a0cd      0xcfa /home/evandro/Develop/libopencm3/lib//libopencm3_stm32f1.a(rcc.o)
 .debug_line    0x0000adc7      0x410 /home/evandro/Develop/libopencm3/lib//libopencm3_stm32f1.a(rcc_common_all.o)
 .debug_line    0x0000b1d7     0x1069 /home/evandro/Develop/libopencm3/lib//libopencm3_stm32f1.a(timer_common_all.o)
 .debug_line    0x0000c240      0x5ca /home/evandro/Develop/libopencm3/lib//libopencm3_stm32f1.a(usart_common_all.o)
 .debug_line    0x0000c80a      0x3bb /home/evandro/Develop/libopencm3/lib//libopencm3_stm32f1.a(vector.o)
 .debug_line    0x0000cbc5      0x35f /home/evandro/Develop/libopencm3/lib//libopencm3_stm32f1.a(systick.o)
 .debug_line    0x0000cf24      0x2a0 /home/evandro/Develop/libopencm3/lib//libopencm3_stm32f1.a(scb.o)
 .debug_line    0x0000d1c4      0x391 /home/evandro/Develop/libopencm3/lib//libopencm3_stm32f1.a(nvic.o)
 .debug_line    0x0000d555      0x264 /home/evandro/Develop/libopencm3/lib//libopencm3_stm32f1.a(desig_common_v1.o)
 .debug_line    0x0000d7b9      0x31a /home/evandro/Develop/libopencm3/lib//libopencm3_stm32f1.a(flash_common_all.o)

.debug_str      0x00000000    0x23037
 .debug_str     0x00000000    0x23037 msxmap.o
                              0x1eafb (size before relaxing)
 .debug_str     0x00023037    0x1d47c ps2handl.o
 .debug_str     0x00023037    0x1d8cc dbasemgt.o
 .debug_str     0x00023037    0x1d80d get_intelhex.o
 .debug_str     0x00023037    0x1e997 sys_timer.o
 .debug_str     0x00023037    0x1cda1 serial_no.o
 .debug_str     0x00023037    0x1d73c serial.o
 .debug_str     0x00023037    0x1d36d hr_timer.o
 .debug_str     0x00023037    0x1ce09 SpecialFaultHandlers.o
 .debug_str     0x00023037     0x2e5a newlib_warning_fix.o
 .debug_str     0x00023037    0x1efc9 ps2-msx-kb-conv.o
 .debug_str     0x00023037     0x6d07 /home/evandro/Develop/libopencm3/lib//libopencm3_stm32f1.a(dma_common_l1f013.o)
 .debug_str     0x00023037     0x8abc /home/evandro/Develop/libopencm3/lib//libopencm3_stm32f1.a(exti_common_all.o)
 .debug_str     0x00023037     0x5738 /home/evandro/Develop/libopencm3/lib//libopencm3_stm32f1.a(flash.o)
 .debug_str     0x00023037     0x559d /home/evandro/Develop/libopencm3/lib//libopencm3_stm32f1.a(flash_common_f.o)
 .debug_str     0x00023037     0x5672 /home/evandro/Develop/libopencm3/lib//libopencm3_stm32f1.a(flash_common_f01.o)
 .debug_str     0x00023037     0x8693 /home/evandro/Develop/libopencm3/lib//libopencm3_stm32f1.a(gpio.o)
 .debug_str     0x00023037     0x8687 /home/evandro/Develop/libopencm3/lib//libopencm3_stm32f1.a(gpio_common_all.o)
 .debug_str     0x00023037     0x5037 /home/evandro/Develop/libopencm3/lib//libopencm3_stm32f1.a(iwdg_common_all.o)
 .debug_str     0x00023037     0x82e8 /home/evandro/Develop/libopencm3/lib//libopencm3_stm32f1.a(rcc.o)
 .debug_str     0x00023037     0x79f6 /home/evandro/Develop/libopencm3/lib//libopencm3_stm32f1.a(rcc_common_all.o)
 .debug_str     0x00023037     0xbf92 /home/evandro/Develop/libopencm3/lib//libopencm3_stm32f1.a(timer_common_all.o)
 .debug_str     0x00023037     0x8608 /home/evandro/Develop/libopencm3/lib//libopencm3_stm32f1.a(usart_common_all.o)
 .debug_str     0x00023037     0x66cd /home/evandro/Develop/libopencm3/lib//libopencm3_stm32f1.a(vector.o)
 .debug_str     0x00023037     0x45a8 /home/evandro/Develop/libopencm3/lib//libopencm3_stm32f1.a(systick.o)
 .debug_str     0x00023037     0x8367 /home/evandro/Develop/libopencm3/lib//libopencm3_stm32f1.a(scb.o)
 .debug_str     0x00023037     0x5caf /home/evandro/Develop/libopencm3/lib//libopencm3_stm32f1.a(nvic.o)
 .debug_str     0x00023037     0x4e12 /home/evandro/Develop/libopencm3/lib//libopencm3_stm32f1.a(desig_common_v1.o)
 .debug_str     0x00023037     0x55cc /home/evandro/Develop/libopencm3/lib//libopencm3_stm32f1.a(flash_common_all.o)

.comment        0x00000000       0x99
 .comment       0x00000000       0x99 msxmap.o
                                 0x45 (size before relaxing)
 .comment       0x00000099       0x45 ps2handl.o
 .comment       0x00000099       0x45 dbasemgt.o
 .comment       0x00000099       0x45 get_intelhex.o
 .comment       0x00000099       0x45 sys_timer.o
 .comment       0x00000099       0x45 serial_no.o
 .comment       0x00000099       0x45 serial.o
 .comment       0x00000099       0x45 hr_timer.o
 .comment       0x00000099       0x45 SpecialFaultHandlers.o
 .comment       0x00000099       0x45 newlib_warning_fix.o
 .comment       0x00000099       0x45 ps2-msx-kb-conv.o